Archive member included because of file (symbol)

/cygdrive/c/TWESDK/TWESDK/Wks_ToCoNet/Samp_I2C2/../../Wks_libToCoNet/libToCoNet/lib/libToCoNet_JN5164.a(ToCoNet_event.o)
                              objs_JN5164/Main.o (_PRSEV_u8Register)
/cygdrive/c/TWESDK/TWESDK/Wks_ToCoNet/Samp_I2C2/../../Wks_libToCoNet/libToCoNet/lib/libToCoNet_JN5164.a(ToCoNet_main.o)
                              objs_JN5164/Main.o (_ToCoNet_vDebugInit)
/cygdrive/c/TWESDK/TWESDK/Wks_ToCoNet/Samp_I2C2/../../Wks_libToCoNet/libToCoNet/lib/libToCoNet_JN5164.a(ToCoNet_utils.o)
                              /cygdrive/c/TWESDK/TWESDK/Wks_ToCoNet/Samp_I2C2/../../Wks_libToCoNet/libToCoNet/lib/libToCoNet_JN5164.a(ToCoNet_main.o) (_ToCoNet_u32GetVersion)
/cygdrive/c/TWESDK/TWESDK/Wks_ToCoNet/Samp_I2C2/../../Wks_libToCoNet/libToCoNet/lib/libToCoNet_JN5164.a(ToCoNet_mod_Tx.o)
                              objs_JN5164/Main.o (_ToCoNet_vReg_mod_Tx_Standard)
/cygdrive/c/TWESDK/TWESDK/Wks_ToCoNet/Samp_I2C2/../../Wks_libToCoNet/libToCoNet/lib/libToCoNet_JN5164.a(ToCoNet_mod_TxRxQueue.o)
                              objs_JN5164/Main.o (_ToCoNet_vReg_mod_TxRxQueueMid)
/cygdrive/c/TWESDK/TWESDK/Wks_ToCoNet/Samp_I2C2/../../Wks_libToCoNet/libToCoNet/lib/libToCoNet_JN5164.a(ToCoNet_mod_Nwk_Common.o)
                              /cygdrive/c/TWESDK/TWESDK/Wks_ToCoNet/Samp_I2C2/../../Wks_libToCoNet/libToCoNet/lib/libToCoNet_JN5164.a(ToCoNet_main.o) (_ToCoNet_vRxProc_App)
/cygdrive/c/TWESDK/TWESDK/Wks_ToCoNet/Samp_I2C2/../../Wks_libToCoNet/libToCoNet/lib/libToCoNet_JN5164.a(ToCoNet_mod_Channel_Mgr.o)
                              /cygdrive/c/TWESDK/TWESDK/Wks_ToCoNet/Samp_I2C2/../../Wks_libToCoNet/libToCoNet/lib/libToCoNet_JN5164.a(ToCoNet_main.o) (_ToCoNet_ChMgr_bCh_Reconfig)
/cygdrive/c/TWESDK/TWESDK/Wks_ToCoNet/Samp_I2C2/../../Wks_libToCoNet/libToCoNet/lib/libToCoNet_JN5164.a(Version.o)
                              /cygdrive/c/TWESDK/TWESDK/Wks_ToCoNet/Samp_I2C2/../../Wks_libToCoNet/libToCoNet/lib/libToCoNet_JN5164.a(ToCoNet_utils.o) (_au8ToCoNetVersionInfo)
/cygdrive/c/TWESDK/TWESDK/Wks_ToCoNet/Samp_I2C2/../../Wks_libToCoNet/libToCoNet/lib/libToCoNet_JN5164.a(AppQueueApi_ToCoNet.o)
                              /cygdrive/c/TWESDK/TWESDK/Wks_ToCoNet/Samp_I2C2/../../Wks_libToCoNet/libToCoNet/lib/libToCoNet_JN5164.a(ToCoNet_main.o) (_psAppQApiReadHwIndT)
/cygdrive/c/TWESDK/TWESDK/Wks_ToCoNet/Samp_I2C2/../../Wks_libToCoNet/libToCoNet/lib/libToCoNetExt_JN5164.a(AppStart.o)
                              /cygdrive/c/TWESDK/TWESDK/Wks_ToCoNet/Samp_I2C2/../../Wks_libToCoNet/libToCoNet/lib/libToCoNet_JN5164.a(ToCoNet_mod_Channel_Mgr.o) (__ToCoNet_bRfChChannel)
/cygdrive/c/TWESDK/TWESDK/Wks_ToCoNet/Samp_I2C2/../../Wks_libToCoNet/libToCoNet/lib/libToCoNetExt_JN5164.a(getMacAddr.o)
                              /cygdrive/c/TWESDK/TWESDK/Wks_ToCoNet/Samp_I2C2/../../Wks_libToCoNet/libToCoNet/lib/libToCoNet_JN5164.a(ToCoNet_main.o) (_ToCoNet_u32GetSerialOnBoot)
/cygdrive/c/TWESDK/TWESDK/Wks_ToCoNet/Samp_I2C2/../../Wks_libToCoNet/libToCoNet/lib/libToCoNetExt_JN5164.a(mac.o)
                              /cygdrive/c/TWESDK/TWESDK/Wks_ToCoNet/Samp_I2C2/../../Wks_libToCoNet/libToCoNet/lib/libToCoNet_JN5164.a(ToCoNet_main.o) (_Mac_bRxQueueReg)
/cygdrive/c/TWESDK/TWESDK/Wks_ToCoNet/Samp_I2C2/../../Wks_libToCoNet/libToCoNet/lib/libToCoNetExt_JN5164.a(AES_CCM.o)
                              /cygdrive/c/TWESDK/TWESDK/Wks_ToCoNet/Samp_I2C2/../../Wks_libToCoNet/libToCoNet/lib/libToCoNetExt_JN5164.a(mac.o) (_bAES_CCM_Encode)
/cygdrive/c/TWESDK/TWESDK/Wks_ToCoNet/Samp_I2C2/../../Wks_libToCoNet/libToCoNet/lib/libToCoNetExt_JN5164.a(no_ack_handler.o)
                              /cygdrive/c/TWESDK/TWESDK/Wks_ToCoNet/Samp_I2C2/../../Wks_libToCoNet/libToCoNet/lib/libToCoNetExt_JN5164.a(AppStart.o) (_vInstallNoAckHandler)
/cygdrive/c/TWESDK/TWESDK/Wks_ToCoNet/Samp_I2C2/../../Wks_libToCoNet/libToCoNet/lib/libToCoNetExt_JN5164.a(Version.o)
                              /cygdrive/c/TWESDK/TWESDK/Wks_ToCoNet/Samp_I2C2/../../Wks_libToCoNet/libToCoNet/lib/libToCoNet_JN5164.a(ToCoNet_utils.o) (_au8ToCoNetExtVersionInfo)
/cygdrive/c/TWESDK/TWESDK/Wks_ToCoNet/Samp_I2C2/../../Wks_libToCoNet/libToCoNet/lib/libToCoNetExt_JN5164.a(AHI_FlashIndexSector.o)
                              /cygdrive/c/TWESDK/TWESDK/Wks_ToCoNet/Samp_I2C2/../../Wks_libToCoNet/libToCoNet/lib/libToCoNetExt_JN5164.a(AppStart.o) (_bAHI_ReadUserData)
/cygdrive/c/TWESDK/TWESDK/Wks_ToCoNet/Samp_I2C2/../../Wks_libToCoNet/libToCoNet/lib/libToCoNetUtils_JN5164.a(serial.o)
                              objs_JN5164/Main.o (_SERIAL_bRxQueueEmpty)
/cygdrive/c/TWESDK/TWESDK/Wks_ToCoNet/Samp_I2C2/../../Wks_libToCoNet/libToCoNet/lib/libToCoNetUtils_JN5164.a(uart.o)
                              /cygdrive/c/TWESDK/TWESDK/Wks_ToCoNet/Samp_I2C2/../../Wks_libToCoNet/libToCoNet/lib/libToCoNetUtils_JN5164.a(serial.o) (_UART_vSetTxInterrupt)
[...]
Memory Configuration

Name             Origin             Length             Attributes
flash            0x00080000         0x00028000
ram              0x0400004c         0x00007fb4
*default*        0x00000000         0xffffffff

Linker script and memory map

LOAD objs_JN5164/Main.o
LOAD objs_JN5164/SMBus.o
LOAD objs_JN5164/24XX00.o
LOAD objs_JN5164/SHT21.o
LOAD objs_JN5164/BH1715.o
LOAD /cygdrive/c/TWESDK/TWESDK/Wks_ToCoNet/Samp_I2C2/../../Wks_libToCoNet/libToCoNet/lib/libToCoNet_JN5164.a
LOAD /cygdrive/c/TWESDK/TWESDK/Wks_ToCoNet/Samp_I2C2/../../Wks_libToCoNet/libToCoNet/lib/libToCoNetExt_JN5164.a
LOAD /cygdrive/c/TWESDK/TWESDK/Wks_ToCoNet/Samp_I2C2/../../Wks_libToCoNet/libToCoNet/lib/libToCoNetUtils_JN5164.a
START GROUP
LOAD /cygdrive/c/TWESDK/TWESDK/516x/Components/Library/libAppApi_JN516x.a
LOAD /cygdrive/c/TWESDK/TWESDK/516x/Components/Library/libMac_JN516x.a
LOAD /cygdrive/c/TWESDK/TWESDK/516x/Components/Library/libTof_JN516x.a
LOAD /cygdrive/c/TWESDK/TWESDK/516x/Components/Library/libXcv_JN516x.a
LOAD /cygdrive/c/TWESDK/TWESDK/516x/Components/Library/libAES_CCM_SW_PATCH_JN516x.a
LOAD /cygdrive/c/TWESDK/TWESDK/516x/Components/Library/libAes_JN516x.a
LOAD /cygdrive/c/TWESDK/TWESDK/516x/Components/Library/libTimerServer_JN516x.a
LOAD /cygdrive/c/TWESDK/TWESDK/516x/Components/Library/libHardwareApi_JN516x.a
LOAD /cygdrive/c/TWESDK/TWESDK/516x/Components/Library/libMicroSpecific_JN516x.a
LOAD /cygdrive/c/TWESDK/TWESDK/516x/Components/Library/libBoot_JN516x.a
LOAD /cygdrive/c/TWESDK/TWESDK/516x/Components/Library/libMaths_JN516x.a
LOAD /cygdrive/c/TWESDK/TWESDK/Wks_ToCoNet/Samp_I2C2/../../Wks_libToCoNet/libToCoNet/lib/libToCoNet_JN5164.a
LOAD /cygdrive/c/TWESDK/TWESDK/Wks_ToCoNet/Samp_I2C2/../../Wks_libToCoNet/libToCoNet/lib/libToCoNetExt_JN5164.a
LOAD /cygdrive/c/TWESDK/TWESDK/Wks_ToCoNet/Samp_I2C2/../../Wks_libToCoNet/libToCoNet/lib/libToCoNetUtils_JN5164.a
END GROUP
LOAD /cygdrive/c/TWESDK/TWESDK/Tools/ba-elf-ba2/bin/../lib/gcc/ba-elf/4.1.2/ba2/libgcc.a
LOAD /cygdrive/c/TWESDK/TWESDK/Tools/ba-elf-ba2/bin/../lib/gcc/ba-elf/4.1.2/../../../../ba-elf/lib/ba2/libc.a
LOAD /cygdrive/c/TWESDK/TWESDK/Tools/ba-elf-ba2/bin/../lib/gcc/ba-elf/4.1.2/ba2/libgcc.a
                0x00001000                _stack_size = 0x1000
                0x00080038                __exception_vsr_table = 0x80038
                0x04000000                _pSPIflashFncTable = 0x4000000
                0x00001000                _stack_size = 0x1000
                0x00000044                restore_state = 0x44
                0x0000004a                _bZSPIWaitWIPClear = 0x4a
                0x00000050                _u16ZSPIflashRDID = 0x50
                0x00000056                _u8SelectFlashChipType = 0x56
                0x0000005c                _memcpy = 0x5c
                0x00000066                _vBootFlashProg = 0x66
                [0x00000d16]                _minimum_heap_size = DEFINED (_minimum_heap_size)?_minimum_heap_size:0xd16
                0x00000000                _SwConfig = (DEFINED (g_bSWConf_Debug) | (DEFINED (g_bSWConf_AltDebugPort) << 0x1))

.version        0x0007fffc        0x4
                0x0007fffc        0x4 LONG 0x4030008

.bir            0x00080000       0x10
                0x00080000                _flash_start = <code 342> (.)
                0x00080000                _flash_beg = <code 342> (.)
                0x00080000        0x4 LONG 0x12345678
                0x00080004        0x4 LONG 0x11223344
                0x00080008        0x4 LONG 0x55667788
                0x0008000c        0x1 BYTE 0x8
                0x0008000d        0x1 BYTE 0x1
                0x0008000e        0x2 SHORT 0x0

.flashheader    0x00080010       0x28
                0x00080010        0x4 LONG 0x0
                0x00080014        0x4 LONG 0x0
                0x00080018        0x4 LONG 0x0
                0x0008001c        0x2 SHORT 0x0
                0x0008001e        0x2 SHORT 0x0 <code 342> (_SwConfig)
                0x00080020                _enc_start = <code 342> (.)
                0x00080020        0x4 LONG 0xc4c8 <code 342> (_image_len)
                0x00000000                _enc_offset = (_enc_start & 0xf)
                [0x00000020]                _enc_start = (_enc_start - _flash_beg)
                0x00080024        0x4 LONG 0x8c498 <code 342> (_flash_data_start)
                0x00080028        0x2 SHORT 0x13 ((<code 342> (_ram_data_start) / 0x4) & 0xffff)
                0x0008002a        0x2 SHORT 0xc ((<code 342> (_ram_data_len) / 0x4) & 0xffff)
                0x0008002c        0x2 SHORT 0x1f ((<code 342> (_bss_start) / 0x4) & 0xffff)
                0x0008002e        0x2 SHORT 0x75f ((<code 342> (_bss_len) / 0x4) & 0xffff)
                0x00080030        0x4 LONG 0x82a96 <code 342> (_AppWarmStart)
                0x00080034        0x4 LONG 0x82c42 <code 342> (_AppColdStart)
                0x00000044                PROVIDE (_vException_BusError, restore_state)
                0x00000044                PROVIDE (_vException_UnalignedAccess, restore_state)
                0x00000044                PROVIDE (_vException_IllegalInstruction, restore_state)
                0x00000044                PROVIDE (_vException_SysCall, restore_state)
                0x00000044                PROVIDE (_vException_Trap, restore_state)
                0x00000044                PROVIDE (_vException_StackOverflow, restore_state)
                0x00080038                . = <code 342> (__exception_vsr_table)

.vsr_table      0x00080038       0x18
                0x00080038        0x4 LONG 0x44 <code 342> (_vException_BusError)
                0x0008003c        0x4 LONG 0x44 <code 342> (_vException_UnalignedAccess)
                0x00080040        0x4 LONG 0x44 <code 342> (_vException_IllegalInstruction)
                0x00080044        0x4 LONG 0x44 <code 342> (_vException_SysCall)
                0x00080048        0x4 LONG 0x44 <code 342> (_vException_Trap)
                0x0008004c        0x4 LONG 0x44 <code 342> (_vException_StackOverflow)

.vsr_handlers   0x00080050       0xab
 *(.vsr_handlers)
 .vsr_handlers  0x00080050       0xab /cygdrive/c/TWESDK/TWESDK/516x/Components/Library/libBoot_JN516x.a(ExceptionHandler.o)
                0x00080050                __exception_external_interrupt
                0x000800f9                __default_vsr_dummy

.rodata         0x000800fc      0x4c1
 *(.rodata*)
 .rodata.str1.1
                0x000800fc       0xc7 objs_JN5164/Main.o
                                 0xca (size before relaxing)
 .rodata.ADXL345_LOWENERGY_AXIS
                0x000801c3        0x3 objs_JN5164/BH1715.o
                0x000801c3                _ADXL345_LOWENERGY_AXIS
 .rodata.str1.1
                0x000801c6       0x11 /cygdrive/c/TWESDK/TWESDK/Wks_ToCoNet/Samp_I2C2/../../Wks_libToCoNet/libToCoNet/lib/libToCoNet_JN5164.a(ToCoNet_mod_Tx.o)
 *fill*         0x000801d7        0x1 00
 .rodata.asStateFuncTbl
                0x000801d8       0x38 /cygdrive/c/TWESDK/TWESDK/Wks_ToCoNet/Samp_I2C2/../../Wks_libToCoNet/libToCoNet/lib/libToCoNet_JN5164.a(ToCoNet_mod_Tx.o)
 .rodata.au8ToCoNetVersionInfo
                0x00080210        0xc /cygdrive/c/TWESDK/TWESDK/Wks_ToCoNet/Samp_I2C2/../../Wks_libToCoNet/libToCoNet/lib/libToCoNet_JN5164.a(Version.o)
                0x00080210                _au8ToCoNetVersionInfo
 .rodata.str1.1
                0x0008021c       0x11 /cygdrive/c/TWESDK/TWESDK/Wks_ToCoNet/Samp_I2C2/../../Wks_libToCoNet/libToCoNet/lib/libToCoNetExt_JN5164.a(AppStart.o)
 .rodata        0x0008022d       0x11 /cygdrive/c/TWESDK/TWESDK/Wks_ToCoNet/Samp_I2C2/../../Wks_libToCoNet/libToCoNet/lib/libToCoNetExt_JN5164.a(AppStart.o)
 .rodata.au8k.5340
                0x0008023e       0x20 /cygdrive/c/TWESDK/TWESDK/Wks_ToCoNet/Samp_I2C2/../../Wks_libToCoNet/libToCoNet/lib/libToCoNetExt_JN5164.a(AppStart.o)
 .rodata.au8k.5378
                0x0008025e       0x20 /cygdrive/c/TWESDK/TWESDK/Wks_ToCoNet/Samp_I2C2/../../Wks_libToCoNet/libToCoNet/lib/libToCoNetExt_JN5164.a(AppStart.o)
 .rodata.str1.1
                0x0008027e       0x11 /cygdrive/c/TWESDK/TWESDK/Wks_ToCoNet/Samp_I2C2/../../Wks_libToCoNet/libToCoNet/lib/libToCoNetExt_JN5164.a(mac.o)
 *fill*         0x0008028f        0x1 00
 .rodata.u32MacHigh_TOCOS
                0x00080290        0x4 /cygdrive/c/TWESDK/TWESDK/Wks_ToCoNet/Samp_I2C2/../../Wks_libToCoNet/libToCoNet/lib/libToCoNetExt_JN5164.a(mac.o)
                0x00080290                _u32MacHigh_TOCOS
 .rodata.u32MacLow_TOCOS
                0x00080294        0x4 /cygdrive/c/TWESDK/TWESDK/Wks_ToCoNet/Samp_I2C2/../../Wks_libToCoNet/libToCoNet/lib/libToCoNetExt_JN5164.a(mac.o)
                0x00080294                _u32MacLow_TOCOS
 .rodata.u8CRCTable
                0x00080298      0x100 /cygdrive/c/TWESDK/TWESDK/Wks_ToCoNet/Samp_I2C2/../../Wks_libToCoNet/libToCoNet/lib/libToCoNetUtils_JN5164.a(ccitt8.o)
 .rodata.str1.1
                0x00080398        0x7 /cygdrive/c/TWESDK/TWESDK/Wks_ToCoNet/Samp_I2C2/../../Wks_libToCoNet/libToCoNet/lib/libToCoNetUtils_JN5164.a(fprintf.o)
 *fill*         0x0008039f        0x1 00
 .rodata.s_sPibInit
                0x000803a0       0x18 /cygdrive/c/TWESDK/TWESDK/516x/Components/Library/libMac_JN516x.a(mac_pib_mlme.o)
 .rodata.aeXcvPhyEvtToScanEvt.4240
                0x000803b8       0x18 /cygdrive/c/TWESDK/TWESDK/516x/Components/Library/libMac_JN516x.a(mac_scan.o)
 .rodata.aeXcvBbcEvtToScanEvt.4230
                0x000803d0        0xa /cygdrive/c/TWESDK/TWESDK/516x/Components/Library/libMac_JN516x.a(mac_scan.o)
 .rodata.s_atScanEvtST
                0x000803da       0x31 /cygdrive/c/TWESDK/TWESDK/516x/Components/Library/libMac_JN516x.a(mac_scan.o)
 *fill*         0x0008040b        0x1 00
 .rodata.s_aprScanHandleEvt
                0x0008040c       0x30 /cygdrive/c/TWESDK/TWESDK/516x/Components/Library/libMac_JN516x.a(mac_scan.o)
 .rodata.psTAMcontext
                0x0008043c        0x4 /cygdrive/c/TWESDK/TWESDK/516x/Components/Library/libMac_JN516x.a(TAM.o)
                0x0008043c                _psTAMcontext
 .rodata.psTamMacContext
                0x00080440        0x4 /cygdrive/c/TWESDK/TWESDK/516x/Components/Library/libMac_JN516x.a(TAM.o)
                0x00080440                _psTamMacContext
 .rodata.psTamXcvContext
                0x00080444        0x4 /cygdrive/c/TWESDK/TWESDK/516x/Components/Library/libMac_JN516x.a(TAM.o)
                0x00080444                _psTamXcvContext
 .rodata.au8XcvToTAMevent.4757
                0x00080448        0xa /cygdrive/c/TWESDK/TWESDK/516x/Components/Library/libMac_JN516x.a(TAM.o)
 .rodata.au8HeaderSize.4215
                0x00080452        0xe /cygdrive/c/TWESDK/TWESDK/516x/Components/Library/libMac_JN516x.a(TAMcommon.o)
 .rodata.apvActionCalls
                0x00080460       0x88 /cygdrive/c/TWESDK/TWESDK/516x/Components/Library/libMac_JN516x.a(TAMevent.o)
                0x00080460                _apvActionCalls
 .rodata.au8StateActions
                0x000804e8       0x8c /cygdrive/c/TWESDK/TWESDK/516x/Components/Library/libMac_JN516x.a(TAMevent.o)
                0x000804e8                _au8StateActions
 .rodata.au8SizeInc.4433
                0x00080574        0x9 /cygdrive/c/TWESDK/TWESDK/516x/Components/Library/libMac_JN516x.a(TAMsecurity.o)
 .rodata.au8MICLenLUT.3714
                0x0008057d        0x4 /cygdrive/c/TWESDK/TWESDK/516x/Components/Library/libMac_JN516x.a(TAMsecurity.o)
 .rodata.au8FlashWaitStates32MXO
                0x00080581        0x8 /cygdrive/c/TWESDK/TWESDK/516x/Components/Library/libHardwareApi_JN516x.a(AHI_System.o)
 .rodata.au8FlashWaitStatesHSRCO
                0x00080589        0x8 /cygdrive/c/TWESDK/TWESDK/516x/Components/Library/libHardwareApi_JN516x.a(AHI_System.o)
 *fill*         0x00080591        0x3 00
 .rodata.au32TimerBaseAddress
                0x00080594       0x14 /cygdrive/c/TWESDK/TWESDK/516x/Components/Library/libHardwareApi_JN516x.a(AHI_Timer.o)
 .rodata.au32UartAddrOffset
                0x000805a8        0x8 /cygdrive/c/TWESDK/TWESDK/516x/Components/Library/libHardwareApi_JN516x.a(AHI_Uart.o)
                0x000805a8                _au32UartAddrOffset
 .rodata.au8dataSizeTable
                0x000805b0        0xd /cygdrive/c/TWESDK/TWESDK/516x/Components/Library/libAes_JN516x.a(AEScoprocessorAPI.o)
                0x000805b0                _au8dataSizeTable

.text           0x000805c0     0xbed7
 *(.text*)
 .text.cbToCoNet_vNwkEvent
                0x000805c0        0x3 objs_JN5164/Main.o
                0x000805c0                _cbToCoNet_vNwkEvent
 .text.cbToCoNet_vRxEvent
                0x000805c3        0x3 objs_JN5164/Main.o
                0x000805c3                _cbToCoNet_vRxEvent
 .text.cbToCoNet_vTxEvent
                0x000805c6        0x3 objs_JN5164/Main.o
                0x000805c6                _cbToCoNet_vTxEvent
 .text.cbToCoNet_u8HwInt
                0x000805c9        0x5 objs_JN5164/Main.o
                0x000805c9                _cbToCoNet_u8HwInt
 .text.sendData
                0x000805ce       0xab objs_JN5164/Main.o
                0x000805ce                _sendData
 .text.i16TransmitPingMessage
                0x00080679       0x88 objs_JN5164/Main.o
                0x00080679                _i16TransmitPingMessage
 .text.readInter
                0x00080701       0x35 objs_JN5164/Main.o
                0x00080701                _readInter
 .text.vSerialInit
                0x00080736       0x6f objs_JN5164/Main.o
                0x00080736                _vSerialInit
 .text.startADXL
                0x000807a5       0x48 objs_JN5164/Main.o
 .text.vProcessEvCore
                0x000807ed       0xb9 objs_JN5164/Main.o
 .text.cbToCoNet_vHwEvent
                0x000808a6      0x234 objs_JN5164/Main.o
                0x000808a6                _cbToCoNet_vHwEvent
 .text.cbToCoNet_vMain
                0x00080ada      0x191 objs_JN5164/Main.o
                0x00080ada                _cbToCoNet_vMain
 .text.vInitHardware
                0x00080c6b       0xc6 objs_JN5164/Main.o
 .text.cbAppWarmStart
                0x00080d31       0x73 objs_JN5164/Main.o
                0x00080d31                _cbAppWarmStart
 .text.cbAppColdStart
                0x00080da4       0x7c objs_JN5164/Main.o
                0x00080da4                _cbAppColdStart
 .text.bSMBusWait
                0x00080e20       0x3c objs_JN5164/SMBus.o
 .text.bSMBusSequentialRead
                0x00080e5c       0x73 objs_JN5164/SMBus.o
                0x00080e5c                _bSMBusSequentialRead
 .text.bSMBusWrite
                0x00080ecf       0x7a objs_JN5164/SMBus.o
                0x00080ecf                _bSMBusWrite
 .text.vSMBusInit
                0x00080f49        0xd objs_JN5164/SMBus.o
                0x00080f49                _vSMBusInit
 .text.bADXL345_LowEnergyStartRead
                0x00080f56        0x5 objs_JN5164/BH1715.o
                0x00080f56                _bADXL345_LowEnergyStartRead
 .text.bADXL345_LowEnergy_Setting
                0x00080f5b       0xe8 objs_JN5164/BH1715.o
                0x00080f5b                _bADXL345_LowEnergy_Setting
 .text.bGetAxis
                0x00081043       0x31 objs_JN5164/BH1715.o
 .text.i16ADXL345_LowEnergyReadResult
                0x00081074       0x49 objs_JN5164/BH1715.o
                0x00081074                _i16ADXL345_LowEnergyReadResult
 .text.i16ADXL345_ReadInter
                0x000810bd       0x2d objs_JN5164/BH1715.o
                0x000810bd                _i16ADXL345_ReadInter
 .text.PRSEV_u8Register
                0x000810ea       0x32 /cygdrive/c/TWESDK/TWESDK/Wks_ToCoNet/Samp_I2C2/../../Wks_libToCoNet/libToCoNet/lib/libToCoNet_JN5164.a(ToCoNet_event.o)
                0x000810ea                _PRSEV_u8Register
 .text.PRSEV_vSetStateAll
                0x0008111c       0x3b /cygdrive/c/TWESDK/TWESDK/Wks_ToCoNet/Samp_I2C2/../../Wks_libToCoNet/libToCoNet/lib/libToCoNet_JN5164.a(ToCoNet_event.o)
                0x0008111c                _PRSEV_vSetStateAll
 .text.PRSEV_vSetState
                0x00081157       0x10 /cygdrive/c/TWESDK/TWESDK/Wks_ToCoNet/Samp_I2C2/../../Wks_libToCoNet/libToCoNet/lib/libToCoNet_JN5164.a(ToCoNet_event.o)
                0x00081157                _PRSEV_vSetState
 .text.PRSEV_vProcessEv_core
                0x00081167       0x8f /cygdrive/c/TWESDK/TWESDK/Wks_ToCoNet/Samp_I2C2/../../Wks_libToCoNet/libToCoNet/lib/libToCoNet_JN5164.a(ToCoNet_event.o)
 .text.PRSEV_vProcessEvPost
                0x000811f6       0x35 /cygdrive/c/TWESDK/TWESDK/Wks_ToCoNet/Samp_I2C2/../../Wks_libToCoNet/libToCoNet/lib/libToCoNet_JN5164.a(ToCoNet_event.o)
                0x000811f6                _PRSEV_vProcessEvPost
 .text._PRSEV_vProcessEv
                0x0008122b       0x16 /cygdrive/c/TWESDK/TWESDK/Wks_ToCoNet/Samp_I2C2/../../Wks_libToCoNet/libToCoNet/lib/libToCoNet_JN5164.a(ToCoNet_event.o)
                0x0008122b                __PRSEV_vProcessEv
 .text._PRSEV_vProcessEvSingle
                0x00081241       0x14 /cygdrive/c/TWESDK/TWESDK/Wks_ToCoNet/Samp_I2C2/../../Wks_libToCoNet/libToCoNet/lib/libToCoNet_JN5164.a(ToCoNet_event.o)
                0x00081241                __PRSEV_vProcessEvSingle
 .text._PRSEV_vProcessEvSingleH
                0x00081255       0x16 /cygdrive/c/TWESDK/TWESDK/Wks_ToCoNet/Samp_I2C2/../../Wks_libToCoNet/libToCoNet/lib/libToCoNet_JN5164.a(ToCoNet_event.o)
                0x00081255                __PRSEV_vProcessEvSingleH
 .text.PRSEV_bPostEvent
                0x0008126b       0x24 /cygdrive/c/TWESDK/TWESDK/Wks_ToCoNet/Samp_I2C2/../../Wks_libToCoNet/libToCoNet/lib/libToCoNet_JN5164.a(ToCoNet_event.o)
                0x0008126b                _PRSEV_bPostEvent
 .text.ToCoNet_Event_StateExec
                0x0008128f       0x31 /cygdrive/c/TWESDK/TWESDK/Wks_ToCoNet/Samp_I2C2/../../Wks_libToCoNet/libToCoNet/lib/libToCoNet_JN5164.a(ToCoNet_event.o)
                0x0008128f                _ToCoNet_Event_StateExec
 .text.PRSEV_vInit
                0x000812c0       0x4d /cygdrive/c/TWESDK/TWESDK/Wks_ToCoNet/Samp_I2C2/../../Wks_libToCoNet/libToCoNet/lib/libToCoNet_JN5164.a(ToCoNet_event.o)
                0x000812c0                _PRSEV_vInit
 .text.ToCoNet_vDebugInit
                0x0008130d        0x9 /cygdrive/c/TWESDK/TWESDK/Wks_ToCoNet/Samp_I2C2/../../Wks_libToCoNet/libToCoNet/lib/libToCoNet_JN5164.a(ToCoNet_main.o)
                0x0008130d                _ToCoNet_vDebugInit
 .text.ToCoNet_vDebugLevel
                0x00081316        0x9 /cygdrive/c/TWESDK/TWESDK/Wks_ToCoNet/Samp_I2C2/../../Wks_libToCoNet/libToCoNet/lib/libToCoNet_JN5164.a(ToCoNet_main.o)
                0x00081316                _ToCoNet_vDebugLevel
 .text._ToCoNet_bRaisePanic
                0x0008131f       0x3b /cygdrive/c/TWESDK/TWESDK/Wks_ToCoNet/Samp_I2C2/../../Wks_libToCoNet/libToCoNet/lib/libToCoNet_JN5164.a(ToCoNet_main.o)
                0x0008131f                __ToCoNet_bRaisePanic
 .text.ToCoNet_bMacTxReq
                0x0008135a       0xfe /cygdrive/c/TWESDK/TWESDK/Wks_ToCoNet/Samp_I2C2/../../Wks_libToCoNet/libToCoNet/lib/libToCoNet_JN5164.a(ToCoNet_main.o)
                0x0008135a                _ToCoNet_bMacTxReq
 .text.ToCoNet_vMacStart
                0x00081458       0x11 /cygdrive/c/TWESDK/TWESDK/Wks_ToCoNet/Samp_I2C2/../../Wks_libToCoNet/libToCoNet/lib/libToCoNet_JN5164.a(ToCoNet_main.o)
                0x00081458                _ToCoNet_vMacStart
 .text.ToCoNet_vMain
                0x00081469      0x26c /cygdrive/c/TWESDK/TWESDK/Wks_ToCoNet/Samp_I2C2/../../Wks_libToCoNet/libToCoNet/lib/libToCoNet_JN5164.a(ToCoNet_main.o)
                0x00081469                _ToCoNet_vMain
 .text.vProcessEvCoreMac
                0x000816d5       0x7a /cygdrive/c/TWESDK/TWESDK/Wks_ToCoNet/Samp_I2C2/../../Wks_libToCoNet/libToCoNet/lib/libToCoNet_JN5164.a(ToCoNet_main.o)
                0x000816d5                _vProcessEvCoreMac
 .text.ToCoNet_vStart
                0x0008174f      0x3e2 /cygdrive/c/TWESDK/TWESDK/Wks_ToCoNet/Samp_I2C2/../../Wks_libToCoNet/libToCoNet/lib/libToCoNet_JN5164.a(ToCoNet_main.o)
                0x0008174f                _ToCoNet_vStart
 .text.ToCoNet_vInit
                0x00081b31      0x135 /cygdrive/c/TWESDK/TWESDK/Wks_ToCoNet/Samp_I2C2/../../Wks_libToCoNet/libToCoNet/lib/libToCoNet_JN5164.a(ToCoNet_main.o)
                0x00081b31                _ToCoNet_vInit
 .text.u8HwEventHandler
                0x00081c66       0x27 /cygdrive/c/TWESDK/TWESDK/Wks_ToCoNet/Samp_I2C2/../../Wks_libToCoNet/libToCoNet/lib/libToCoNet_JN5164.a(ToCoNet_main.o)
 .text.ToCoNet_u32GetVersion
                0x00081c8d       0x21 /cygdrive/c/TWESDK/TWESDK/Wks_ToCoNet/Samp_I2C2/../../Wks_libToCoNet/libToCoNet/lib/libToCoNet_JN5164.a(ToCoNet_utils.o)
                0x00081c8d                _ToCoNet_u32GetVersion
 .text.ToCoNet_u16GetPanId
                0x00081cae        0x9 /cygdrive/c/TWESDK/TWESDK/Wks_ToCoNet/Samp_I2C2/../../Wks_libToCoNet/libToCoNet/lib/libToCoNet_JN5164.a(ToCoNet_utils.o)
                0x00081cae                _ToCoNet_u16GetPanId
 .text.ToCoNet_u32GetSerial
                0x00081cb7        0x9 /cygdrive/c/TWESDK/TWESDK/Wks_ToCoNet/Samp_I2C2/../../Wks_libToCoNet/libToCoNet/lib/libToCoNet_JN5164.a(ToCoNet_utils.o)
                0x00081cb7                _ToCoNet_u32GetSerial
 .text.ToCoNet_u32GetRand
                0x00081cc0       0x65 /cygdrive/c/TWESDK/TWESDK/Wks_ToCoNet/Samp_I2C2/../../Wks_libToCoNet/libToCoNet/lib/libToCoNet_JN5164.a(ToCoNet_utils.o)
                0x00081cc0                _ToCoNet_u32GetRand
 .text.ToCoNet_vSleep
                0x00081d25      0x12b /cygdrive/c/TWESDK/TWESDK/Wks_ToCoNet/Samp_I2C2/../../Wks_libToCoNet/libToCoNet/lib/libToCoNet_JN5164.a(ToCoNet_utils.o)
                0x00081d25                _ToCoNet_vSleep
 .text.ToCoNet_vReg_mod_Tx_Standard
                0x00081e50       0x1d /cygdrive/c/TWESDK/TWESDK/Wks_ToCoNet/Samp_I2C2/../../Wks_libToCoNet/libToCoNet/lib/libToCoNet_JN5164.a(ToCoNet_mod_Tx.o)
                0x00081e50                _ToCoNet_vReg_mod_Tx_Standard
 .text.ToCoNet_Tx_vProcessQueue
                0x00081e6d       0x28 /cygdrive/c/TWESDK/TWESDK/Wks_ToCoNet/Samp_I2C2/../../Wks_libToCoNet/libToCoNet/lib/libToCoNet_JN5164.a(ToCoNet_mod_Tx.o)
                0x00081e6d                _ToCoNet_Tx_vProcessQueue
 .text.vProcessEvCoreTx
                0x00081e95       0x67 /cygdrive/c/TWESDK/TWESDK/Wks_ToCoNet/Samp_I2C2/../../Wks_libToCoNet/libToCoNet/lib/libToCoNet_JN5164.a(ToCoNet_mod_Tx.o)
 .text.vHnd_E_STATE_FINISH_TX_SUCCESS
                0x00081efc       0x9b /cygdrive/c/TWESDK/TWESDK/Wks_ToCoNet/Samp_I2C2/../../Wks_libToCoNet/libToCoNet/lib/libToCoNet_JN5164.a(ToCoNet_mod_Tx.o)
 .text.vHnd_E_STATE_WAIT_TX
                0x00081f97       0x71 /cygdrive/c/TWESDK/TWESDK/Wks_ToCoNet/Samp_I2C2/../../Wks_libToCoNet/libToCoNet/lib/libToCoNet_JN5164.a(ToCoNet_mod_Tx.o)
 .text.vHnd_E_STATE_PREPARE_TX
                0x00082008      0x160 /cygdrive/c/TWESDK/TWESDK/Wks_ToCoNet/Samp_I2C2/../../Wks_libToCoNet/libToCoNet/lib/libToCoNet_JN5164.a(ToCoNet_mod_Tx.o)
 .text.vHnd_E_STATE_IDLE
                0x00082168       0x49 /cygdrive/c/TWESDK/TWESDK/Wks_ToCoNet/Samp_I2C2/../../Wks_libToCoNet/libToCoNet/lib/libToCoNet_JN5164.a(ToCoNet_mod_Tx.o)
 .text.vHnd_E_STATE_RUNNING
                0x000821b1      0x202 /cygdrive/c/TWESDK/TWESDK/Wks_ToCoNet/Samp_I2C2/../../Wks_libToCoNet/libToCoNet/lib/libToCoNet_JN5164.a(ToCoNet_mod_Tx.o)
 .text.vHnd_E_STATE_FINISH_TX_FAIL
                0x000823b3       0xc2 /cygdrive/c/TWESDK/TWESDK/Wks_ToCoNet/Samp_I2C2/../../Wks_libToCoNet/libToCoNet/lib/libToCoNet_JN5164.a(ToCoNet_mod_Tx.o)
 .text.ToCoNet_vReg_mod_TxRxQueueMid
                0x00082475       0x84 /cygdrive/c/TWESDK/TWESDK/Wks_ToCoNet/Samp_I2C2/../../Wks_libToCoNet/libToCoNet/lib/libToCoNet_JN5164.a(ToCoNet_mod_TxRxQueue.o)
                0x00082475                _ToCoNet_vReg_mod_TxRxQueueMid
 .text.ToCoNet_vRxProc_App
                0x000824f9       0x81 /cygdrive/c/TWESDK/TWESDK/Wks_ToCoNet/Samp_I2C2/../../Wks_libToCoNet/libToCoNet/lib/libToCoNet_JN5164.a(ToCoNet_mod_Nwk_Common.o)
                0x000824f9                _ToCoNet_vRxProc_App
 .text.ToCoNet_vRxProc_Mod
                0x0008257a       0x49 /cygdrive/c/TWESDK/TWESDK/Wks_ToCoNet/Samp_I2C2/../../Wks_libToCoNet/libToCoNet/lib/libToCoNet_JN5164.a(ToCoNet_mod_Nwk_Common.o)
                0x0008257a                _ToCoNet_vRxProc_Mod
 .text.ToCoNet_ChMgr_bCh_Reconfig
                0x000825c3       0x68 /cygdrive/c/TWESDK/TWESDK/Wks_ToCoNet/Samp_I2C2/../../Wks_libToCoNet/libToCoNet/lib/libToCoNet_JN5164.a(ToCoNet_mod_Channel_Mgr.o)
                0x000825c3                _ToCoNet_ChMgr_bCh_Reconfig
 .text.ToCoNet_ChMgr_vCh_TxFin
                0x0008262b       0x30 /cygdrive/c/TWESDK/TWESDK/Wks_ToCoNet/Samp_I2C2/../../Wks_libToCoNet/libToCoNet/lib/libToCoNet_JN5164.a(ToCoNet_mod_Channel_Mgr.o)
                0x0008262b                _ToCoNet_ChMgr_vCh_TxFin
 .text.ToCoNet_ChMgr_bCh_OnTx
                0x0008265b       0x6d /cygdrive/c/TWESDK/TWESDK/Wks_ToCoNet/Samp_I2C2/../../Wks_libToCoNet/libToCoNet/lib/libToCoNet_JN5164.a(ToCoNet_mod_Channel_Mgr.o)
                0x0008265b                _ToCoNet_ChMgr_bCh_OnTx
 .text.vFifoInit
                0x000826c8       0x14 /cygdrive/c/TWESDK/TWESDK/Wks_ToCoNet/Samp_I2C2/../../Wks_libToCoNet/libToCoNet/lib/libToCoNet_JN5164.a(AppQueueApi_ToCoNet.o)
 .text.pvFifoPull
                0x000826dc       0x23 /cygdrive/c/TWESDK/TWESDK/Wks_ToCoNet/Samp_I2C2/../../Wks_libToCoNet/libToCoNet/lib/libToCoNet_JN5164.a(AppQueueApi_ToCoNet.o)
 .text.psAppQApiGetMcpsBuffer
                0x000826ff        0xc /cygdrive/c/TWESDK/TWESDK/Wks_ToCoNet/Samp_I2C2/../../Wks_libToCoNet/libToCoNet/lib/libToCoNet_JN5164.a(AppQueueApi_ToCoNet.o)
 .text.psAppQApiGetMlmeBuffer
                0x0008270b        0xc /cygdrive/c/TWESDK/TWESDK/Wks_ToCoNet/Samp_I2C2/../../Wks_libToCoNet/libToCoNet/lib/libToCoNet_JN5164.a(AppQueueApi_ToCoNet.o)
 .text.psAppQApiReadHwIndT
                0x00082717        0xc /cygdrive/c/TWESDK/TWESDK/Wks_ToCoNet/Samp_I2C2/../../Wks_libToCoNet/libToCoNet/lib/libToCoNet_JN5164.a(AppQueueApi_ToCoNet.o)
                0x00082717                _psAppQApiReadHwIndT
 .text.psAppQApiReadMcpsIndT
                0x00082723        0xc /cygdrive/c/TWESDK/TWESDK/Wks_ToCoNet/Samp_I2C2/../../Wks_libToCoNet/libToCoNet/lib/libToCoNet_JN5164.a(AppQueueApi_ToCoNet.o)
                0x00082723                _psAppQApiReadMcpsIndT
 .text.psAppQApiReadMlmeIndT
                0x0008272f        0xc /cygdrive/c/TWESDK/TWESDK/Wks_ToCoNet/Samp_I2C2/../../Wks_libToCoNet/libToCoNet/lib/libToCoNet_JN5164.a(AppQueueApi_ToCoNet.o)
                0x0008272f                _psAppQApiReadMlmeIndT
 .text.bFifoPush
                0x0008273b       0x28 /cygdrive/c/TWESDK/TWESDK/Wks_ToCoNet/Samp_I2C2/../../Wks_libToCoNet/libToCoNet/lib/libToCoNet_JN5164.a(AppQueueApi_ToCoNet.o)
 .text.vAppQApiPostMcps
                0x00082763       0x1e /cygdrive/c/TWESDK/TWESDK/Wks_ToCoNet/Samp_I2C2/../../Wks_libToCoNet/libToCoNet/lib/libToCoNet_JN5164.a(AppQueueApi_ToCoNet.o)
 .text.vAppQApiPostMlme
                0x00082781       0x22 /cygdrive/c/TWESDK/TWESDK/Wks_ToCoNet/Samp_I2C2/../../Wks_libToCoNet/libToCoNet/lib/libToCoNet_JN5164.a(AppQueueApi_ToCoNet.o)
 .text.vAppQApiReturnHwIndBufferT
                0x000827a3        0xe /cygdrive/c/TWESDK/TWESDK/Wks_ToCoNet/Samp_I2C2/../../Wks_libToCoNet/libToCoNet/lib/libToCoNet_JN5164.a(AppQueueApi_ToCoNet.o)
                0x000827a3                _vAppQApiReturnHwIndBufferT
 .text.vAppQApiReturnMcpsIndBufferT
                0x000827b1        0xe /cygdrive/c/TWESDK/TWESDK/Wks_ToCoNet/Samp_I2C2/../../Wks_libToCoNet/libToCoNet/lib/libToCoNet_JN5164.a(AppQueueApi_ToCoNet.o)
                0x000827b1                _vAppQApiReturnMcpsIndBufferT
 .text.vAppQApiReturnMlmeIndBufferT
                0x000827bf        0xe /cygdrive/c/TWESDK/TWESDK/Wks_ToCoNet/Samp_I2C2/../../Wks_libToCoNet/libToCoNet/lib/libToCoNet_JN5164.a(AppQueueApi_ToCoNet.o)
                0x000827bf                _vAppQApiReturnMlmeIndBufferT
 .text.u32AppQApiInitT
                0x000827cd      0x18f /cygdrive/c/TWESDK/TWESDK/Wks_ToCoNet/Samp_I2C2/../../Wks_libToCoNet/libToCoNet/lib/libToCoNet_JN5164.a(AppQueueApi_ToCoNet.o)
                0x000827cd                _u32AppQApiInitT
 .text.vAppQApiPostHwIntT
                0x0008295c       0x6e /cygdrive/c/TWESDK/TWESDK/Wks_ToCoNet/Samp_I2C2/../../Wks_libToCoNet/libToCoNet/lib/libToCoNet_JN5164.a(AppQueueApi_ToCoNet.o)
 .text.u32AppQApiInitNetwork
                0x000829ca       0x22 /cygdrive/c/TWESDK/TWESDK/Wks_ToCoNet/Samp_I2C2/../../Wks_libToCoNet/libToCoNet/lib/libToCoNet_JN5164.a(AppQueueApi_ToCoNet.o)
                0x000829ca                _u32AppQApiInitNetwork
 .text._ToCoNet_bRfChChannel
                0x000829ec       0xaa /cygdrive/c/TWESDK/TWESDK/Wks_ToCoNet/Samp_I2C2/../../Wks_libToCoNet/libToCoNet/lib/libToCoNetExt_JN5164.a(AppStart.o)
                0x000829ec                __ToCoNet_bRfChChannel
 .text.AppWarmStart
                0x00082a96       0x9d /cygdrive/c/TWESDK/TWESDK/Wks_ToCoNet/Samp_I2C2/../../Wks_libToCoNet/libToCoNet/lib/libToCoNetExt_JN5164.a(AppStart.o)
                0x00082a96                _AppWarmStart
 .text._ToCoNet_vMacInit
                0x00082b33       0x2c /cygdrive/c/TWESDK/TWESDK/Wks_ToCoNet/Samp_I2C2/../../Wks_libToCoNet/libToCoNet/lib/libToCoNetExt_JN5164.a(AppStart.o)
                0x00082b33                __ToCoNet_vMacInit
 .text._ToCoNet_vRfConfig
                0x00082b5f       0xe3 /cygdrive/c/TWESDK/TWESDK/Wks_ToCoNet/Samp_I2C2/../../Wks_libToCoNet/libToCoNet/lib/libToCoNetExt_JN5164.a(AppStart.o)
                0x00082b5f                __ToCoNet_vRfConfig
 .text.AppColdStart
                0x00082c42      0x4d7 /cygdrive/c/TWESDK/TWESDK/Wks_ToCoNet/Samp_I2C2/../../Wks_libToCoNet/libToCoNet/lib/libToCoNetExt_JN5164.a(AppStart.o)
                0x00082c42                _AppColdStart
 .text.ToCoNet_u32GetSerialOnBoot
                0x00083119       0x37 /cygdrive/c/TWESDK/TWESDK/Wks_ToCoNet/Samp_I2C2/../../Wks_libToCoNet/libToCoNet/lib/libToCoNetExt_JN5164.a(getMacAddr.o)
                0x00083119                _ToCoNet_u32GetSerialOnBoot
 .text.Mac_bRxQueueReg
                0x00083150       0x34 /cygdrive/c/TWESDK/TWESDK/Wks_ToCoNet/Samp_I2C2/../../Wks_libToCoNet/libToCoNet/lib/libToCoNetExt_JN5164.a(mac.o)
                0x00083150                _Mac_bRxQueueReg
 .text.Mac_vSetHighDataRate
                0x00083184        0x3 /cygdrive/c/TWESDK/TWESDK/Wks_ToCoNet/Samp_I2C2/../../Wks_libToCoNet/libToCoNet/lib/libToCoNetExt_JN5164.a(mac.o)
                0x00083184                _Mac_vSetHighDataRate
 .text.Mac_vSetCCA
                0x00083187       0x32 /cygdrive/c/TWESDK/TWESDK/Wks_ToCoNet/Samp_I2C2/../../Wks_libToCoNet/libToCoNet/lib/libToCoNetExt_JN5164.a(mac.o)
                0x00083187                _Mac_vSetCCA
 .text.Mac_vSetRetry
                0x000831b9       0x1e /cygdrive/c/TWESDK/TWESDK/Wks_ToCoNet/Samp_I2C2/../../Wks_libToCoNet/libToCoNet/lib/libToCoNetExt_JN5164.a(mac.o)
                0x000831b9                _Mac_vSetRetry
 .text.Mac_vReset
                0x000831d7       0x20 /cygdrive/c/TWESDK/TWESDK/Wks_ToCoNet/Samp_I2C2/../../Wks_libToCoNet/libToCoNet/lib/libToCoNetExt_JN5164.a(mac.o)
                0x000831d7                _Mac_vReset
 .text.bDecodeAES
                0x000831f7       0xc6 /cygdrive/c/TWESDK/TWESDK/Wks_ToCoNet/Samp_I2C2/../../Wks_libToCoNet/libToCoNet/lib/libToCoNetExt_JN5164.a(mac.o)
                0x000831f7                _bDecodeAES
 .text.bEncodeAES
                0x000832bd       0xbb /cygdrive/c/TWESDK/TWESDK/Wks_ToCoNet/Samp_I2C2/../../Wks_libToCoNet/libToCoNet/lib/libToCoNetExt_JN5164.a(mac.o)
                0x000832bd                _bEncodeAES
 .text.Mac_vHandleMcpsDataInd
                0x00083378      0x2a0 /cygdrive/c/TWESDK/TWESDK/Wks_ToCoNet/Samp_I2C2/../../Wks_libToCoNet/libToCoNet/lib/libToCoNetExt_JN5164.a(mac.o)
                0x00083378                _Mac_vHandleMcpsDataInd
 .text.Mac_vInit
                0x00083618       0x41 /cygdrive/c/TWESDK/TWESDK/Wks_ToCoNet/Samp_I2C2/../../Wks_libToCoNet/libToCoNet/lib/libToCoNetExt_JN5164.a(mac.o)
                0x00083618                _Mac_vInit
 .text.Mac_bTransmit
                0x00083659      0x1ee /cygdrive/c/TWESDK/TWESDK/Wks_ToCoNet/Samp_I2C2/../../Wks_libToCoNet/libToCoNet/lib/libToCoNetExt_JN5164.a(mac.o)
                0x00083659                _Mac_bTransmit
 .text.bAES_CCM_Encode
                0x00083847       0x1e /cygdrive/c/TWESDK/TWESDK/Wks_ToCoNet/Samp_I2C2/../../Wks_libToCoNet/libToCoNet/lib/libToCoNetExt_JN5164.a(AES_CCM.o)
                0x00083847                _bAES_CCM_Encode
 .text.bAES_CCM_Decode
                0x00083865       0x1e /cygdrive/c/TWESDK/TWESDK/Wks_ToCoNet/Samp_I2C2/../../Wks_libToCoNet/libToCoNet/lib/libToCoNetExt_JN5164.a(AES_CCM.o)
                0x00083865                _bAES_CCM_Decode
 .text.bAES_CCM_KeyReg
                0x00083883       0x4a /cygdrive/c/TWESDK/TWESDK/Wks_ToCoNet/Samp_I2C2/../../Wks_libToCoNet/libToCoNet/lib/libToCoNetExt_JN5164.a(AES_CCM.o)
                0x00083883                _bAES_CCM_KeyReg
 .text.bAES_CCM_DecodeKey
                0x000838cd       0x6b /cygdrive/c/TWESDK/TWESDK/Wks_ToCoNet/Samp_I2C2/../../Wks_libToCoNet/libToCoNet/lib/libToCoNetExt_JN5164.a(AES_CCM.o)
                0x000838cd                _bAES_CCM_DecodeKey
 .text.bAES_CCM_EncodeKey
                0x00083938       0x5c /cygdrive/c/TWESDK/TWESDK/Wks_ToCoNet/Samp_I2C2/../../Wks_libToCoNet/libToCoNet/lib/libToCoNetExt_JN5164.a(AES_CCM.o)
                0x00083938                _bAES_CCM_EncodeKey
 .text.vInstallNoAckHandler
                0x00083994       0x2a /cygdrive/c/TWESDK/TWESDK/Wks_ToCoNet/Samp_I2C2/../../Wks_libToCoNet/libToCoNet/lib/libToCoNetExt_JN5164.a(no_ack_handler.o)
                0x00083994                _vInstallNoAckHandler
 .text.vHandlerPatch
                0x000839be       0x38 /cygdrive/c/TWESDK/TWESDK/Wks_ToCoNet/Samp_I2C2/../../Wks_libToCoNet/libToCoNet/lib/libToCoNetExt_JN5164.a(no_ack_handler.o)
 .text.bAHI_ReadIndexSectorPage
                0x000839f6       0x4a /cygdrive/c/TWESDK/TWESDK/Wks_ToCoNet/Samp_I2C2/../../Wks_libToCoNet/libToCoNet/lib/libToCoNetExt_JN5164.a(AHI_FlashIndexSector.o)
                0x000839f6                _bAHI_ReadIndexSectorPage
 .text.bAHI_ReadUserData
                0x00083a40       0x2a /cygdrive/c/TWESDK/TWESDK/Wks_ToCoNet/Samp_I2C2/../../Wks_libToCoNet/libToCoNet/lib/libToCoNetExt_JN5164.a(AHI_FlashIndexSector.o)
                0x00083a40                _bAHI_ReadUserData
 .text.bAHI_ReadIndexSectorBit
                0x00083a6a       0x39 /cygdrive/c/TWESDK/TWESDK/Wks_ToCoNet/Samp_I2C2/../../Wks_libToCoNet/libToCoNet/lib/libToCoNetExt_JN5164.a(AHI_FlashIndexSector.o)
                0x00083a6a                _bAHI_ReadIndexSectorBit
 .text.u32AHI_ReadIndexSectorBits
                0x00083aa3       0x37 /cygdrive/c/TWESDK/TWESDK/Wks_ToCoNet/Samp_I2C2/../../Wks_libToCoNet/libToCoNet/lib/libToCoNetExt_JN5164.a(AHI_FlashIndexSector.o)
                0x00083aa3                _u32AHI_ReadIndexSectorBits
 .text.bAHI_ReadCustomerSettings
                0x00083ada       0x9b /cygdrive/c/TWESDK/TWESDK/Wks_ToCoNet/Samp_I2C2/../../Wks_libToCoNet/libToCoNet/lib/libToCoNetExt_JN5164.a(AHI_FlashIndexSector.o)
                0x00083ada                _bAHI_ReadCustomerSettings
 .text.bAHI_ReadMACID
                0x00083b75       0x46 /cygdrive/c/TWESDK/TWESDK/Wks_ToCoNet/Samp_I2C2/../../Wks_libToCoNet/libToCoNet/lib/libToCoNetExt_JN5164.a(AHI_FlashIndexSector.o)
                0x00083b75                _bAHI_ReadMACID
 .text.SERIAL_bTxQueueEmpty
                0x00083bbb       0x18 /cygdrive/c/TWESDK/TWESDK/Wks_ToCoNet/Samp_I2C2/../../Wks_libToCoNet/libToCoNet/lib/libToCoNetUtils_JN5164.a(serial.o)
                0x00083bbb                _SERIAL_bTxQueueEmpty
 .text.SERIAL_bRxQueueEmpty
                0x00083bd3       0x18 /cygdrive/c/TWESDK/TWESDK/Wks_ToCoNet/Samp_I2C2/../../Wks_libToCoNet/libToCoNet/lib/libToCoNetUtils_JN5164.a(serial.o)
                0x00083bd3                _SERIAL_bRxQueueEmpty
 .text.SERIAL_vTxReady
                0x00083beb       0x36 /cygdrive/c/TWESDK/TWESDK/Wks_ToCoNet/Samp_I2C2/../../Wks_libToCoNet/libToCoNet/lib/libToCoNetUtils_JN5164.a(serial.o)
                0x00083beb                _SERIAL_vTxReady
 .text.SERIAL_vFlush
                0x00083c21       0x39 /cygdrive/c/TWESDK/TWESDK/Wks_ToCoNet/Samp_I2C2/../../Wks_libToCoNet/libToCoNet/lib/libToCoNetUtils_JN5164.a(serial.o)
                0x00083c21                _SERIAL_vFlush
 .text.SERIAL_i16RxChar
                0x00083c5a       0x4c /cygdrive/c/TWESDK/TWESDK/Wks_ToCoNet/Samp_I2C2/../../Wks_libToCoNet/libToCoNet/lib/libToCoNetUtils_JN5164.a(serial.o)
                0x00083c5a                _SERIAL_i16RxChar
 .text.SERIAL_bTxChar
                0x00083ca6       0x73 /cygdrive/c/TWESDK/TWESDK/Wks_ToCoNet/Samp_I2C2/../../Wks_libToCoNet/libToCoNet/lib/libToCoNetUtils_JN5164.a(serial.o)
                0x00083ca6                _SERIAL_bTxChar
 .text.SERIAL_vInitEx
                0x00083d19       0x90 /cygdrive/c/TWESDK/TWESDK/Wks_ToCoNet/Samp_I2C2/../../Wks_libToCoNet/libToCoNet/lib/libToCoNetUtils_JN5164.a(serial.o)
                0x00083d19                _SERIAL_vInitEx
 .text.vRxChar  0x00083da9       0x3e /cygdrive/c/TWESDK/TWESDK/Wks_ToCoNet/Samp_I2C2/../../Wks_libToCoNet/libToCoNet/lib/libToCoNetUtils_JN5164.a(serial.o)
 .text.UART_vSetTxInterrupt
                0x00083de7       0x1a /cygdrive/c/TWESDK/TWESDK/Wks_ToCoNet/Samp_I2C2/../../Wks_libToCoNet/libToCoNet/lib/libToCoNetUtils_JN5164.a(uart.o)
                0x00083de7                _UART_vSetTxInterrupt
 .text.UART_bTxReady
                0x00083e01        0xf /cygdrive/c/TWESDK/TWESDK/Wks_ToCoNet/Samp_I2C2/../../Wks_libToCoNet/libToCoNet/lib/libToCoNetUtils_JN5164.a(uart.o)
                0x00083e01                _UART_bTxReady
 .text.UART_vTxChar
                0x00083e10        0x6 /cygdrive/c/TWESDK/TWESDK/Wks_ToCoNet/Samp_I2C2/../../Wks_libToCoNet/libToCoNet/lib/libToCoNetUtils_JN5164.a(uart.o)
                0x00083e10                _UART_vTxChar
 .text.UART_vRtsStartFlow
                0x00083e16       0x22 /cygdrive/c/TWESDK/TWESDK/Wks_ToCoNet/Samp_I2C2/../../Wks_libToCoNet/libToCoNet/lib/libToCoNetUtils_JN5164.a(uart.o)
                0x00083e16                _UART_vRtsStartFlow
 .text.UART_vRtsStopFlow
                0x00083e38       0x22 /cygdrive/c/TWESDK/TWESDK/Wks_ToCoNet/Samp_I2C2/../../Wks_libToCoNet/libToCoNet/lib/libToCoNetUtils_JN5164.a(uart.o)
                0x00083e38                _UART_vRtsStopFlow
 .text.UART_vInit
                0x00083e5a      0x1c3 /cygdrive/c/TWESDK/TWESDK/Wks_ToCoNet/Samp_I2C2/../../Wks_libToCoNet/libToCoNet/lib/libToCoNetUtils_JN5164.a(uart.o)
                0x00083e5a                _UART_vInit
 .text.UART_vHandleUartInterrupt
                0x0008401d       0x8e /cygdrive/c/TWESDK/TWESDK/Wks_ToCoNet/Samp_I2C2/../../Wks_libToCoNet/libToCoNet/lib/libToCoNetUtils_JN5164.a(uart.o)
 .text.QUEUE__vInit
                0x000840ab       0x12 /cygdrive/c/TWESDK/TWESDK/Wks_ToCoNet/Samp_I2C2/../../Wks_libToCoNet/libToCoNet/lib/libToCoNetUtils_JN5164.a(ByteQueue.o)
                0x000840ab                _QUEUE__vInit
 .text.QUEUE__bEmpty
                0x000840bd        0xe /cygdrive/c/TWESDK/TWESDK/Wks_ToCoNet/Samp_I2C2/../../Wks_libToCoNet/libToCoNet/lib/libToCoNetUtils_JN5164.a(ByteQueue.o)
                0x000840bd                _QUEUE__bEmpty
 .text.QUEUE__bFull
                0x000840cb       0x11 /cygdrive/c/TWESDK/TWESDK/Wks_ToCoNet/Samp_I2C2/../../Wks_libToCoNet/libToCoNet/lib/libToCoNetUtils_JN5164.a(ByteQueue.o)
                0x000840cb                _QUEUE__bFull
 .text.QUEUE__u16Count
                0x000840dc        0x6 /cygdrive/c/TWESDK/TWESDK/Wks_ToCoNet/Samp_I2C2/../../Wks_libToCoNet/libToCoNet/lib/libToCoNetUtils_JN5164.a(ByteQueue.o)
                0x000840dc                _QUEUE__u16Count
 .text.QUEUE__vFlush
                0x000840e2       0x26 /cygdrive/c/TWESDK/TWESDK/Wks_ToCoNet/Samp_I2C2/../../Wks_libToCoNet/libToCoNet/lib/libToCoNetUtils_JN5164.a(ByteQueue.o)
                0x000840e2                _QUEUE__vFlush
 .text.QUEUE__u8RemoveItem
                0x00084108       0x66 /cygdrive/c/TWESDK/TWESDK/Wks_ToCoNet/Samp_I2C2/../../Wks_libToCoNet/libToCoNet/lib/libToCoNetUtils_JN5164.a(ByteQueue.o)
                0x00084108                _QUEUE__u8RemoveItem
 .text.QUEUE__vAddItem
                0x0008416e       0x66 /cygdrive/c/TWESDK/TWESDK/Wks_ToCoNet/Samp_I2C2/../../Wks_libToCoNet/libToCoNet/lib/libToCoNetUtils_JN5164.a(ByteQueue.o)
                0x0008416e                _QUEUE__vAddItem
 .text.u8CCITT8
                0x000841d4       0x23 /cygdrive/c/TWESDK/TWESDK/Wks_ToCoNet/Samp_I2C2/../../Wks_libToCoNet/libToCoNet/lib/libToCoNetUtils_JN5164.a(ccitt8.o)
                0x000841d4                _u8CCITT8
 .text.vPrintString
                0x000841f7       0x7d /cygdrive/c/TWESDK/TWESDK/Wks_ToCoNet/Samp_I2C2/../../Wks_libToCoNet/libToCoNet/lib/libToCoNetUtils_JN5164.a(fprintf.o)
 .text.vPrintInteger
                0x00084274       0xac /cygdrive/c/TWESDK/TWESDK/Wks_ToCoNet/Samp_I2C2/../../Wks_libToCoNet/libToCoNet/lib/libToCoNetUtils_JN5164.a(fprintf.o)
 .text.vfPrintf
                0x00084320      0x1d4 /cygdrive/c/TWESDK/TWESDK/Wks_ToCoNet/Samp_I2C2/../../Wks_libToCoNet/libToCoNet/lib/libToCoNetUtils_JN5164.a(fprintf.o)
                0x00084320                _vfPrintf
 .text.SPRINTF_bPutChar
                0x000844f4       0x3b /cygdrive/c/TWESDK/TWESDK/Wks_ToCoNet/Samp_I2C2/../../Wks_libToCoNet/libToCoNet/lib/libToCoNetUtils_JN5164.a(sprintf.o)
 .text.SPRINTF_vInit128
                0x0008452f       0x30 /cygdrive/c/TWESDK/TWESDK/Wks_ToCoNet/Samp_I2C2/../../Wks_libToCoNet/libToCoNet/lib/libToCoNetUtils_JN5164.a(sprintf.o)
                0x0008452f                _SPRINTF_vInit128
 .text.SPRINTF_vRewind
                0x0008455f        0x9 /cygdrive/c/TWESDK/TWESDK/Wks_ToCoNet/Samp_I2C2/../../Wks_libToCoNet/libToCoNet/lib/libToCoNetUtils_JN5164.a(sprintf.o)
                0x0008455f                _SPRINTF_vRewind
 .text.SPRINTF_pu8GetBuff
                0x00084568        0x9 /cygdrive/c/TWESDK/TWESDK/Wks_ToCoNet/Samp_I2C2/../../Wks_libToCoNet/libToCoNet/lib/libToCoNetUtils_JN5164.a(sprintf.o)
                0x00084568                _SPRINTF_pu8GetBuff
 .text.SPRINTF_u16Length
                0x00084571        0x9 /cygdrive/c/TWESDK/TWESDK/Wks_ToCoNet/Samp_I2C2/../../Wks_libToCoNet/libToCoNet/lib/libToCoNetUtils_JN5164.a(sprintf.o)
                0x00084571                _SPRINTF_u16Length
 .text.vTimerStop
                0x0008457a       0x39 /cygdrive/c/TWESDK/TWESDK/Wks_ToCoNet/Samp_I2C2/../../Wks_libToCoNet/libToCoNet/lib/libToCoNetUtils_JN5164.a(utils.o)
                0x0008457a                _vTimerStop
 .text.vTimerStart
                0x000845b3       0xa7 /cygdrive/c/TWESDK/TWESDK/Wks_ToCoNet/Samp_I2C2/../../Wks_libToCoNet/libToCoNet/lib/libToCoNetUtils_JN5164.a(utils.o)
                0x000845b3                _vTimerStart
 *fill*         0x0008465a        0x2 00
 .text.vTimerConfig
                0x0008465c      0x190 /cygdrive/c/TWESDK/TWESDK/Wks_ToCoNet/Samp_I2C2/../../Wks_libToCoNet/libToCoNet/lib/libToCoNetUtils_JN5164.a(utils.o)
                0x0008465c                _vTimerConfig
 .text.pvAppApiDefGetMacHandle
                0x000847ec        0x9 /cygdrive/c/TWESDK/TWESDK/516x/Components/Library/libAppApi_JN516x.a(AppApi.o)
                0x000847ec                _pvAppApiDefGetMacHandle
 .text.vAppApiDefSetPrbsSeed
                0x000847f5       0x24 /cygdrive/c/TWESDK/TWESDK/516x/Components/Library/libAppApi_JN516x.a(AppApi.o)
                0x000847f5                _vAppApiDefSetPrbsSeed
 .text.pvAppApiDefGetMacAddrLocation
                0x00084819        0x9 /cygdrive/c/TWESDK/TWESDK/516x/Components/Library/libAppApi_JN516x.a(AppApi.o)
                0x00084819                _pvAppApiDefGetMacAddrLocation
 .text.vAppApiDefSetInterrupts
                0x00084822       0x3d /cygdrive/c/TWESDK/TWESDK/516x/Components/Library/libAppApi_JN516x.a(AppApi.o)
                0x00084822                _vAppApiDefSetInterrupts
 .text.vAppApiDefPowerUp
                0x0008485f       0x26 /cygdrive/c/TWESDK/TWESDK/516x/Components/Library/libAppApi_JN516x.a(AppApi.o)
                0x0008485f                _vAppApiDefPowerUp
 .text.vAppApiDefStartStack
                0x00084885       0x51 /cygdrive/c/TWESDK/TWESDK/516x/Components/Library/libAppApi_JN516x.a(AppApi.o)
                0x00084885                _vAppApiDefStartStack
 .text.u32AppApiDefInit
                0x000848d6       0x5a /cygdrive/c/TWESDK/TWESDK/516x/Components/Library/libAppApi_JN516x.a(AppApi.o)
                0x000848d6                _u32AppApiDefInit
 .text.eAppApiDefPlmeGet
                0x00084930       0x33 /cygdrive/c/TWESDK/TWESDK/516x/Components/Library/libAppApi_JN516x.a(AppApi.o)
                0x00084930                _eAppApiDefPlmeGet
 .text.vAppApiDefMcpsRequest
                0x00084963       0x32 /cygdrive/c/TWESDK/TWESDK/516x/Components/Library/libAppApi_JN516x.a(AppApi.o)
                0x00084963                _vAppApiDefMcpsRequest
 .text.vAppApiDefMlmeRequest
                0x00084995       0x32 /cygdrive/c/TWESDK/TWESDK/516x/Components/Library/libAppApi_JN516x.a(AppApi.o)
                0x00084995                _vAppApiDefMlmeRequest
 .text.eAppApiDefPlmeSet
                0x000849c7       0x33 /cygdrive/c/TWESDK/TWESDK/516x/Components/Library/libAppApi_JN516x.a(AppApi.o)
                0x000849c7                _eAppApiDefPlmeSet
 .text.vAppApiDefSaveMacSettings
                0x000849fa       0x5d /cygdrive/c/TWESDK/TWESDK/516x/Components/Library/libAppApi_JN516x.a(AppApiSleep.o)
                0x000849fa                _vAppApiDefSaveMacSettings
 .text.vMAC_RestoreSettings
                0x00084a57       0xc8 /cygdrive/c/TWESDK/TWESDK/516x/Components/Library/libAppApi_JN516x.a(AppApiSleep.o)
                0x00084a57                _vMAC_RestoreSettings
 .text.vAppApiDefRestoreMacSettings
                0x00084b1f       0x25 /cygdrive/c/TWESDK/TWESDK/516x/Components/Library/libAppApi_JN516x.a(AppApiSleep.o)
                0x00084b1f                _vAppApiDefRestoreMacSettings
 .text.vSetTimer0
                0x00084b44        0xf /cygdrive/c/TWESDK/TWESDK/516x/Components/Library/libMac_JN516x.a(mac_main.o)
                0x00084b44                _vSetTimer0
 .text.u32GetTimer0
                0x00084b53        0x7 /cygdrive/c/TWESDK/TWESDK/516x/Components/Library/libMac_JN516x.a(mac_main.o)
                0x00084b53                _u32GetTimer0
 .text.MAC_vXcvPhyEvtHandler
                0x00084b5a       0x10 /cygdrive/c/TWESDK/TWESDK/516x/Components/Library/libMac_JN516x.a(mac_main.o)
                0x00084b5a                _MAC_vXcvPhyEvtHandler
 .text.MAC_vXcvBbcEvtHandler
                0x00084b6a       0x20 /cygdrive/c/TWESDK/TWESDK/516x/Components/Library/libMac_JN516x.a(mac_main.o)
                0x00084b6a                _MAC_vXcvBbcEvtHandler
 .text.mac_vInitTimer0
                0x00084b8a       0x20 /cygdrive/c/TWESDK/TWESDK/516x/Components/Library/libMac_JN516x.a(mac_main.o)
                0x00084b8a                _mac_vInitTimer0
 .text.MAC_pvCtor
                0x00084baa       0x82 /cygdrive/c/TWESDK/TWESDK/516x/Components/Library/libMac_JN516x.a(mac_main.o)
                0x00084baa                _MAC_pvCtor
 .text.MAC_vHandleMcpsReqRsp
                0x00084c2c       0x2d /cygdrive/c/TWESDK/TWESDK/516x/Components/Library/libMac_JN516x.a(mac_mcps.o)
                0x00084c2c                _MAC_vHandleMcpsReqRsp
 .text.vHandleTofRequest
                0x00084c59       0x12 /cygdrive/c/TWESDK/TWESDK/516x/Components/Library/libMac_JN516x.a(mac_mlme.o)
 *fill*         0x00084c6b        0x1 00
 .text.MAC_vHandleMlmeReqRsp
                0x00084c6c       0xb4 /cygdrive/c/TWESDK/TWESDK/516x/Components/Library/libMac_JN516x.a(mac_mlme.o)
                0x00084c6c                _MAC_vHandleMlmeReqRsp
 .text.MAC_psPibGetHandle
                0x00084d20        0x7 /cygdrive/c/TWESDK/TWESDK/516x/Components/Library/libMac_JN516x.a(mac_pib.o)
                0x00084d20                _MAC_psPibGetHandle
 .text.MAC_vPibSetShortAddr
                0x00084d27        0xe /cygdrive/c/TWESDK/TWESDK/516x/Components/Library/libMac_JN516x.a(mac_pib.o)
                0x00084d27                _MAC_vPibSetShortAddr
 .text.MAC_vPibSetPanId
                0x00084d35       0x1b /cygdrive/c/TWESDK/TWESDK/516x/Components/Library/libMac_JN516x.a(mac_pib.o)
                0x00084d35                _MAC_vPibSetPanId
 .text.MAC_vPibSetMinBe
                0x00084d50       0x1e /cygdrive/c/TWESDK/TWESDK/516x/Components/Library/libMac_JN516x.a(mac_pib.o)
                0x00084d50                _MAC_vPibSetMinBe
 .text.MAC_vPibSetMaxCsmaBackoffs
                0x00084d6e       0x21 /cygdrive/c/TWESDK/TWESDK/516x/Components/Library/libMac_JN516x.a(mac_pib.o)
                0x00084d6e                _MAC_vPibSetMaxCsmaBackoffs
 .text.MAC_vSetExtAddr
                0x00084d8f       0x1f /cygdrive/c/TWESDK/TWESDK/516x/Components/Library/libMac_JN516x.a(mac_pib.o)
                0x00084d8f                _MAC_vSetExtAddr
 .text.MAC_vPibSetRxOnWhenIdle
                0x00084dae       0x13 /cygdrive/c/TWESDK/TWESDK/516x/Components/Library/libMac_JN516x.a(mac_pib.o)
                0x00084dae                _MAC_vPibSetRxOnWhenIdle
 .text.MAC_vPibSetPromiscuousMode
                0x00084dc1       0x40 /cygdrive/c/TWESDK/TWESDK/516x/Components/Library/libMac_JN516x.a(mac_pib.o)
                0x00084dc1                _MAC_vPibSetPromiscuousMode
 .text.mac_vPibCmpCoordExtAddr
                0x00084e01       0x29 /cygdrive/c/TWESDK/TWESDK/516x/Components/Library/libMac_JN516x.a(mac_pib_mlme.o)
                0x00084e01                _mac_vPibCmpCoordExtAddr
 .text.mac_vPibReset
                0x00084e2a       0x87 /cygdrive/c/TWESDK/TWESDK/516x/Components/Library/libMac_JN516x.a(mac_pib_mlme.o)
                0x00084e2a                _mac_vPibReset
 .text.mac_vPibSetDefaults
                0x00084eb1      0x12e /cygdrive/c/TWESDK/TWESDK/516x/Components/Library/libMac_JN516x.a(mac_pib_mlme.o)
                0x00084eb1                _mac_vPibSetDefaults
 .text.vPMICreset
                0x00084fdf        0xd /cygdrive/c/TWESDK/TWESDK/516x/Components/Library/libMac_JN516x.a(mac_pmic.o)
                0x00084fdf                _vPMICreset
 .text.vPMICpostFailedAssocDcfm
                0x00084fec       0x3d /cygdrive/c/TWESDK/TWESDK/516x/Components/Library/libMac_JN516x.a(mac_pmic.o)
                0x00084fec                _vPMICpostFailedAssocDcfm
 .text.vPMICassocReqTO_2
                0x00085029       0x1d /cygdrive/c/TWESDK/TWESDK/516x/Components/Library/libMac_JN516x.a(mac_pmic.o)
 .text.vPMICassocReqFrameReceived
                0x00085046       0x79 /cygdrive/c/TWESDK/TWESDK/516x/Components/Library/libMac_JN516x.a(mac_pmic.o)
                0x00085046                _vPMICassocReqFrameReceived
 .text.vPMICdisassocReceived
                0x000850bf       0x93 /cygdrive/c/TWESDK/TWESDK/516x/Components/Library/libMac_JN516x.a(mac_pmic.o)
                0x000850bf                _vPMICdisassocReceived
 .text.vPMICassocRespFrameReceived
                0x00085152       0x93 /cygdrive/c/TWESDK/TWESDK/516x/Components/Library/libMac_JN516x.a(mac_pmic.o)
                0x00085152                _vPMICassocRespFrameReceived
 .text.vPMICassocReqTO_1
                0x000851e5       0x8c /cygdrive/c/TWESDK/TWESDK/516x/Components/Library/libMac_JN516x.a(mac_pmic.o)
 .text.vPMICdisassociateRequest
                0x00085271       0xf4 /cygdrive/c/TWESDK/TWESDK/516x/Components/Library/libMac_JN516x.a(mac_pmic.o)
                0x00085271                _vPMICdisassociateRequest
 .text.bPMICdisassocReqSent
                0x00085365       0x83 /cygdrive/c/TWESDK/TWESDK/516x/Components/Library/libMac_JN516x.a(mac_pmic.o)
 .text.vPMICassociateResponse
                0x000853e8       0xd9 /cygdrive/c/TWESDK/TWESDK/516x/Components/Library/libMac_JN516x.a(mac_pmic.o)
                0x000853e8                _vPMICassociateResponse
 .text.bAssocRespSent
                0x000854c1       0x1d /cygdrive/c/TWESDK/TWESDK/516x/Components/Library/libMac_JN516x.a(mac_pmic.o)
 .text.vPMICassociateRequest
                0x000854de       0xe6 /cygdrive/c/TWESDK/TWESDK/516x/Components/Library/libMac_JN516x.a(mac_pmic.o)
                0x000854de                _vPMICassociateRequest
 .text.bPMICassocReqPollSent
                0x000855c4       0x5b /cygdrive/c/TWESDK/TWESDK/516x/Components/Library/libMac_JN516x.a(mac_pmic.o)
 .text.bPMICassocReqSent
                0x0008561f       0x8d /cygdrive/c/TWESDK/TWESDK/516x/Components/Library/libMac_JN516x.a(mac_pmic.o)
 .text.MAC_vRegisterMlmeDcfmIndCallbacks
                0x000856ac        0xc /cygdrive/c/TWESDK/TWESDK/516x/Components/Library/libMac_JN516x.a(mac_ind.o)
                0x000856ac                _MAC_vRegisterMlmeDcfmIndCallbacks
 .text.MAC_vRegisterMcpsDcfmIndCallbacks
                0x000856b8        0xc /cygdrive/c/TWESDK/TWESDK/516x/Components/Library/libMac_JN516x.a(mac_ind.o)
                0x000856b8                _MAC_vRegisterMcpsDcfmIndCallbacks
 .text.mac_psDcfmIndGetBuf
                0x000856c4       0x23 /cygdrive/c/TWESDK/TWESDK/516x/Components/Library/libMac_JN516x.a(mac_ind.o)
                0x000856c4                _mac_psDcfmIndGetBuf
 .text.mac_eDcfmIndPost
                0x000856e7       0x21 /cygdrive/c/TWESDK/TWESDK/516x/Components/Library/libMac_JN516x.a(mac_ind.o)
                0x000856e7                _mac_eDcfmIndPost
 .text.eScanHandleEvt
                0x00085708       0x2e /cygdrive/c/TWESDK/TWESDK/516x/Components/Library/libMac_JN516x.a(mac_scan.o)
                0x00085708                _eScanHandleEvt
 .text.vScanHandleTimer
                0x00085736        0x8 /cygdrive/c/TWESDK/TWESDK/516x/Components/Library/libMac_JN516x.a(mac_scan.o)
 .text.eGenlIllegal
                0x0008573e        0x7 /cygdrive/c/TWESDK/TWESDK/516x/Components/Library/libMac_JN516x.a(mac_scan.o)
 .text.eGenlDontCare
                0x00085745        0x5 /cygdrive/c/TWESDK/TWESDK/516x/Components/Library/libMac_JN516x.a(mac_scan.o)
 .text.eWEnDEdDone
                0x0008574a       0x64 /cygdrive/c/TWESDK/TWESDK/516x/Components/Library/libMac_JN516x.a(mac_scan.o)
 .text.eWEnDTmrExpiry
                0x000857ae        0xb /cygdrive/c/TWESDK/TWESDK/516x/Components/Library/libMac_JN516x.a(mac_scan.o)
 .text.mac_eScanHandleXcvBbcEvt
                0x000857b9        0xf /cygdrive/c/TWESDK/TWESDK/516x/Components/Library/libMac_JN516x.a(mac_scan.o)
                0x000857b9                _mac_eScanHandleXcvBbcEvt
 .text.mac_eScanHandleXcvPhyEvt
                0x000857c8       0x12 /cygdrive/c/TWESDK/TWESDK/516x/Components/Library/libMac_JN516x.a(mac_scan.o)
                0x000857c8                _mac_eScanHandleXcvPhyEvt
 .text.vSetNextChannel
                0x000857da       0x4a /cygdrive/c/TWESDK/TWESDK/516x/Components/Library/libMac_JN516x.a(mac_scan.o)
 .text.mac_vScanHandleMlmeReq
                0x00085824       0x98 /cygdrive/c/TWESDK/TWESDK/516x/Components/Library/libMac_JN516x.a(mac_scan.o)
                0x00085824                _mac_vScanHandleMlmeReq
 .text.mac_eScanInit
                0x000858bc       0x19 /cygdrive/c/TWESDK/TWESDK/516x/Components/Library/libMac_JN516x.a(mac_scan.o)
                0x000858bc                _mac_eScanInit
 .text.vPostDcfm
                0x000858d5       0xe9 /cygdrive/c/TWESDK/TWESDK/516x/Components/Library/libMac_JN516x.a(mac_scan.o)
 .text.eWCoRRxDone
                0x000859be       0xb7 /cygdrive/c/TWESDK/TWESDK/516x/Components/Library/libMac_JN516x.a(mac_scan.o)
 .text.eGenTmrExpiry
                0x00085a75       0x4b /cygdrive/c/TWESDK/TWESDK/516x/Components/Library/libMac_JN516x.a(mac_scan.o)
 .text.eWEDTEdDone
                0x00085ac0       0x1a /cygdrive/c/TWESDK/TWESDK/516x/Components/Library/libMac_JN516x.a(mac_scan.o)
 .text.eGenRxHdrDone
                0x00085ada       0x13 /cygdrive/c/TWESDK/TWESDK/516x/Components/Library/libMac_JN516x.a(mac_scan.o)
 .text.eWONTTxDone
                0x00085aed       0x35 /cygdrive/c/TWESDK/TWESDK/516x/Components/Library/libMac_JN516x.a(mac_scan.o)
 .text.eWBRTTxDone
                0x00085b22       0x21 /cygdrive/c/TWESDK/TWESDK/516x/Components/Library/libMac_JN516x.a(mac_scan.o)
 .text.eWBcnRxDone
                0x00085b43      0x19e /cygdrive/c/TWESDK/TWESDK/516x/Components/Library/libMac_JN516x.a(mac_scan.o)
 .text.bSendMacCmd
                0x00085ce1       0x40 /cygdrive/c/TWESDK/TWESDK/516x/Components/Library/libMac_JN516x.a(mac_scan.o)
 .text.eWChCChanChgd
                0x00085d21      0x170 /cygdrive/c/TWESDK/TWESDK/516x/Components/Library/libMac_JN516x.a(mac_scan.o)
 .text.mac_vLPBAdjustBeaconOffset
                0x00085e91       0x5d /cygdrive/c/TWESDK/TWESDK/516x/Components/Library/libMac_JN516x.a(mac_lp.o)
                0x00085e91                _mac_vLPBAdjustBeaconOffset
 .text.mac_u32LPBGetBeaconTimeout
                0x00085eee        0x9 /cygdrive/c/TWESDK/TWESDK/516x/Components/Library/libMac_JN516x.a(mac_lp.o)
                0x00085eee                _mac_u32LPBGetBeaconTimeout
 .text.MAC_u32ConvertFrom16uS
                0x00085ef7       0x41 /cygdrive/c/TWESDK/TWESDK/516x/Components/Library/libMac_JN516x.a(mac_lp.o)
                0x00085ef7                _MAC_u32ConvertFrom16uS
 .text.mac_vLPBSleep
                0x00085f38       0x55 /cygdrive/c/TWESDK/TWESDK/516x/Components/Library/libMac_JN516x.a(mac_lp.o)
                0x00085f38                _mac_vLPBSleep
 .text.mac_vLPBStopTimer
                0x00085f8d        0xe /cygdrive/c/TWESDK/TWESDK/516x/Components/Library/libMac_JN516x.a(mac_lp.o)
                0x00085f8d                _mac_vLPBStopTimer
 .text.mac_vLPBStartTimer
                0x00085f9b       0x88 /cygdrive/c/TWESDK/TWESDK/516x/Components/Library/libMac_JN516x.a(mac_lp.o)
                0x00085f9b                _mac_vLPBStartTimer
 .text.vMCPSframeReceived
                0x00086023       0x5a /cygdrive/c/TWESDK/TWESDK/516x/Components/Library/libMac_JN516x.a(MCPS.o)
                0x00086023                _vMCPSframeReceived
 .text.bSearchQueue
                0x0008607d       0x36 /cygdrive/c/TWESDK/TWESDK/516x/Components/Library/libMac_JN516x.a(MCPS.o)
 .text.vTAM_MCPSpurgeRequest
                0x000860b3       0x64 /cygdrive/c/TWESDK/TWESDK/516x/Components/Library/libMac_JN516x.a(MCPS.o)
                0x000860b3                _vTAM_MCPSpurgeRequest
 .text.bMCPSframeTXcomplete
                0x00086117       0x5a /cygdrive/c/TWESDK/TWESDK/516x/Components/Library/libMac_JN516x.a(MCPS.o)
 .text.vTAM_MCPSdataRequest
                0x00086171       0x46 /cygdrive/c/TWESDK/TWESDK/516x/Components/Library/libMac_JN516x.a(MCPS.o)
                0x00086171                _vTAM_MCPSdataRequest
 .text.phy_ePibGet
                0x000861b7       0x34 /cygdrive/c/TWESDK/TWESDK/516x/Components/Library/libMac_JN516x.a(phy_pib.o)
                0x000861b7                _phy_ePibGet
 .text.u8GetPapValue
                0x000861eb       0x21 /cygdrive/c/TWESDK/TWESDK/516x/Components/Library/libMac_JN516x.a(phy_pib.o)
 .text.vPhySetChannel
                0x0008620c       0x77 /cygdrive/c/TWESDK/TWESDK/516x/Components/Library/libMac_JN516x.a(phy_pib.o)
                0x0008620c                _vPhySetChannel
 .text.phy_ePibSet
                0x00086283       0x90 /cygdrive/c/TWESDK/TWESDK/516x/Components/Library/libMac_JN516x.a(phy_pib.o)
                0x00086283                _phy_ePibSet
 .text.phy_vPibSetDefaults
                0x00086313       0x2c /cygdrive/c/TWESDK/TWESDK/516x/Components/Library/libMac_JN516x.a(phy_pib.o)
                0x00086313                _phy_vPibSetDefaults
 .text.bTAMinPAN
                0x0008633f       0x19 /cygdrive/c/TWESDK/TWESDK/516x/Components/Library/libMac_JN516x.a(TAM.o)
                0x0008633f                _bTAMinPAN
 .text.eTAMevent
                0x00086358       0x1a /cygdrive/c/TWESDK/TWESDK/516x/Components/Library/libMac_JN516x.a(TAM.o)
                0x00086358                _eTAMevent
 *fill*         0x00086372        0x2 00
 .text.eTAMselect
                0x00086374      0x154 /cygdrive/c/TWESDK/TWESDK/516x/Components/Library/libMac_JN516x.a(TAM.o)
                0x00086374                _eTAMselect
 .text.vTAM_MLMEsyncRequest
                0x000864c8       0x17 /cygdrive/c/TWESDK/TWESDK/516x/Components/Library/libMac_JN516x.a(TAM.o)
                0x000864c8                _vTAM_MLMEsyncRequest
 .text.vTAM_MLMEstartRequest
                0x000864df       0x87 /cygdrive/c/TWESDK/TWESDK/516x/Components/Library/libMac_JN516x.a(TAM.o)
                0x000864df                _vTAM_MLMEstartRequest
 .text.vTAMreset
                0x00086566      0x1f6 /cygdrive/c/TWESDK/TWESDK/516x/Components/Library/libMac_JN516x.a(TAM.o)
                0x00086566                _vTAMreset
 .text.vTAMCOsetCoordinator
                0x0008675c       0x29 /cygdrive/c/TWESDK/TWESDK/516x/Components/Library/libMac_JN516x.a(TAMCO.o)
                0x0008675c                _vTAMCOsetCoordinator
 .text.vTAMCOupdatePendingList
                0x00086785       0xbb /cygdrive/c/TWESDK/TWESDK/516x/Components/Library/libMac_JN516x.a(TAMCO.o)
                0x00086785                _vTAMCOupdatePendingList
 .text.vTAMCOreqTXinCAP
                0x00086840       0x2f /cygdrive/c/TWESDK/TWESDK/516x/Components/Library/libMac_JN516x.a(TAMCO.o)
                0x00086840                _vTAMCOreqTXinCAP
 .text.vTrySendFromDirectNoBeacon
                0x0008686f       0x38 /cygdrive/c/TWESDK/TWESDK/516x/Components/Library/libMac_JN516x.a(TAMCO.o)
 .text.vTAMCOreqTXnoBeacon
                0x000868a7       0x18 /cygdrive/c/TWESDK/TWESDK/516x/Components/Library/libMac_JN516x.a(TAMCO.o)
                0x000868a7                _vTAMCOreqTXnoBeacon
 .text.vTAMCOframeRXnobeacon
                0x000868bf       0x18 /cygdrive/c/TWESDK/TWESDK/516x/Components/Library/libMac_JN516x.a(TAMCO.o)
                0x000868bf                _vTAMCOframeRXnobeacon
 .text.vTAMCOframeTXnobeacon
                0x000868d7       0x1e /cygdrive/c/TWESDK/TWESDK/516x/Components/Library/libMac_JN516x.a(TAMCO.o)
                0x000868d7                _vTAMCOframeTXnobeacon
 .text.vTrySendFromDirectCAP
                0x000868f5       0x25 /cygdrive/c/TWESDK/TWESDK/516x/Components/Library/libMac_JN516x.a(TAMCO.o)
 .text.vTAMCOframeRXcap
                0x0008691a       0x18 /cygdrive/c/TWESDK/TWESDK/516x/Components/Library/libMac_JN516x.a(TAMCO.o)
                0x0008691a                _vTAMCOframeRXcap
 .text.vTAMCOframeRXgoingIdle
                0x00086932       0x1c /cygdrive/c/TWESDK/TWESDK/516x/Components/Library/libMac_JN516x.a(TAMCO.o)
                0x00086932                _vTAMCOframeRXgoingIdle
 .text.vTAMCOframeTXcap
                0x0008694e       0x30 /cygdrive/c/TWESDK/TWESDK/516x/Components/Library/libMac_JN516x.a(TAMCO.o)
                0x0008694e                _vTAMCOframeTXcap
 .text.vTAMCOframeTXgoingIdle
                0x0008697e       0x1b /cygdrive/c/TWESDK/TWESDK/516x/Components/Library/libMac_JN516x.a(TAMCO.o)
                0x0008697e                _vTAMCOframeTXgoingIdle
 .text.vTAMCOint2Fired
                0x00086999       0x22 /cygdrive/c/TWESDK/TWESDK/516x/Components/Library/libMac_JN516x.a(TAMCO.o)
                0x00086999                _vTAMCOint2Fired
 .text.vTAMCOframeTXbeacon
                0x000869bb       0xc9 /cygdrive/c/TWESDK/TWESDK/516x/Components/Library/libMac_JN516x.a(TAMCO.o)
                0x000869bb                _vTAMCOframeTXbeacon
 .text.vTAMCOint1Fired
                0x00086a84       0xef /cygdrive/c/TWESDK/TWESDK/516x/Components/Library/libMac_JN516x.a(TAMCO.o)
                0x00086a84                _vTAMCOint1Fired
 .text.vTAMCOint1FiredCAP
                0x00086b73       0x7f /cygdrive/c/TWESDK/TWESDK/516x/Components/Library/libMac_JN516x.a(TAMCO.o)
                0x00086b73                _vTAMCOint1FiredCAP
 .text.vTAMCOstartBeacon
                0x00086bf2       0x41 /cygdrive/c/TWESDK/TWESDK/516x/Components/Library/libMac_JN516x.a(TAMCO.o)
                0x00086bf2                _vTAMCOstartBeacon
 .text.vStartStoreValues
                0x00086c33       0xbc /cygdrive/c/TWESDK/TWESDK/516x/Components/Library/libMac_JN516x.a(TAMCO.o)
 .text.bStartCallback
                0x00086cef       0x2f /cygdrive/c/TWESDK/TWESDK/516x/Components/Library/libMac_JN516x.a(TAMCO.o)
 .text.vTAMCO_MLMEstartRequest
                0x00086d1e      0x11e /cygdrive/c/TWESDK/TWESDK/516x/Components/Library/libMac_JN516x.a(TAMCO.o)
                0x00086d1e                _vTAMCO_MLMEstartRequest
 .text.vTAMCOframeStarting
                0x00086e3c       0x1e /cygdrive/c/TWESDK/TWESDK/516x/Components/Library/libMac_JN516x.a(TAMCO.o)
                0x00086e3c                _vTAMCOframeStarting
 .text.vTAMDEdetermineNullState
                0x00086e5a       0x1d /cygdrive/c/TWESDK/TWESDK/516x/Components/Library/libMac_JN516x.a(TAMDE.o)
                0x00086e5a                _vTAMDEdetermineNullState
 .text.vSetPHYfromMacValue
                0x00086e77       0x45 /cygdrive/c/TWESDK/TWESDK/516x/Components/Library/libMac_JN516x.a(TAMDE.o)
 .text.vTAMDEint1FiredWaitDR
                0x00086ebc       0x20 /cygdrive/c/TWESDK/TWESDK/516x/Components/Library/libMac_JN516x.a(TAMDE.o)
                0x00086ebc                _vTAMDEint1FiredWaitDR
 .text.vTAMDEstartSync
                0x00086edc       0x86 /cygdrive/c/TWESDK/TWESDK/516x/Components/Library/libMac_JN516x.a(TAMDE.o)
                0x00086edc                _vTAMDEstartSync
 .text.vTAMDE_MLMEsyncRequest
                0x00086f62       0x30 /cygdrive/c/TWESDK/TWESDK/516x/Components/Library/libMac_JN516x.a(TAMDE.o)
                0x00086f62                _vTAMDE_MLMEsyncRequest
 .text.vTrySendUnslotted
                0x00086f92       0x23 /cygdrive/c/TWESDK/TWESDK/516x/Components/Library/libMac_JN516x.a(TAMDE.o)
 .text.vDeterminePowerState
                0x00086fb5       0x98 /cygdrive/c/TWESDK/TWESDK/516x/Components/Library/libMac_JN516x.a(TAMDE.o)
 .text.vTAMDEreqTXnullTrackingCAP
                0x0008704d       0x1c /cygdrive/c/TWESDK/TWESDK/516x/Components/Library/libMac_JN516x.a(TAMDE.o)
                0x0008704d                _vTAMDEreqTXnullTrackingCAP
 .text.vTAMDEint2FiredTrackingDR
                0x00087069       0x2b /cygdrive/c/TWESDK/TWESDK/516x/Components/Library/libMac_JN516x.a(TAMDE.o)
                0x00087069                _vTAMDEint2FiredTrackingDR
 .text.vTAMDEframeTXDEnull
                0x00087094       0x28 /cygdrive/c/TWESDK/TWESDK/516x/Components/Library/libMac_JN516x.a(TAMDE.o)
                0x00087094                _vTAMDEframeTXDEnull
 .text.vTAMDEframeTXtrackingCAPgts
                0x000870bc       0x34 /cygdrive/c/TWESDK/TWESDK/516x/Components/Library/libMac_JN516x.a(TAMDE.o)
                0x000870bc                _vTAMDEframeTXtrackingCAPgts
 .text.vTAMDEframeRX
                0x000870f0       0x30 /cygdrive/c/TWESDK/TWESDK/516x/Components/Library/libMac_JN516x.a(TAMDE.o)
                0x000870f0                _vTAMDEframeRX
 .text.vTAMDEframePreSyncReq
                0x00087120       0x21 /cygdrive/c/TWESDK/TWESDK/516x/Components/Library/libMac_JN516x.a(TAMDE.o)
                0x00087120                _vTAMDEframePreSyncReq
 .text.bSendDataRequest
                0x00087141      0x113 /cygdrive/c/TWESDK/TWESDK/516x/Components/Library/libMac_JN516x.a(TAMDE.o)
 .text.vTAMDEframeRXtrackingDR
                0x00087254       0x47 /cygdrive/c/TWESDK/TWESDK/516x/Components/Library/libMac_JN516x.a(TAMDE.o)
                0x00087254                _vTAMDEframeRXtrackingDR
 .text.vTAMDEint2FiredPollActive
                0x0008729b       0x34 /cygdrive/c/TWESDK/TWESDK/516x/Components/Library/libMac_JN516x.a(TAMDE.o)
                0x0008729b                _vTAMDEint2FiredPollActive
 .text.vTAMDEframeTXtrackingDR
                0x000872cf       0x6b /cygdrive/c/TWESDK/TWESDK/516x/Components/Library/libMac_JN516x.a(TAMDE.o)
                0x000872cf                _vTAMDEframeTXtrackingDR
 .text.vTAMDEint1FiredTracking
                0x0008733a       0x6f /cygdrive/c/TWESDK/TWESDK/516x/Components/Library/libMac_JN516x.a(TAMDE.o)
                0x0008733a                _vTAMDEint1FiredTracking
 .text.vTAMDEint1FiredTrackingCAPgts
                0x000873a9       0xca /cygdrive/c/TWESDK/TWESDK/516x/Components/Library/libMac_JN516x.a(TAMDE.o)
                0x000873a9                _vTAMDEint1FiredTrackingCAPgts
 .text.vTAMDEint1FiredTrackingBeacon
                0x00087473       0xa7 /cygdrive/c/TWESDK/TWESDK/516x/Components/Library/libMac_JN516x.a(TAMDE.o)
                0x00087473                _vTAMDEint1FiredTrackingBeacon
 .text.bProcessBeaconRX
                0x0008751a       0xe6 /cygdrive/c/TWESDK/TWESDK/516x/Components/Library/libMac_JN516x.a(TAMDE.o)
 .text.vTAMDEframeRXsyncReq
                0x00087600      0x26c /cygdrive/c/TWESDK/TWESDK/516x/Components/Library/libMac_JN516x.a(TAMDE.o)
                0x00087600                _vTAMDEframeRXsyncReq
 .text.vTAMDEint1FiredSyncReq
                0x0008786c       0x7b /cygdrive/c/TWESDK/TWESDK/516x/Components/Library/libMac_JN516x.a(TAMDE.o)
                0x0008786c                _vTAMDEint1FiredSyncReq
 .text.pvMEMget
                0x000878e7       0x27 /cygdrive/c/TWESDK/TWESDK/516x/Components/Library/libMac_JN516x.a(TAM_MEM.o)
                0x000878e7                _pvMEMget
 .text.vMEMreturn
                0x0008790e       0x6a /cygdrive/c/TWESDK/TWESDK/516x/Components/Library/libMac_JN516x.a(TAM_MEM.o)
                0x0008790e                _vMEMreturn
 .text.vMEMreset
                0x00087978       0x70 /cygdrive/c/TWESDK/TWESDK/516x/Components/Library/libMac_JN516x.a(TAM_MEM.o)
                0x00087978                _vMEMreset
 .text.vMLMErxEnableConfirm
                0x000879e8       0x37 /cygdrive/c/TWESDK/TWESDK/516x/Components/Library/libMac_JN516x.a(TAM_MLME.o)
                0x000879e8                _vMLMErxEnableConfirm
 .text.vMLMEcommStatus
                0x00087a1f       0x6e /cygdrive/c/TWESDK/TWESDK/516x/Components/Library/libMac_JN516x.a(TAM_MLME.o)
                0x00087a1f                _vMLMEcommStatus
 .text.vMLMEcommStatusFromFrame
                0x00087a8d       0x47 /cygdrive/c/TWESDK/TWESDK/516x/Components/Library/libMac_JN516x.a(TAM_MLME.o)
                0x00087a8d                _vMLMEcommStatusFromFrame
 .text.vMLMEsyncLoss
                0x00087ad4       0x38 /cygdrive/c/TWESDK/TWESDK/516x/Components/Library/libMac_JN516x.a(TAM_MLME.o)
                0x00087ad4                _vMLMEsyncLoss
 .text.vMLMEbeaconNotify
                0x00087b0c      0x17c /cygdrive/c/TWESDK/TWESDK/516x/Components/Library/libMac_JN516x.a(TAM_MLME.o)
                0x00087b0c                _vMLMEbeaconNotify
 .text.vTAHsetCutOff
                0x00087c88        0xa /cygdrive/c/TWESDK/TWESDK/516x/Components/Library/libMac_JN516x.a(TAM_TAH.o)
                0x00087c88                _vTAHsetCutOff
 .text.vTAHsetSyncLock
                0x00087c92       0x18 /cygdrive/c/TWESDK/TWESDK/516x/Components/Library/libMac_JN516x.a(TAM_TAH.o)
                0x00087c92                _vTAHsetSyncLock
 .text.vTAHsetPhyStateDirect
                0x00087caa       0x33 /cygdrive/c/TWESDK/TWESDK/516x/Components/Library/libMac_JN516x.a(TAM_TAH.o)
                0x00087caa                _vTAHsetPhyStateDirect
 .text.vTAHsetPhyState
                0x00087cdd       0x35 /cygdrive/c/TWESDK/TWESDK/516x/Components/Library/libMac_JN516x.a(TAM_TAH.o)
                0x00087cdd                _vTAHsetPhyState
 .text.vTAIdisableInterrupt
                0x00087d12       0x10 /cygdrive/c/TWESDK/TWESDK/516x/Components/Library/libMac_JN516x.a(TAM_TAI.o)
                0x00087d12                _vTAIdisableInterrupt
 .text.vTAIsetRxEnableTime
                0x00087d22       0x1d /cygdrive/c/TWESDK/TWESDK/516x/Components/Library/libMac_JN516x.a(TAM_TAI.o)
                0x00087d22                _vTAIsetRxEnableTime
 .text.vTAIsetCapTime
                0x00087d3f       0x1d /cygdrive/c/TWESDK/TWESDK/516x/Components/Library/libMac_JN516x.a(TAM_TAI.o)
                0x00087d3f                _vTAIsetCapTime
 .text.eTATreadTXstatus
                0x00087d5c       0x46 /cygdrive/c/TWESDK/TWESDK/516x/Components/Library/libMac_JN516x.a(TAM_TAT.o)
                0x00087d5c                _eTATreadTXstatus
 .text.vTATgetFrameAddress
                0x00087da2       0x20 /cygdrive/c/TWESDK/TWESDK/516x/Components/Library/libMac_JN516x.a(TAM_TAT.o)
                0x00087da2                _vTATgetFrameAddress
 .text.vTATgetFramePayload
                0x00087dc2       0x1d /cygdrive/c/TWESDK/TWESDK/516x/Components/Library/libMac_JN516x.a(TAM_TAT.o)
                0x00087dc2                _vTATgetFramePayload
 .text.vTATsetBLE
                0x00087ddf       0x3e /cygdrive/c/TWESDK/TWESDK/516x/Components/Library/libMac_JN516x.a(TAM_TAT.o)
                0x00087ddf                _vTATsetBLE
 .text.vTATwriteAclMaterialToHardware
                0x00087e1d       0x2c /cygdrive/c/TWESDK/TWESDK/516x/Components/Library/libMac_JN516x.a(TAM_TAT.o)
                0x00087e1d                _vTATwriteAclMaterialToHardware
 .text.bIsBbcSafeForTx
                0x00087e49       0x2d /cygdrive/c/TWESDK/TWESDK/516x/Components/Library/libMac_JN516x.a(TAM_TAT.o)
                0x00087e49                _bIsBbcSafeForTx
 .text.vTATstartReceiveAt
                0x00087e76       0x1e /cygdrive/c/TWESDK/TWESDK/516x/Components/Library/libMac_JN516x.a(TAM_TAT.o)
                0x00087e76                _vTATstartReceiveAt
 .text.vWriteFrame
                0x00087e94       0x7d /cygdrive/c/TWESDK/TWESDK/516x/Components/Library/libMac_JN516x.a(TAM_TAT.o)
 .text.bTATsendFrame
                0x00087f11       0x5a /cygdrive/c/TWESDK/TWESDK/516x/Components/Library/libMac_JN516x.a(TAM_TAT.o)
                0x00087f11                _bTATsendFrame
 .text.bTATsendFrameAt
                0x00087f6b       0x48 /cygdrive/c/TWESDK/TWESDK/516x/Components/Library/libMac_JN516x.a(TAM_TAT.o)
                0x00087f6b                _bTATsendFrameAt
 .text.bTACassessBeaconForPayload
                0x00087fb3       0x4c /cygdrive/c/TWESDK/TWESDK/516x/Components/Library/libMac_JN516x.a(TAMcommon.o)
                0x00087fb3                _bTACassessBeaconForPayload
 .text.bTACframeInProgress
                0x00087fff       0x27 /cygdrive/c/TWESDK/TWESDK/516x/Components/Library/libMac_JN516x.a(TAMcommon.o)
                0x00087fff                _bTACframeInProgress
 .text.vTACu16ToPayloadM
                0x00088026        0xc /cygdrive/c/TWESDK/TWESDK/516x/Components/Library/libMac_JN516x.a(TAMcommon.o)
                0x00088026                _vTACu16ToPayloadM
 .text.vTACu32ToPayloadM
                0x00088032       0x18 /cygdrive/c/TWESDK/TWESDK/516x/Components/Library/libMac_JN516x.a(TAMcommon.o)
                0x00088032                _vTACu32ToPayloadM
 .text.u16TACpayloadToU16M
                0x0008804a        0xf /cygdrive/c/TWESDK/TWESDK/516x/Components/Library/libMac_JN516x.a(TAMcommon.o)
                0x0008804a                _u16TACpayloadToU16M
 .text.u32TACpayloadToU32M
                0x00088059       0x23 /cygdrive/c/TWESDK/TWESDK/516x/Components/Library/libMac_JN516x.a(TAMcommon.o)
                0x00088059                _u32TACpayloadToU32M
 .text.u8TACgetHeaderSize
                0x0008807c       0x26 /cygdrive/c/TWESDK/TWESDK/516x/Components/Library/libMac_JN516x.a(TAMcommon.o)
                0x0008807c                _u8TACgetHeaderSize
 .text.vTACsetTxFrameDefaults
                0x000880a2       0x2a /cygdrive/c/TWESDK/TWESDK/516x/Components/Library/libMac_JN516x.a(TAMcommon.o)
                0x000880a2                _vTACsetTxFrameDefaults
 .text.vTACcheckPollResponse
                0x000880cc       0x37 /cygdrive/c/TWESDK/TWESDK/516x/Components/Library/libMac_JN516x.a(TAMcommon.o)
                0x000880cc                _vTACcheckPollResponse
 .text.bUpdateTime
                0x00088103       0x46 /cygdrive/c/TWESDK/TWESDK/516x/Components/Library/libMac_JN516x.a(TAMcommon.o)
 .text.vTACbuildBeacon
                0x00088149      0x257 /cygdrive/c/TWESDK/TWESDK/516x/Components/Library/libMac_JN516x.a(TAMcommon.o)
                0x00088149                _vTACbuildBeacon
 .text.vTACsetFramePending
                0x000883a0       0x3f /cygdrive/c/TWESDK/TWESDK/516x/Components/Library/libMac_JN516x.a(TAMcommon.o)
                0x000883a0                _vTACsetFramePending
 .text.vTACsetPHYfromMacValue
                0x000883df       0x2b /cygdrive/c/TWESDK/TWESDK/516x/Components/Library/libMac_JN516x.a(TAMcommon.o)
                0x000883df                _vTACsetPHYfromMacValue
 .text.bTACcheckPANconflict
                0x0008840a       0xa8 /cygdrive/c/TWESDK/TWESDK/516x/Components/Library/libMac_JN516x.a(TAMcommon.o)
                0x0008840a                _bTACcheckPANconflict
 .text.bTACprocessUnexpectedBeacon
                0x000884b2       0x6d /cygdrive/c/TWESDK/TWESDK/516x/Components/Library/libMac_JN516x.a(TAMcommon.o)
                0x000884b2                _bTACprocessUnexpectedBeacon
 .text.bSendSyncLoss
                0x0008851f       0x1e /cygdrive/c/TWESDK/TWESDK/516x/Components/Library/libMac_JN516x.a(TAMcommon.o)
 .text.vTACinformOriginator
                0x0008853d       0x26 /cygdrive/c/TWESDK/TWESDK/516x/Components/Library/libMac_JN516x.a(TAMcommon.o)
                0x0008853d                _vTACinformOriginator
 .text.vTACintRXheader
                0x00088563       0x98 /cygdrive/c/TWESDK/TWESDK/516x/Components/Library/libMac_JN516x.a(TAMcommon.o)
                0x00088563                _vTACintRXheader
 .text.bTACprocessFrameRXcomplete
                0x000885fb      0x231 /cygdrive/c/TWESDK/TWESDK/516x/Components/Library/libMac_JN516x.a(TAMcommon.o)
                0x000885fb                _bTACprocessFrameRXcomplete
 .text.eTACprocessFrameTXcomplete
                0x0008882c      0x17c /cygdrive/c/TWESDK/TWESDK/516x/Components/Library/libMac_JN516x.a(TAMcommon.o)
                0x0008882c                _eTACprocessFrameTXcomplete
 .text.vTAMinsertEvent
                0x000889a8       0x6c /cygdrive/c/TWESDK/TWESDK/516x/Components/Library/libMac_JN516x.a(TAMevent.o)
                0x000889a8                _vTAMinsertEvent
 .text.vTAM_TxRetryTimeout
                0x00088a14        0x8 /cygdrive/c/TWESDK/TWESDK/516x/Components/Library/libMac_JN516x.a(TAMevent.o)
                0x00088a14                _vTAM_TxRetryTimeout
 .text.vTAM_QueueTxEvent
                0x00088a1c       0x11 /cygdrive/c/TWESDK/TWESDK/516x/Components/Library/libMac_JN516x.a(TAMevent.o)
                0x00088a1c                _vTAM_QueueTxEvent
 .text.vTAM_CancelTxRetryTimer
                0x00088a2d        0xf /cygdrive/c/TWESDK/TWESDK/516x/Components/Library/libMac_JN516x.a(TAMevent.o)
                0x00088a2d                _vTAM_CancelTxRetryTimer
 .text.vTAM_TxRetryTimer
                0x00088a3c       0x13 /cygdrive/c/TWESDK/TWESDK/516x/Components/Library/libMac_JN516x.a(TAMevent.o)
                0x00088a3c                _vTAM_TxRetryTimer
 .text.vTAQaddToFifo
                0x00088a4f       0x1a /cygdrive/c/TWESDK/TWESDK/516x/Components/Library/libMac_JN516x.a(TAMqueue.o)
                0x00088a4f                _vTAQaddToFifo
 .text.bTAQremoveFromFifo
                0x00088a69       0x3d /cygdrive/c/TWESDK/TWESDK/516x/Components/Library/libMac_JN516x.a(TAMqueue.o)
                0x00088a69                _bTAQremoveFromFifo
 .text.vTAQresetFifo
                0x00088aa6        0x9 /cygdrive/c/TWESDK/TWESDK/516x/Components/Library/libMac_JN516x.a(TAMqueue.o)
                0x00088aa6                _vTAQresetFifo
 .text.psTAQsearchFifoForHandle
                0x00088aaf       0x18 /cygdrive/c/TWESDK/TWESDK/516x/Components/Library/libMac_JN516x.a(TAMqueue.o)
                0x00088aaf                _psTAQsearchFifoForHandle
 .text.psTAQsearchFifo
                0x00088ac7       0x46 /cygdrive/c/TWESDK/TWESDK/516x/Components/Library/libMac_JN516x.a(TAMqueue.o)
                0x00088ac7                _psTAQsearchFifo
 .text.vDoGoOff
                0x00088b0d       0x1a /cygdrive/c/TWESDK/TWESDK/516x/Components/Library/libMac_JN516x.a(TAMrxEnable.o)
 .text.vDoGoActive
                0x00088b27       0x28 /cygdrive/c/TWESDK/TWESDK/516x/Components/Library/libMac_JN516x.a(TAMrxEnable.o)
 .text.vTAM_MLMErxEnableRequest
                0x00088b4f       0xc8 /cygdrive/c/TWESDK/TWESDK/516x/Components/Library/libMac_JN516x.a(TAMrxEnable.o)
                0x00088b4f                _vTAM_MLMErxEnableRequest
 .text.vTAMRXEsetReceiveForPibChange
                0x00088c17       0x33 /cygdrive/c/TWESDK/TWESDK/516x/Components/Library/libMac_JN516x.a(TAMrxEnable.o)
                0x00088c17                _vTAMRXEsetReceiveForPibChange
 .text.vTAMRXEsetPhy
                0x00088c4a       0xb6 /cygdrive/c/TWESDK/TWESDK/516x/Components/Library/libMac_JN516x.a(TAMrxEnable.o)
                0x00088c4a                _vTAMRXEsetPhy
 .text.vTAMRXEint2Fired
                0x00088d00       0x42 /cygdrive/c/TWESDK/TWESDK/516x/Components/Library/libMac_JN516x.a(TAMrxEnable.o)
                0x00088d00                _vTAMRXEint2Fired
 .text.bSecurityLevelCheckingAlgorithm
                0x00088d42       0x25 /cygdrive/c/TWESDK/TWESDK/516x/Components/Library/libMac_JN516x.a(TAMsecurity.o)
 .text.u8TSCframeIncrease
                0x00088d67        0xf /cygdrive/c/TWESDK/TWESDK/516x/Components/Library/libMac_JN516x.a(TAMsecurity.o)
                0x00088d67                _u8TSCframeIncrease
 .text.vTSCsetUpwardSecurity
                0x00088d76       0x15 /cygdrive/c/TWESDK/TWESDK/516x/Components/Library/libMac_JN516x.a(TAMsecurity.o)
                0x00088d76                _vTSCsetUpwardSecurity
 .text.vCopyToDataFromMacAddr
                0x00088d8b       0x33 /cygdrive/c/TWESDK/TWESDK/516x/Components/Library/libMac_JN516x.a(TAMsecurity.o)
 .text.vTSCpostTransmitUpdate
                0x00088dbe       0x3b /cygdrive/c/TWESDK/TWESDK/516x/Components/Library/libMac_JN516x.a(TAMsecurity.o)
                0x00088dbe                _vTSCpostTransmitUpdate
 .text.vTSCsetOutgoingInfo
                0x00088df9      0x158 /cygdrive/c/TWESDK/TWESDK/516x/Components/Library/libMac_JN516x.a(TAMsecurity.o)
                0x00088df9                _vTSCsetOutgoingInfo
 .text.vMAC_RetrieveSecurityInfoFromFrame
                0x00088f51       0x92 /cygdrive/c/TWESDK/TWESDK/516x/Components/Library/libMac_JN516x.a(TAMsecurity.o)
                0x00088f51                _vMAC_RetrieveSecurityInfoFromFrame
 .text.MAC_bLookUpKeyDescriptor
                0x00088fe3       0x7f /cygdrive/c/TWESDK/TWESDK/516x/Components/Library/libMac_JN516x.a(TAMsecurity.o)
 .text.bTSCgetOutgoingInfo2003
                0x00089062       0x21 /cygdrive/c/TWESDK/TWESDK/516x/Components/Library/libMac_JN516x.a(TAMsecurity.o)
                0x00089062                _bTSCgetOutgoingInfo2003
 .text.bTSCgetOutgoingInfo
                0x00089083      0x11c /cygdrive/c/TWESDK/TWESDK/516x/Components/Library/libMac_JN516x.a(TAMsecurity.o)
                0x00089083                _bTSCgetOutgoingInfo
 .text.vTSCgetIncomingInfo
                0x0008919f       0xc6 /cygdrive/c/TWESDK/TWESDK/516x/Components/Library/libMac_JN516x.a(TAMsecurity.o)
                0x0008919f                _vTSCgetIncomingInfo
 .text.bTSCcheckIncomingFrame
                0x00089265      0x689 /cygdrive/c/TWESDK/TWESDK/516x/Components/Library/libMac_JN516x.a(TAMsecurity.o)
                0x00089265                _bTSCcheckIncomingFrame
 .text.vTAStidyUpAfterFrameTX
                0x000898ee       0x26 /cygdrive/c/TWESDK/TWESDK/516x/Components/Library/libMac_JN516x.a(TAMsideways.o)
                0x000898ee                _vTAStidyUpAfterFrameTX
 .text.bTASsendCommStatusInd
                0x00089914       0x1b /cygdrive/c/TWESDK/TWESDK/516x/Components/Library/libMac_JN516x.a(TAMsideways.o)
                0x00089914                _bTASsendCommStatusInd
 .text.vTASretrieveSecurity
                0x0008992f       0x24 /cygdrive/c/TWESDK/TWESDK/516x/Components/Library/libMac_JN516x.a(TAMsideways.o)
                0x0008992f                _vTASretrieveSecurity
 .text.vTASretrieveFrame
                0x00089953       0x88 /cygdrive/c/TWESDK/TWESDK/516x/Components/Library/libMac_JN516x.a(TAMsideways.o)
                0x00089953                _vTASretrieveFrame
 .text.eTAStransmitRequest
                0x000899db      0x3e3 /cygdrive/c/TWESDK/TWESDK/516x/Components/Library/libMac_JN516x.a(TAMsideways.o)
                0x000899db                _eTAStransmitRequest
 .text.vTTIBLETimerExpired
                0x00089dbe        0xb /cygdrive/c/TWESDK/TWESDK/516x/Components/Library/libMac_JN516x.a(TAMtime.o)
                0x00089dbe                _vTTIBLETimerExpired
 .text.vTTITimer2Expired
                0x00089dc9        0x8 /cygdrive/c/TWESDK/TWESDK/516x/Components/Library/libMac_JN516x.a(TAMtime.o)
                0x00089dc9                _vTTITimer2Expired
 .text.vTTITimer1Expired
                0x00089dd1        0x8 /cygdrive/c/TWESDK/TWESDK/516x/Components/Library/libMac_JN516x.a(TAMtime.o)
                0x00089dd1                _vTTITimer1Expired
 .text.vTTITransactionTimerExpired
                0x00089dd9       0x2f /cygdrive/c/TWESDK/TWESDK/516x/Components/Library/libMac_JN516x.a(TAMtime.o)
                0x00089dd9                _vTTITransactionTimerExpired
 .text.vCmdWaitBusy
                0x00089e08        0xd /cygdrive/c/TWESDK/TWESDK/516x/Components/Library/libMac_JN516x.a(TAM_AES.o)
 .text.vEcbEncodeStripe
                0x00089e15       0x55 /cygdrive/c/TWESDK/TWESDK/516x/Components/Library/libMac_JN516x.a(TAM_AES.o)
 .text.vFromU16ToLe
                0x00089e6a        0xc /cygdrive/c/TWESDK/TWESDK/516x/Components/Library/libMac_JN516x.a(TAM_AES.o)
 .text.vFromU32ToLe
                0x00089e76       0x18 /cygdrive/c/TWESDK/TWESDK/516x/Components/Library/libMac_JN516x.a(TAM_AES.o)
 .text.u8TAM_AES_WriteAuxilliarySecurityHeaderIntoBuffer
                0x00089e8e       0x6a /cygdrive/c/TWESDK/TWESDK/516x/Components/Library/libMac_JN516x.a(TAM_AES.o)
                0x00089e8e                _u8TAM_AES_WriteAuxilliarySecurityHeaderIntoBuffer
 .text.u8Write802_15_4HeaderIntoBuffer
                0x00089ef8      0x110 /cygdrive/c/TWESDK/TWESDK/516x/Components/Library/libMac_JN516x.a(TAM_AES.o)
 .text.vWrite802_15_4NonceIntoBuffer
                0x0008a008       0x4a /cygdrive/c/TWESDK/TWESDK/516x/Components/Library/libMac_JN516x.a(TAM_AES.o)
 .text.vTAM_AES_OptimisedCcmStar
                0x0008a052      0x244 /cygdrive/c/TWESDK/TWESDK/516x/Components/Library/libMac_JN516x.a(TAM_AES.o)
                0x0008a052                _vTAM_AES_OptimisedCcmStar
 .text.bTAM_AES_CCMstarPatch2006
                0x0008a296       0xf4 /cygdrive/c/TWESDK/TWESDK/516x/Components/Library/libMac_JN516x.a(TAM_AES.o)
                0x0008a296                _bTAM_AES_CCMstarPatch2006
 .text.bTAM_AES_CCMstarPatch
                0x0008a38a       0xfe /cygdrive/c/TWESDK/TWESDK/516x/Components/Library/libMac_JN516x.a(TAM_AES.o)
                0x0008a38a                _bTAM_AES_CCMstarPatch
 .text.MAC_u8AclFindInfo
                0x0008a488      0x118 /cygdrive/c/TWESDK/TWESDK/516x/Components/Library/libMac_JN516x.a(mac_acl.o)
                0x0008a488                _MAC_u8AclFindInfo
 .text.vMAC_MISCorphanReceived
                0x0008a5a0       0x4f /cygdrive/c/TWESDK/TWESDK/516x/Components/Library/libMac_JN516x.a(mac_misc.o)
                0x0008a5a0                _vMAC_MISCorphanReceived
 .text.vMAC_MISCpollConfirm
                0x0008a5ef       0x35 /cygdrive/c/TWESDK/TWESDK/516x/Components/Library/libMac_JN516x.a(mac_misc.o)
                0x0008a5ef                _vMAC_MISCpollConfirm
 .text.vMAC_MISCpollRequest
                0x0008a624       0xbe /cygdrive/c/TWESDK/TWESDK/516x/Components/Library/libMac_JN516x.a(mac_misc.o)
                0x0008a624                _vMAC_MISCpollRequest
 .text.vMAC_MISCorphanResponse
                0x0008a6e2       0xc4 /cygdrive/c/TWESDK/TWESDK/516x/Components/Library/libMac_JN516x.a(mac_misc.o)
                0x0008a6e2                _vMAC_MISCorphanResponse
 .text.bPollReqSent
                0x0008a7a6       0x1e /cygdrive/c/TWESDK/TWESDK/516x/Components/Library/libMac_JN516x.a(mac_misc.o)
 .text.vUpdateRegisters
                0x0008a7c4       0x4b /cygdrive/c/TWESDK/TWESDK/516x/Components/Library/libXcv_JN516x.a(xcv_main.o)
 .text.XCV_vCtor
                0x0008a80f      0x1ae /cygdrive/c/TWESDK/TWESDK/516x/Components/Library/libXcv_JN516x.a(xcv_main.o)
                0x0008a80f                _XCV_vCtor
 .text.XCV_vDevWriteIER
                0x0008a9bd        0xa /cygdrive/c/TWESDK/TWESDK/516x/Components/Library/libXcv_JN516x.a(xcv_access.o)
                0x0008a9bd                _XCV_vDevWriteIER
 .text.XCV_vDevRMW_IER
                0x0008a9c7       0x19 /cygdrive/c/TWESDK/TWESDK/516x/Components/Library/libXcv_JN516x.a(xcv_access.o)
                0x0008a9c7                _XCV_vDevRMW_IER
 .text.vXCV_IntHandlerBbc
                0x0008a9e0       0x62 /cygdrive/c/TWESDK/TWESDK/516x/Components/Library/libXcv_JN516x.a(xcv_isr.o)
                0x0008a9e0                _vXCV_IntHandlerBbc
 .text.vXCV_IntHandlerPhy
                0x0008aa42       0xab /cygdrive/c/TWESDK/TWESDK/516x/Components/Library/libXcv_JN516x.a(xcv_isr.o)
                0x0008aa42                _vXCV_IntHandlerPhy
 .text.bACI_CCMstar
                0x0008aaed       0x66 /cygdrive/c/TWESDK/TWESDK/516x/Components/Library/libAes_JN516x.a(AEScoprocessorCCM.o)
                0x0008aaed                _bACI_CCMstar
 .text.TSV_eInit
                0x0008ab53       0x1d /cygdrive/c/TWESDK/TWESDK/516x/Components/Library/libTimerServer_JN516x.a(tsv_main.o)
                0x0008ab53                _TSV_eInit
 .text.TSV_eOpen
                0x0008ab70        0x8 /cygdrive/c/TWESDK/TWESDK/516x/Components/Library/libTimerServer_JN516x.a(tsv_main.o)
                0x0008ab70                _TSV_eOpen
 .text.psRemove
                0x0008ab78       0x47 /cygdrive/c/TWESDK/TWESDK/516x/Components/Library/libTimerServer_JN516x.a(tsv_main.o)
 .text.vExpireHead
                0x0008abbf       0x31 /cygdrive/c/TWESDK/TWESDK/516x/Components/Library/libTimerServer_JN516x.a(tsv_main.o)
 .text.TSV_eExpireProc
                0x0008abf0       0x2b /cygdrive/c/TWESDK/TWESDK/516x/Components/Library/libTimerServer_JN516x.a(tsv_main.o)
                0x0008abf0                _TSV_eExpireProc
 .text.TSV_eStart
                0x0008ac1b       0xcf /cygdrive/c/TWESDK/TWESDK/516x/Components/Library/libTimerServer_JN516x.a(tsv_main.o)
                0x0008ac1b                _TSV_eStart
 .text.TSV_eStop
                0x0008acea       0x79 /cygdrive/c/TWESDK/TWESDK/516x/Components/Library/libTimerServer_JN516x.a(tsv_main.o)
                0x0008acea                _TSV_eStop
 .text.vAHI_IntHandlerAnalogPeriph
                0x0008ad63       0x20 /cygdrive/c/TWESDK/TWESDK/516x/Components/Library/libHardwareApi_JN516x.a(AHI_Analogue.o)
                0x0008ad63                _vAHI_IntHandlerAnalogPeriph
 .text.vAHI_APRegisterCallback
                0x0008ad83        0x9 /cygdrive/c/TWESDK/TWESDK/516x/Components/Library/libHardwareApi_JN516x.a(AHI_Analogue.o)
                0x0008ad83                _vAHI_APRegisterCallback
 .text.vAHI_BrownOutConfigure
                0x0008ad8c       0x4e /cygdrive/c/TWESDK/TWESDK/516x/Components/Library/libHardwareApi_JN516x.a(AHI_BrownOut.o)
                0x0008ad8c                _vAHI_BrownOutConfigure
 .text.vAHI_DioSetDirection
                0x0008adda       0x14 /cygdrive/c/TWESDK/TWESDK/516x/Components/Library/libHardwareApi_JN516x.a(AHI_Dio.o)
                0x0008adda                _vAHI_DioSetDirection
 .text.vAHI_DioSetOutput
                0x0008adee       0x14 /cygdrive/c/TWESDK/TWESDK/516x/Components/Library/libHardwareApi_JN516x.a(AHI_Dio.o)
                0x0008adee                _vAHI_DioSetOutput
 .text.u32AHI_DioWakeStatus
                0x0008ae02       0x11 /cygdrive/c/TWESDK/TWESDK/516x/Components/Library/libHardwareApi_JN516x.a(AHI_Dio.o)
                0x0008ae02                _u32AHI_DioWakeStatus
 .text.vAHI_DioSetPullup
                0x0008ae13       0x20 /cygdrive/c/TWESDK/TWESDK/516x/Components/Library/libHardwareApi_JN516x.a(AHI_Dio.o)
                0x0008ae13                _vAHI_DioSetPullup
 .text.vAHI_DioWakeEnable
                0x0008ae33       0x20 /cygdrive/c/TWESDK/TWESDK/516x/Components/Library/libHardwareApi_JN516x.a(AHI_Dio.o)
                0x0008ae33                _vAHI_DioWakeEnable
 .text.vAHI_DioWakeEdge
                0x0008ae53       0x20 /cygdrive/c/TWESDK/TWESDK/516x/Components/Library/libHardwareApi_JN516x.a(AHI_Dio.o)
                0x0008ae53                _vAHI_DioWakeEdge
 .text.u32AHI_Init
                0x0008ae73       0xc5 /cygdrive/c/TWESDK/TWESDK/516x/Components/Library/libHardwareApi_JN516x.a(AHI_Init.o)
                0x0008ae73                _u32AHI_Init
 .text          0x0008af38       0x27 /cygdrive/c/TWESDK/TWESDK/516x/Components/Library/libHardwareApi_JN516x.a(AHI_Interrupt.o)
                0x0008af56                _vAHI_InterruptSetActivePriorityLevel
                0x0008af38                _vAHI_InterruptSetPriority
 .text.vAHI_SwReset
                0x0008af5f        0x9 /cygdrive/c/TWESDK/TWESDK/516x/Components/Library/libHardwareApi_JN516x.a(AHI_Reset.o)
                0x0008af5f                _vAHI_SwReset
 .text.vAHI_SiMasterConfigure
                0x0008af68       0x43 /cygdrive/c/TWESDK/TWESDK/516x/Components/Library/libHardwareApi_JN516x.a(AHI_Si.o)
                0x0008af68                _vAHI_SiMasterConfigure
 .text.bAHI_SiMasterSetCmdReg