Archive member included because of file (symbol)

/cygdrive/c/TWESDK/TWESDK/Wks_ToCoNet/Monitor2/../../Wks_libToCoNet/libToCoNet/lib/libToCoNet_JN5164.a(ToCoNet_event.o)
                              objs_JN5164_LITE2525A/EndDevice_Input.o (_PRSEV_u8Register)
/cygdrive/c/TWESDK/TWESDK/Wks_ToCoNet/Monitor2/../../Wks_libToCoNet/libToCoNet/lib/libToCoNet_JN5164.a(ToCoNet_main.o)
                              objs_JN5164_LITE2525A/EndDevice_Input.o (_ToCoNet_vDebugInit)
/cygdrive/c/TWESDK/TWESDK/Wks_ToCoNet/Monitor2/../../Wks_libToCoNet/libToCoNet/lib/libToCoNet_JN5164.a(ToCoNet_utils.o)
                              objs_JN5164_LITE2525A/EndDevice_Input.o (_ToCoNet_u32GetVersion)
/cygdrive/c/TWESDK/TWESDK/Wks_ToCoNet/Monitor2/../../Wks_libToCoNet/libToCoNet/lib/libToCoNet_JN5164.a(ToCoNet_mod_Tx.o)
                              objs_JN5164_LITE2525A/EndDevice_Input.o (_ToCoNet_vReg_mod_Tx_Standard)
/cygdrive/c/TWESDK/TWESDK/Wks_ToCoNet/Monitor2/../../Wks_libToCoNet/libToCoNet/lib/libToCoNet_JN5164.a(ToCoNet_mod_TxRxQueue.o)
                              objs_JN5164_LITE2525A/EndDevice_Input.o (_ToCoNet_vReg_mod_TxRxQueueMid)
/cygdrive/c/TWESDK/TWESDK/Wks_ToCoNet/Monitor2/../../Wks_libToCoNet/libToCoNet/lib/libToCoNet_JN5164.a(ToCoNet_mod_Nwk_Common.o)
                              /cygdrive/c/TWESDK/TWESDK/Wks_ToCoNet/Monitor2/../../Wks_libToCoNet/libToCoNet/lib/libToCoNet_JN5164.a(ToCoNet_main.o) (_ToCoNet_vRxProc_App)
/cygdrive/c/TWESDK/TWESDK/Wks_ToCoNet/Monitor2/../../Wks_libToCoNet/libToCoNet/lib/libToCoNet_JN5164.a(ToCoNet_mod_Nwk_LayerTree_MiniNodes.o)
                              objs_JN5164_LITE2525A/ProcessEv_Standard.o (_ToCoNet_NwkLyTr_psConfig_MiniNodes)
/cygdrive/c/TWESDK/TWESDK/Wks_ToCoNet/Monitor2/../../Wks_libToCoNet/libToCoNet/lib/libToCoNet_JN5164.a(ToCoNet_mod_Channel_Mgr.o)
                              /cygdrive/c/TWESDK/TWESDK/Wks_ToCoNet/Monitor2/../../Wks_libToCoNet/libToCoNet/lib/libToCoNet_JN5164.a(ToCoNet_main.o) (_ToCoNet_ChMgr_bCh_Reconfig)
/cygdrive/c/TWESDK/TWESDK/Wks_ToCoNet/Monitor2/../../Wks_libToCoNet/libToCoNet/lib/libToCoNet_JN5164.a(Version.o)
                              /cygdrive/c/TWESDK/TWESDK/Wks_ToCoNet/Monitor2/../../Wks_libToCoNet/libToCoNet/lib/libToCoNet_JN5164.a(ToCoNet_utils.o) (_au8ToCoNetVersionInfo)
/cygdrive/c/TWESDK/TWESDK/Wks_ToCoNet/Monitor2/../../Wks_libToCoNet/libToCoNet/lib/libToCoNet_JN5164.a(AppQueueApi_ToCoNet.o)
                              /cygdrive/c/TWESDK/TWESDK/Wks_ToCoNet/Monitor2/../../Wks_libToCoNet/libToCoNet/lib/libToCoNet_JN5164.a(ToCoNet_main.o) (_psAppQApiReadHwIndT)
/cygdrive/c/TWESDK/TWESDK/Wks_ToCoNet/Monitor2/../../Wks_libToCoNet/libToCoNet/lib/libToCoNet_JN5164.a(ToCoNet_mod_Nwk_LayerTree.o)
                              /cygdrive/c/TWESDK/TWESDK/Wks_ToCoNet/Monitor2/../../Wks_libToCoNet/libToCoNet/lib/libToCoNet_JN5164.a(ToCoNet_mod_Nwk_LayerTree_MiniNodes.o) (_ToCoNet_NwkLyTr_psConfig)
/cygdrive/c/TWESDK/TWESDK/Wks_ToCoNet/Monitor2/../../Wks_libToCoNet/libToCoNet/lib/libToCoNet_JN5164.a(ToCoNet_mod_NbScan.o)
                              /cygdrive/c/TWESDK/TWESDK/Wks_ToCoNet/Monitor2/../../Wks_libToCoNet/libToCoNet/lib/libToCoNet_JN5164.a(ToCoNet_mod_Nwk_LayerTree.o) (_ToCoNet_NbScan_bStartToFindRole)
/cygdrive/c/TWESDK/TWESDK/Wks_ToCoNet/Monitor2/../../Wks_libToCoNet/libToCoNet/lib/libToCoNetExt_JN5164.a(AppStart.o)
                              /cygdrive/c/TWESDK/TWESDK/Wks_ToCoNet/Monitor2/../../Wks_libToCoNet/libToCoNet/lib/libToCoNet_JN5164.a(ToCoNet_mod_Channel_Mgr.o) (__ToCoNet_bRfChChannel)
/cygdrive/c/TWESDK/TWESDK/Wks_ToCoNet/Monitor2/../../Wks_libToCoNet/libToCoNet/lib/libToCoNetExt_JN5164.a(getMacAddr.o)
                              /cygdrive/c/TWESDK/TWESDK/Wks_ToCoNet/Monitor2/../../Wks_libToCoNet/libToCoNet/lib/libToCoNet_JN5164.a(ToCoNet_main.o) (_ToCoNet_u32GetSerialOnBoot)
/cygdrive/c/TWESDK/TWESDK/Wks_ToCoNet/Monitor2/../../Wks_libToCoNet/libToCoNet/lib/libToCoNetExt_JN5164.a(mac.o)
                              /cygdrive/c/TWESDK/TWESDK/Wks_ToCoNet/Monitor2/../../Wks_libToCoNet/libToCoNet/lib/libToCoNet_JN5164.a(ToCoNet_main.o) (_Mac_bRxQueueReg)
/cygdrive/c/TWESDK/TWESDK/Wks_ToCoNet/Monitor2/../../Wks_libToCoNet/libToCoNet/lib/libToCoNetExt_JN5164.a(AES_CCM.o)
                              /cygdrive/c/TWESDK/TWESDK/Wks_ToCoNet/Monitor2/../../Wks_libToCoNet/libToCoNet/lib/libToCoNetExt_JN5164.a(mac.o) (_bAES_CCM_Encode)
/cygdrive/c/TWESDK/TWESDK/Wks_ToCoNet/Monitor2/../../Wks_libToCoNet/libToCoNet/lib/libToCoNetExt_JN5164.a(eeprom_6x.o)
                              objs_JN5164_LITE2525A/flash.o (_EEP_6x_bRead)
/cygdrive/c/TWESDK/TWESDK/Wks_ToCoNet/Monitor2/../../Wks_libToCoNet/libToCoNet/lib/libToCoNetExt_JN5164.a(no_ack_handler.o)
                              /cygdrive/c/TWESDK/TWESDK/Wks_ToCoNet/Monitor2/../../Wks_libToCoNet/libToCoNet/lib/libToCoNetExt_JN5164.a(AppStart.o) (_vInstallNoAckHandler)
[...]
Memory Configuration

Name             Origin             Length             Attributes
flash            0x00080000         0x00028000
ram              0x0400004c         0x00007fb4
*default*        0x00000000         0xffffffff

Linker script and memory map

LOAD objs_JN5164_LITE2525A/EndDevice_Input.o
LOAD objs_JN5164_LITE2525A/common.o
LOAD objs_JN5164_LITE2525A/flash.o
LOAD objs_JN5164_LITE2525A/adc.o
LOAD objs_JN5164_LITE2525A/SMBus.o
LOAD objs_JN5164_LITE2525A/BH1715.o
LOAD objs_JN5164_LITE2525A/SHT21.o
LOAD objs_JN5164_LITE2525A/BME280.o
LOAD objs_JN5164_LITE2525A/S1105902.o
LOAD objs_JN5164_LITE2525A/ADT7410.o
LOAD objs_JN5164_LITE2525A/ADXL345.o
LOAD objs_JN5164_LITE2525A/ADXL345_LowEnergy.o
LOAD objs_JN5164_LITE2525A/MPL115A2.o
LOAD objs_JN5164_LITE2525A/LIS3DH.o
LOAD objs_JN5164_LITE2525A/L3GD20.o
LOAD objs_JN5164_LITE2525A/TSL2561.o
LOAD objs_JN5164_LITE2525A/sensor_driver.o
LOAD objs_JN5164_LITE2525A/Interactive.o
LOAD objs_JN5164_LITE2525A/input_string.o
LOAD objs_JN5164_LITE2525A/sercmd_ascii.o
LOAD objs_JN5164_LITE2525A/sercmd_chat.o
LOAD objs_JN5164_LITE2525A/sercmd_plus3.o
LOAD objs_JN5164_LITE2525A/sercmd_binary.o
LOAD objs_JN5164_LITE2525A/ProcessEv_Standard.o
LOAD objs_JN5164_LITE2525A/ProcessEv_Button.o
LOAD objs_JN5164_LITE2525A/ProcessEv_Config.o
LOAD objs_JN5164_LITE2525A/ProcessEv_ConfigMaster.o
LOAD objs_JN5164_LITE2525A/ProcessEv_Door_Timer.o
LOAD objs_JN5164_LITE2525A/ProcessEv_Door_Timer_Nwk.o
LOAD objs_JN5164_LITE2525A/ProcessEv_SHT21.o
LOAD objs_JN5164_LITE2525A/ProcessEv_BME280.o
LOAD objs_JN5164_LITE2525A/ProcessEv_S1105902.o
LOAD objs_JN5164_LITE2525A/ProcessEv_ADT7410.o
LOAD objs_JN5164_LITE2525A/ProcessEv_TSL2561.o
LOAD objs_JN5164_LITE2525A/ProcessEv_ADXL345.o
LOAD objs_JN5164_LITE2525A/ProcessEv_ADXL345_LowEnergy.o
LOAD objs_JN5164_LITE2525A/ProcessEv_MPL115A2.o
LOAD objs_JN5164_LITE2525A/ProcessEv_LIS3DH.o
LOAD objs_JN5164_LITE2525A/ProcessEv_L3GD20.o
LOAD objs_JN5164_LITE2525A/ProcessEv_UART.o
LOAD /cygdrive/c/TWESDK/TWESDK/Wks_ToCoNet/Monitor2/../../Wks_libToCoNet/libToCoNet/lib/libToCoNet_JN5164.a
LOAD /cygdrive/c/TWESDK/TWESDK/Wks_ToCoNet/Monitor2/../../Wks_libToCoNet/libToCoNet/lib/libToCoNetExt_JN5164.a
LOAD /cygdrive/c/TWESDK/TWESDK/Wks_ToCoNet/Monitor2/../../Wks_libToCoNet/libToCoNet/lib/libToCoNetUtils_JN5164.a
START GROUP
LOAD /cygdrive/c/TWESDK/TWESDK/Tools/ba-elf-ba2/bin/../lib/gcc/ba-elf/4.1.2/../../../../ba-elf/lib/ba2/libm.a
LOAD /cygdrive/c/TWESDK/TWESDK/516x/Components/Library/libAppApi_JN516x.a
LOAD /cygdrive/c/TWESDK/TWESDK/516x/Components/Library/libMac_JN516x.a
LOAD /cygdrive/c/TWESDK/TWESDK/516x/Components/Library/libTof_JN516x.a
LOAD /cygdrive/c/TWESDK/TWESDK/516x/Components/Library/libXcv_JN516x.a
LOAD /cygdrive/c/TWESDK/TWESDK/516x/Components/Library/libAES_CCM_SW_PATCH_JN516x.a
LOAD /cygdrive/c/TWESDK/TWESDK/516x/Components/Library/libAes_JN516x.a
LOAD /cygdrive/c/TWESDK/TWESDK/516x/Components/Library/libTimerServer_JN516x.a
LOAD /cygdrive/c/TWESDK/TWESDK/516x/Components/Library/libHardwareApi_JN516x.a
LOAD /cygdrive/c/TWESDK/TWESDK/516x/Components/Library/libMicroSpecific_JN516x.a
LOAD /cygdrive/c/TWESDK/TWESDK/516x/Components/Library/libBoot_JN516x.a
LOAD /cygdrive/c/TWESDK/TWESDK/516x/Components/Library/libMaths_JN516x.a
LOAD /cygdrive/c/TWESDK/TWESDK/Wks_ToCoNet/Monitor2/../../Wks_libToCoNet/libToCoNet/lib/libToCoNet_JN5164.a
LOAD /cygdrive/c/TWESDK/TWESDK/Wks_ToCoNet/Monitor2/../../Wks_libToCoNet/libToCoNet/lib/libToCoNetExt_JN5164.a
LOAD /cygdrive/c/TWESDK/TWESDK/Wks_ToCoNet/Monitor2/../../Wks_libToCoNet/libToCoNet/lib/libToCoNetUtils_JN5164.a
END GROUP
LOAD /cygdrive/c/TWESDK/TWESDK/Tools/ba-elf-ba2/bin/../lib/gcc/ba-elf/4.1.2/ba2/libgcc.a
LOAD /cygdrive/c/TWESDK/TWESDK/Tools/ba-elf-ba2/bin/../lib/gcc/ba-elf/4.1.2/../../../../ba-elf/lib/ba2/libc.a
LOAD /cygdrive/c/TWESDK/TWESDK/Tools/ba-elf-ba2/bin/../lib/gcc/ba-elf/4.1.2/ba2/libgcc.a
                0x00001000                _stack_size = 0x1000
                0x00080038                __exception_vsr_table = 0x80038
                0x04000000                _pSPIflashFncTable = 0x4000000
                0x00001000                _stack_size = 0x1000
                0x00000044                restore_state = 0x44
                0x0000004a                _bZSPIWaitWIPClear = 0x4a
                0x00000050                _u16ZSPIflashRDID = 0x50
                0x00000056                _u8SelectFlashChipType = 0x56
                0x0000005c                _memcpy = 0x5c
                0x00000066                _vBootFlashProg = 0x66
                [0x00000d16]                _minimum_heap_size = DEFINED (_minimum_heap_size)?_minimum_heap_size:0xd16
                0x00000000                _SwConfig = (DEFINED (g_bSWConf_Debug) | (DEFINED (g_bSWConf_AltDebugPort) << 0x1))

.version        0x0007fffc        0x4
                0x0007fffc        0x4 LONG 0x4030008

.bir            0x00080000       0x10
                0x00080000                _flash_start = <code 342> (.)
                0x00080000                _flash_beg = <code 342> (.)
                0x00080000        0x4 LONG 0x12345678
                0x00080004        0x4 LONG 0x11223344
                0x00080008        0x4 LONG 0x55667788
                0x0008000c        0x1 BYTE 0x8
                0x0008000d        0x1 BYTE 0x1
                0x0008000e        0x2 SHORT 0x0

.flashheader    0x00080010       0x28
                0x00080010        0x4 LONG 0x0
                0x00080014        0x4 LONG 0x0
                0x00080018        0x4 LONG 0x0
                0x0008001c        0x2 SHORT 0x0
                0x0008001e        0x2 SHORT 0x0 <code 342> (_SwConfig)
                0x00080020                _enc_start = <code 342> (.)
                0x00080020        0x4 LONG 0x1beac <code 342> (_image_len)
                0x00000000                _enc_offset = (_enc_start & 0xf)
                [0x00000020]                _enc_start = (_enc_start - _flash_beg)
                0x00080024        0x4 LONG 0x9b8f4 <code 342> (_flash_data_start)
                0x00080028        0x2 SHORT 0x13 ((<code 342> (_ram_data_start) / 0x4) & 0xffff)
                0x0008002a        0x2 SHORT 0x16e ((<code 342> (_ram_data_len) / 0x4) & 0xffff)
                0x0008002c        0x2 SHORT 0x181 ((<code 342> (_bss_start) / 0x4) & 0xffff)
                0x0008002e        0x2 SHORT 0x814 ((<code 342> (_bss_len) / 0x4) & 0xffff)
                0x00080030        0x4 LONG 0x8f9d5 <code 342> (_AppWarmStart)
                0x00080034        0x4 LONG 0x8fb81 <code 342> (_AppColdStart)
                0x00000044                PROVIDE (_vException_BusError, restore_state)
                0x00000044                PROVIDE (_vException_UnalignedAccess, restore_state)
                0x00000044                PROVIDE (_vException_IllegalInstruction, restore_state)
                0x00000044                PROVIDE (_vException_SysCall, restore_state)
                0x00000044                PROVIDE (_vException_Trap, restore_state)
                0x00000044                PROVIDE (_vException_StackOverflow, restore_state)
                0x00080038                . = <code 342> (__exception_vsr_table)

.vsr_table      0x00080038       0x18
                0x00080038        0x4 LONG 0x44 <code 342> (_vException_BusError)
                0x0008003c        0x4 LONG 0x44 <code 342> (_vException_UnalignedAccess)
                0x00080040        0x4 LONG 0x44 <code 342> (_vException_IllegalInstruction)
                0x00080044        0x4 LONG 0x44 <code 342> (_vException_SysCall)
                0x00080048        0x4 LONG 0x44 <code 342> (_vException_Trap)
                0x0008004c        0x4 LONG 0x44 <code 342> (_vException_StackOverflow)

.vsr_handlers   0x00080050       0xab
 *(.vsr_handlers)
 .vsr_handlers  0x00080050       0xab /cygdrive/c/TWESDK/TWESDK/516x/Components/Library/libBoot_JN516x.a(ExceptionHandler.o)
                0x00080050                __exception_external_interrupt
                0x000800f9                __default_vsr_dummy

.rodata         0x00080100     0x1929
 *(.rodata*)
 .rodata.str1.1
                0x00080100      0x101 objs_JN5164_LITE2525A/EndDevice_Input.o
                                0x104 (size before relaxing)
 *fill*         0x00080201        0x3 00
 .rodata.u32DioPortWakeUp
                0x00080204        0x4 objs_JN5164_LITE2525A/common.o
                0x00080204                _u32DioPortWakeUp
 .rodata.au8EncKey
                0x00080208       0x10 objs_JN5164_LITE2525A/common.o
                0x00080208                _au8EncKey
 .rodata.au8AdcSrcTable
                0x00080218        0x6 objs_JN5164_LITE2525A/adc.o
 .rodata.au8TickWait
                0x0008021e        0x2 objs_JN5164_LITE2525A/SHT21.o
                0x0008021e                _au8TickWait
 .rodata.au8TrigCmd
                0x00080220        0x2 objs_JN5164_LITE2525A/SHT21.o
                0x00080220                _au8TrigCmd
 .rodata.S1105902_AXIS
                0x00080222        0x4 objs_JN5164_LITE2525A/S1105902.o
                0x00080222                _S1105902_AXIS
 .rodata.ADXL345_AXIS
                0x00080226        0x3 objs_JN5164_LITE2525A/ADXL345.o
                0x00080226                _ADXL345_AXIS
 *fill*         0x00080229        0x3 00
 .rodata.C.10.5134
                0x0008022c        0xc objs_JN5164_LITE2525A/ADXL345.o
 .rodata.C.9.5133
                0x00080238        0x6 objs_JN5164_LITE2525A/ADXL345.o
 .rodata.ADXL345_LOWENERGY_AXIS
                0x0008023e        0x3 objs_JN5164_LITE2525A/ADXL345_LowEnergy.o
                0x0008023e                _ADXL345_LOWENERGY_AXIS
 .rodata.LIS3DH_AXIS
                0x00080241        0x3 objs_JN5164_LITE2525A/LIS3DH.o
                0x00080241                _LIS3DH_AXIS
 .rodata.L3GD20_AXIS
                0x00080244        0x3 objs_JN5164_LITE2525A/L3GD20.o
                0x00080244                _L3GD20_AXIS
 .rodata.str1.1
                0x00080247      0x700 objs_JN5164_LITE2525A/Interactive.o
                                0x717 (size before relaxing)
 .rodata.au8tbl.2213
                0x00080947       0x11 objs_JN5164_LITE2525A/sercmd_ascii.o
 .rodata.u8tbl.2152
                0x00080958       0x17 objs_JN5164_LITE2525A/sercmd_ascii.o
 .rodata.str1.1
                0x0008096f       0x57 objs_JN5164_LITE2525A/ProcessEv_Standard.o
                                 0x7b (size before relaxing)
 *fill*         0x000809c6        0x2 00
 .rodata.asStateFuncTbl
                0x000809c8       0x28 objs_JN5164_LITE2525A/ProcessEv_Standard.o
 .rodata.str1.1
                0x000809f0       0x15 objs_JN5164_LITE2525A/ProcessEv_Button.o
                                 0x92 (size before relaxing)
 *fill*         0x00080a05        0x3 00
 .rodata.asStateFuncTbl
                0x00080a08       0x30 objs_JN5164_LITE2525A/ProcessEv_Button.o
 .rodata.C.9.4734
                0x00080a38        0x4 objs_JN5164_LITE2525A/ProcessEv_Button.o
 .rodata.str1.1
                0x00080a3c      0x169 objs_JN5164_LITE2525A/ProcessEv_Config.o
                                0x171 (size before relaxing)
 *fill*         0x00080ba5        0x3 00
 .rodata.asStateFuncTbl
                0x00080ba8       0x38 objs_JN5164_LITE2525A/ProcessEv_Config.o
 .rodata.str1.1
                0x00080be0       0x4e objs_JN5164_LITE2525A/ProcessEv_Door_Timer.o
                                 0xdb (size before relaxing)
 *fill*         0x00080c2e        0x2 00
 .rodata.asStateFuncTbl
                0x00080c30       0x20 objs_JN5164_LITE2525A/ProcessEv_Door_Timer.o
 .rodata.str1.1
                0x00080c50       0x50 objs_JN5164_LITE2525A/ProcessEv_Door_Timer_Nwk.o
 .rodata.asStateFuncTbl
                0x00080ca0       0x18 objs_JN5164_LITE2525A/ProcessEv_Door_Timer_Nwk.o
 .rodata.str1.1
                0x00080cb8       0xaf objs_JN5164_LITE2525A/ProcessEv_SHT21.o
                                0x117 (size before relaxing)
 *fill*         0x00080d67        0x1 00
 .rodata.asStateFuncTbl
                0x00080d68       0x28 objs_JN5164_LITE2525A/ProcessEv_SHT21.o
 .rodata.str1.1
                0x00080d90       0x59 objs_JN5164_LITE2525A/ProcessEv_BME280.o
                                0x13d (size before relaxing)
 *fill*         0x00080de9        0x3 00
 .rodata.asStateFuncTbl
                0x00080dec       0x28 objs_JN5164_LITE2525A/ProcessEv_BME280.o
 .rodata.str1.1
                0x00080e14       0x45 objs_JN5164_LITE2525A/ProcessEv_S1105902.o
                                0x129 (size before relaxing)
 *fill*         0x00080e59        0x3 00
 .rodata.asStateFuncTbl
                0x00080e5c       0x28 objs_JN5164_LITE2525A/ProcessEv_S1105902.o
 .rodata.str1.1
                0x00080e84       0x2d objs_JN5164_LITE2525A/ProcessEv_ADT7410.o
                                0x111 (size before relaxing)
 *fill*         0x00080eb1        0x3 00
 .rodata.asStateFuncTbl
                0x00080eb4       0x28 objs_JN5164_LITE2525A/ProcessEv_ADT7410.o
 .rodata.str1.1
                0x00080edc       0x34 objs_JN5164_LITE2525A/ProcessEv_TSL2561.o
                                0x118 (size before relaxing)
 .rodata.asStateFuncTbl
                0x00080f10       0x28 objs_JN5164_LITE2525A/ProcessEv_TSL2561.o
 .rodata.str1.1
                0x00080f38      0x1fb objs_JN5164_LITE2525A/ProcessEv_ADXL345.o
                                0x2bb (size before relaxing)
 *fill*         0x00081133        0x1 00
 .rodata.asStateFuncTbl
                0x00081134       0x28 objs_JN5164_LITE2525A/ProcessEv_ADXL345.o
 .rodata.str1.1
                0x00000000      0x138 objs_JN5164_LITE2525A/ProcessEv_ADXL345_LowEnergy.o
 .rodata.asStateFuncTbl
                0x0008115c       0x28 objs_JN5164_LITE2525A/ProcessEv_ADXL345_LowEnergy.o
 .rodata.str1.1
                0x00081184       0x2c objs_JN5164_LITE2525A/ProcessEv_MPL115A2.o
                                0x110 (size before relaxing)
 .rodata.asStateFuncTbl
                0x000811b0       0x28 objs_JN5164_LITE2525A/ProcessEv_MPL115A2.o
 .rodata.str1.1
                0x000811d8       0x39 objs_JN5164_LITE2525A/ProcessEv_LIS3DH.o
                                0x11d (size before relaxing)
 *fill*         0x00081211        0x3 00
 .rodata.asStateFuncTbl
                0x00081214       0x28 objs_JN5164_LITE2525A/ProcessEv_LIS3DH.o
 .rodata.C.15.4812
                0x0008123c        0x4 objs_JN5164_LITE2525A/ProcessEv_LIS3DH.o
 .rodata.str1.1
                0x00081240       0x39 objs_JN5164_LITE2525A/ProcessEv_L3GD20.o
                                0x11d (size before relaxing)
 *fill*         0x00081279        0x3 00
 .rodata.asStateFuncTbl
                0x0008127c       0x28 objs_JN5164_LITE2525A/ProcessEv_L3GD20.o
 .rodata.C.15.4814
                0x000812a4        0x4 objs_JN5164_LITE2525A/ProcessEv_L3GD20.o
 .rodata.str1.1
                0x000812a8       0x77 objs_JN5164_LITE2525A/ProcessEv_UART.o
                                0x149 (size before relaxing)
 *fill*         0x0008131f        0x1 00
 .rodata.asStateFuncTbl
                0x00081320       0x38 objs_JN5164_LITE2525A/ProcessEv_UART.o
 .rodata.str1.1
                0x00081358       0x11 /cygdrive/c/TWESDK/TWESDK/Wks_ToCoNet/Monitor2/../../Wks_libToCoNet/libToCoNet/lib/libToCoNet_JN5164.a(ToCoNet_mod_Tx.o)
 *fill*         0x00081369        0x3 00
 .rodata.asStateFuncTbl
                0x0008136c       0x38 /cygdrive/c/TWESDK/TWESDK/Wks_ToCoNet/Monitor2/../../Wks_libToCoNet/libToCoNet/lib/libToCoNet_JN5164.a(ToCoNet_mod_Tx.o)
 .rodata.au8ToCoNetVersionInfo
                0x000813a4        0xc /cygdrive/c/TWESDK/TWESDK/Wks_ToCoNet/Monitor2/../../Wks_libToCoNet/libToCoNet/lib/libToCoNet_JN5164.a(Version.o)
                0x000813a4                _au8ToCoNetVersionInfo
 .rodata.str1.1
                0x000813b0       0x11 /cygdrive/c/TWESDK/TWESDK/Wks_ToCoNet/Monitor2/../../Wks_libToCoNet/libToCoNet/lib/libToCoNetExt_JN5164.a(AppStart.o)
 .rodata        0x000813c1       0x11 /cygdrive/c/TWESDK/TWESDK/Wks_ToCoNet/Monitor2/../../Wks_libToCoNet/libToCoNet/lib/libToCoNetExt_JN5164.a(AppStart.o)
 .rodata.au8k.5340
                0x000813d2       0x20 /cygdrive/c/TWESDK/TWESDK/Wks_ToCoNet/Monitor2/../../Wks_libToCoNet/libToCoNet/lib/libToCoNetExt_JN5164.a(AppStart.o)
 .rodata.au8k.5378
                0x000813f2       0x20 /cygdrive/c/TWESDK/TWESDK/Wks_ToCoNet/Monitor2/../../Wks_libToCoNet/libToCoNet/lib/libToCoNetExt_JN5164.a(AppStart.o)
 .rodata.str1.1
                0x00081412       0x11 /cygdrive/c/TWESDK/TWESDK/Wks_ToCoNet/Monitor2/../../Wks_libToCoNet/libToCoNet/lib/libToCoNetExt_JN5164.a(mac.o)
 *fill*         0x00081423        0x1 00
 .rodata.u32MacHigh_TOCOS
                0x00081424        0x4 /cygdrive/c/TWESDK/TWESDK/Wks_ToCoNet/Monitor2/../../Wks_libToCoNet/libToCoNet/lib/libToCoNetExt_JN5164.a(mac.o)
                0x00081424                _u32MacHigh_TOCOS
 .rodata.u32MacLow_TOCOS
                0x00081428        0x4 /cygdrive/c/TWESDK/TWESDK/Wks_ToCoNet/Monitor2/../../Wks_libToCoNet/libToCoNet/lib/libToCoNetExt_JN5164.a(mac.o)
                0x00081428                _u32MacLow_TOCOS
 .rodata.au8ToCoNetExtVersionInfo
                0x0008142c        0xc /cygdrive/c/TWESDK/TWESDK/Wks_ToCoNet/Monitor2/../../Wks_libToCoNet/libToCoNet/lib/libToCoNetExt_JN5164.a(Version.o)
                0x0008142c                _au8ToCoNetExtVersionInfo
 .rodata.au8SpeedCodeToEepromClkDivisors
                0x00081438        0x8 /cygdrive/c/TWESDK/TWESDK/Wks_ToCoNet/Monitor2/../../Wks_libToCoNet/libToCoNet/lib/libToCoNetExt_JN5164.a(PDM_EEPROM.o)
 .rodata.u8CRCTable
                0x00081440      0x100 /cygdrive/c/TWESDK/TWESDK/Wks_ToCoNet/Monitor2/../../Wks_libToCoNet/libToCoNet/lib/libToCoNetUtils_JN5164.a(ccitt8.o)
 .rodata.str1.1
                0x00081540        0x7 /cygdrive/c/TWESDK/TWESDK/Wks_ToCoNet/Monitor2/../../Wks_libToCoNet/libToCoNet/lib/libToCoNetUtils_JN5164.a(fprintf.o)
 .rodata.au8ToCoNetUtilsVersionInfo
                0x00081547        0xc /cygdrive/c/TWESDK/TWESDK/Wks_ToCoNet/Monitor2/../../Wks_libToCoNet/libToCoNet/lib/libToCoNetUtils_JN5164.a(Version.o)
                0x00081547                _au8ToCoNetUtilsVersionInfo
 .rodata.str1.1
                0x00081553        0x5 /cygdrive/c/TWESDK/TWESDK/Tools/ba-elf-ba2/bin/../lib/gcc/ba-elf/4.1.2/../../../../ba-elf/lib/ba2/libm.a(w_sqrt.o)
 .rodata        0x00081558        0x4 /cygdrive/c/TWESDK/TWESDK/Tools/ba-elf-ba2/bin/../lib/gcc/ba-elf/4.1.2/../../../../ba-elf/lib/ba2/libm.a(s_lib_ver.o)
                0x00081558                ___fdlib_version
 .rodata.s_sPibInit
                0x0008155c       0x18 /cygdrive/c/TWESDK/TWESDK/516x/Components/Library/libMac_JN516x.a(mac_pib_mlme.o)
 .rodata.aeXcvPhyEvtToScanEvt.4240
                0x00081574       0x18 /cygdrive/c/TWESDK/TWESDK/516x/Components/Library/libMac_JN516x.a(mac_scan.o)
 .rodata.aeXcvBbcEvtToScanEvt.4230
                0x0008158c        0xa /cygdrive/c/TWESDK/TWESDK/516x/Components/Library/libMac_JN516x.a(mac_scan.o)
 .rodata.s_atScanEvtST
                0x00081596       0x31 /cygdrive/c/TWESDK/TWESDK/516x/Components/Library/libMac_JN516x.a(mac_scan.o)
 *fill*         0x000815c7        0x1 00
 .rodata.s_aprScanHandleEvt
                0x000815c8       0x30 /cygdrive/c/TWESDK/TWESDK/516x/Components/Library/libMac_JN516x.a(mac_scan.o)
 .rodata.psTAMcontext
                0x000815f8        0x4 /cygdrive/c/TWESDK/TWESDK/516x/Components/Library/libMac_JN516x.a(TAM.o)
                0x000815f8                _psTAMcontext
 .rodata.psTamMacContext
                0x000815fc        0x4 /cygdrive/c/TWESDK/TWESDK/516x/Components/Library/libMac_JN516x.a(TAM.o)
                0x000815fc                _psTamMacContext
 .rodata.psTamXcvContext
                0x00081600        0x4 /cygdrive/c/TWESDK/TWESDK/516x/Components/Library/libMac_JN516x.a(TAM.o)
                0x00081600                _psTamXcvContext
 .rodata.au8XcvToTAMevent.4757
                0x00081604        0xa /cygdrive/c/TWESDK/TWESDK/516x/Components/Library/libMac_JN516x.a(TAM.o)
 .rodata.au8HeaderSize.4215
                0x0008160e        0xe /cygdrive/c/TWESDK/TWESDK/516x/Components/Library/libMac_JN516x.a(TAMcommon.o)
 .rodata.apvActionCalls
                0x0008161c       0x88 /cygdrive/c/TWESDK/TWESDK/516x/Components/Library/libMac_JN516x.a(TAMevent.o)
                0x0008161c                _apvActionCalls
 .rodata.au8StateActions
                0x000816a4       0x8c /cygdrive/c/TWESDK/TWESDK/516x/Components/Library/libMac_JN516x.a(TAMevent.o)
                0x000816a4                _au8StateActions
 .rodata.au8SizeInc.4433
                0x00081730        0x9 /cygdrive/c/TWESDK/TWESDK/516x/Components/Library/libMac_JN516x.a(TAMsecurity.o)
 .rodata.au8MICLenLUT.3714
                0x00081739        0x4 /cygdrive/c/TWESDK/TWESDK/516x/Components/Library/libMac_JN516x.a(TAMsecurity.o)
 .rodata.au8FlashWaitStates32MXO
                0x0008173d        0x8 /cygdrive/c/TWESDK/TWESDK/516x/Components/Library/libHardwareApi_JN516x.a(AHI_System.o)
 .rodata.au8FlashWaitStatesHSRCO
                0x00081745        0x8 /cygdrive/c/TWESDK/TWESDK/516x/Components/Library/libHardwareApi_JN516x.a(AHI_System.o)
 *fill*         0x0008174d        0x3 00
 .rodata.au32TimerBaseAddress
                0x00081750       0x14 /cygdrive/c/TWESDK/TWESDK/516x/Components/Library/libHardwareApi_JN516x.a(AHI_Timer.o)
 .rodata.au32UartAddrOffset
                0x00081764        0x8 /cygdrive/c/TWESDK/TWESDK/516x/Components/Library/libHardwareApi_JN516x.a(AHI_Uart.o)
                0x00081764                _au32UartAddrOffset
 .rodata.au8dataSizeTable
                0x0008176c        0xd /cygdrive/c/TWESDK/TWESDK/516x/Components/Library/libAes_JN516x.a(AEScoprocessorAPI.o)
                0x0008176c                _au8dataSizeTable
 *fill*         0x00081779        0x3 00
 .rodata        0x0008177c       0x10 /cygdrive/c/TWESDK/TWESDK/Tools/ba-elf-ba2/bin/../lib/gcc/ba-elf/4.1.2/ba2/libgcc.a(fp-bit.o)
                0x0008177c                ___thenan_sf
 *fill*         0x0008178c        0x4 00
 .rodata        0x00081790       0x18 /cygdrive/c/TWESDK/TWESDK/Tools/ba-elf-ba2/bin/../lib/gcc/ba-elf/4.1.2/ba2/libgcc.a(dp-bit.o)
                0x00081790                ___thenan_df
 .rodata.str1.1
                0x00000000        0x5 /cygdrive/c/TWESDK/TWESDK/Tools/ba-elf-ba2/bin/../lib/gcc/ba-elf/4.1.2/../../../../ba-elf/lib/ba2/libc.a(impure.o)
                                  0x2 (size before relaxing)
 .rodata        0x000817a8      0x281 /cygdrive/c/TWESDK/TWESDK/Tools/ba-elf-ba2/bin/../lib/gcc/ba-elf/4.1.2/../../../../ba-elf/lib/ba2/libc.a(ctype_.o)
                0x000817a8                __ctype_

.text           0x00081a2c    0x19ec8
 *(.text*)
 .text.cbToCoNet_vMain
                0x00081a2c       0x18 objs_JN5164_LITE2525A/EndDevice_Input.o
                0x00081a2c                _cbToCoNet_vMain
 .text.cbToCoNet_vRxEvent
                0x00081a44       0x18 objs_JN5164_LITE2525A/EndDevice_Input.o
                0x00081a44                _cbToCoNet_vRxEvent
 .text.cbToCoNet_vNwkEvent
                0x00081a5c       0x18 objs_JN5164_LITE2525A/EndDevice_Input.o
                0x00081a5c                _cbToCoNet_vNwkEvent
 .text.cbToCoNet_vHwEvent
                0x00081a74       0x18 objs_JN5164_LITE2525A/EndDevice_Input.o
                0x00081a74                _cbToCoNet_vHwEvent
 .text.cbToCoNet_u8HwInt
                0x00081a8c       0x1c objs_JN5164_LITE2525A/EndDevice_Input.o
                0x00081a8c                _cbToCoNet_u8HwInt
 .text.vProcessSerialCmd
                0x00081aa8       0x12 objs_JN5164_LITE2525A/EndDevice_Input.o
                0x00081aa8                _vProcessSerialCmd
 .text.vPortSetSns
                0x00081aba       0x2c objs_JN5164_LITE2525A/EndDevice_Input.o
                0x00081aba                _vPortSetSns
 .text.cbToCoNet_vTxEvent
                0x00081ae6       0x64 objs_JN5164_LITE2525A/EndDevice_Input.o
                0x00081ae6                _cbToCoNet_vTxEvent
 .text.bSendMessage
                0x00081b4a      0x19e objs_JN5164_LITE2525A/EndDevice_Input.o
                0x00081b4a                _bSendMessage
 .text.vSerInitMessage
                0x00081ce8      0x105 objs_JN5164_LITE2525A/EndDevice_Input.o
                0x00081ce8                _vSerInitMessage
 .text.vSerialInit
                0x00081ded       0x74 objs_JN5164_LITE2525A/EndDevice_Input.o
 .text.vInitADC
                0x00081e61       0x2b objs_JN5164_LITE2525A/EndDevice_Input.o
 .text.vInitHardware
                0x00081e8c       0xcd objs_JN5164_LITE2525A/EndDevice_Input.o
 .text.cbAppWarmStart
                0x00081f59       0xcc objs_JN5164_LITE2525A/EndDevice_Input.o
                0x00081f59                _cbAppWarmStart
 .text.cbAppColdStart
                0x00082025      0x4c3 objs_JN5164_LITE2525A/EndDevice_Input.o
                0x00082025                _cbAppColdStart
 .text.vResetWithMsg
                0x000824e8       0x20 objs_JN5164_LITE2525A/common.o
                0x000824e8                _vResetWithMsg
 .text.vSleep   0x00082508       0x89 objs_JN5164_LITE2525A/common.o
                0x00082508                _vSleep
 .text.bRegAesKey
                0x00082591       0x3e objs_JN5164_LITE2525A/common.o
                0x00082591                _bRegAesKey
 .text.bFlash_Erase
                0x000825cf       0x38 objs_JN5164_LITE2525A/flash.o
                0x000825cf                _bFlash_Erase
 .text.bFlash_Write
                0x00082607       0x35 objs_JN5164_LITE2525A/flash.o
                0x00082607                _bFlash_Write
 .text.bFlash_Read
                0x0008263c       0x49 objs_JN5164_LITE2525A/flash.o
                0x0008263c                _bFlash_Read
 .text.vADC_WaitInit
                0x00082685        0xf objs_JN5164_LITE2525A/adc.o
                0x00082685                _vADC_WaitInit
 .text.vADC_Init
                0x00082694       0x62 objs_JN5164_LITE2525A/adc.o
                0x00082694                _vADC_Init
 .text.vProcessSnsObj_ADC
                0x000826f6      0x173 objs_JN5164_LITE2525A/adc.o
 .text.bSMBusWait
                0x00082869       0x3c objs_JN5164_LITE2525A/SMBus.o
 .text.bSMBusSequentialRead
                0x000828a5       0x73 objs_JN5164_LITE2525A/SMBus.o
                0x000828a5                _bSMBusSequentialRead
 .text.bSMBusWrite
                0x00082918       0x7a objs_JN5164_LITE2525A/SMBus.o
                0x00082918                _bSMBusWrite
 .text.vSMBusInit
                0x00082992        0xc objs_JN5164_LITE2525A/SMBus.o
                0x00082992                _vSMBusInit
 .text.i16SHT21readResult
                0x0008299e       0x8f objs_JN5164_LITE2525A/SHT21.o
                0x0008299e                _i16SHT21readResult
 .text.bSHT21startRead
                0x00082a2d       0x7c objs_JN5164_LITE2525A/SHT21.o
                0x00082a2d                _bSHT21startRead
 .text.vProcessSnsObj_SHT21
                0x00082aa9      0x100 objs_JN5164_LITE2525A/SHT21.o
 .text.vSHT21_Init
                0x00082ba9       0x24 objs_JN5164_LITE2525A/SHT21.o
                0x00082ba9                _vSHT21_Init
 .text.bBME280StartRead
                0x00082bcd       0x20 objs_JN5164_LITE2525A/BME280.o
                0x00082bcd                _bBME280StartRead
 .text.bBME280_Setting
                0x00082bed      0x1c1 objs_JN5164_LITE2525A/BME280.o
                0x00082bed                _bBME280_Setting
 .text.i16BME280ReadResult
                0x00082dae      0x278 objs_JN5164_LITE2525A/BME280.o
                0x00082dae                _i16BME280ReadResult
 .text.vProcessSnsObj_BME280
                0x00083026       0xa1 objs_JN5164_LITE2525A/BME280.o
 .text.vBME280_Init
                0x000830c7       0x2b objs_JN5164_LITE2525A/BME280.o
                0x000830c7                _vBME280_Init
 .text.bS1105902startRead
                0x000830f2       0x1f objs_JN5164_LITE2525A/S1105902.o
                0x000830f2                _bS1105902startRead
 .text.bGetComp
                0x00083111       0x31 objs_JN5164_LITE2525A/S1105902.o
 .text.u16S1105902readResult
                0x00083142       0x3a objs_JN5164_LITE2525A/S1105902.o
                0x00083142                _u16S1105902readResult
 .text.vProcessSnsObj_S1105902
                0x0008317c       0xc5 objs_JN5164_LITE2525A/S1105902.o
 .text.vS1105902_Init
                0x00083241       0x2b objs_JN5164_LITE2525A/S1105902.o
                0x00083241                _vS1105902_Init
 .text.i16ADT7410readResult
                0x0008326c       0x79 objs_JN5164_LITE2525A/ADT7410.o
                0x0008326c                _i16ADT7410readResult
 .text.bADT7410startRead
                0x000832e5       0x18 objs_JN5164_LITE2525A/ADT7410.o
                0x000832e5                _bADT7410startRead
 .text.vProcessSnsObj_ADT7410
                0x000832fd       0x9a objs_JN5164_LITE2525A/ADT7410.o
 .text.vADT7410_Init
                0x00083397       0x24 objs_JN5164_LITE2525A/ADT7410.o
                0x00083397                _vADT7410_Init
 .text.bSetFIFO
                0x000833bb       0x3d objs_JN5164_LITE2525A/ADXL345.o
                0x000833bb                _bSetFIFO
 .text.bADXL345_Setting
                0x000833f8      0x54d objs_JN5164_LITE2525A/ADXL345.o
                0x000833f8                _bADXL345_Setting
 .text.bGetAxis
                0x00083945       0x31 objs_JN5164_LITE2525A/ADXL345.o
 .text.i16ADXL345readResult
                0x00083976       0x49 objs_JN5164_LITE2525A/ADXL345.o
                0x00083976                _i16ADXL345readResult
 .text.u8Read_Interrupt
                0x000839bf       0x35 objs_JN5164_LITE2525A/ADXL345.o
                0x000839bf                _u8Read_Interrupt
 .text.bShakereadResult
                0x000839f4      0x282 objs_JN5164_LITE2525A/ADXL345.o
                0x000839f4                _bShakereadResult
 .text.bNekotterreadResult
                0x00083c76      0x157 objs_JN5164_LITE2525A/ADXL345.o
                0x00083c76                _bNekotterreadResult
 .text.vProcessSnsObj_ADXL345
                0x00083dcd       0xe8 objs_JN5164_LITE2525A/ADXL345.o
 .text.vADXL345_Init
                0x00083eb5       0x2b objs_JN5164_LITE2525A/ADXL345.o
                0x00083eb5                _vADXL345_Init
 .text.bADXL345_LowEnergyStartRead
                0x00083ee0       0x1d objs_JN5164_LITE2525A/ADXL345_LowEnergy.o
                0x00083ee0                _bADXL345_LowEnergyStartRead
 .text.bADXL345_LowEnergy_Setting
                0x00083efd       0x3b objs_JN5164_LITE2525A/ADXL345_LowEnergy.o
                0x00083efd                _bADXL345_LowEnergy_Setting
 .text.bGetAxis
                0x00083f38       0x31 objs_JN5164_LITE2525A/ADXL345_LowEnergy.o
 .text.i16ADXL345_LowEnergyReadResult
                0x00083f69       0x49 objs_JN5164_LITE2525A/ADXL345_LowEnergy.o
                0x00083f69                _i16ADXL345_LowEnergyReadResult
 .text.vProcessSnsObj_ADXL345_LowEnergy
                0x00083fb2       0xcb objs_JN5164_LITE2525A/ADXL345_LowEnergy.o
 .text.vADXL345_LowEnergy_Init
                0x0008407d       0x2b objs_JN5164_LITE2525A/ADXL345_LowEnergy.o
                0x0008407d                _vADXL345_LowEnergy_Init
 .text.bMPL115startRead
                0x000840a8       0x1d objs_JN5164_LITE2525A/MPL115A2.o
                0x000840a8                _bMPL115startRead
 .text.i16MPL115readResult
                0x000840c5      0x1e4 objs_JN5164_LITE2525A/MPL115A2.o
                0x000840c5                _i16MPL115readResult
 .text.vProcessSnsObj_MPL115A2
                0x000842a9       0x98 objs_JN5164_LITE2525A/MPL115A2.o
 .text.vMPL115A2_Init
                0x00084341       0x24 objs_JN5164_LITE2525A/MPL115A2.o
                0x00084341                _vMPL115A2_Init
 .text.bLIS3DHstartRead
                0x00084365       0x20 objs_JN5164_LITE2525A/LIS3DH.o
                0x00084365                _bLIS3DHstartRead
 .text.bGetAxis
                0x00084385       0x48 objs_JN5164_LITE2525A/LIS3DH.o
 .text.i16LIS3DHreadResult
                0x000843cd       0x44 objs_JN5164_LITE2525A/LIS3DH.o
                0x000843cd                _i16LIS3DHreadResult
 .text.vProcessSnsObj_LIS3DH
                0x00084411       0xb7 objs_JN5164_LITE2525A/LIS3DH.o
 .text.vLIS3DH_Init
                0x000844c8       0x2b objs_JN5164_LITE2525A/LIS3DH.o
                0x000844c8                _vLIS3DH_Init
 .text.bGetAxis
                0x000844f3       0x48 objs_JN5164_LITE2525A/L3GD20.o
 .text.i16L3GD20readResult
                0x0008453b       0x9c objs_JN5164_LITE2525A/L3GD20.o
                0x0008453b                _i16L3GD20readResult
 .text.bL3GD20startRead
                0x000845d7       0x88 objs_JN5164_LITE2525A/L3GD20.o
                0x000845d7                _bL3GD20startRead
 .text.vProcessSnsObj_L3GD20
                0x0008465f       0xb7 objs_JN5164_LITE2525A/L3GD20.o
 .text.vL3GD20_Init
                0x00084716       0x33 objs_JN5164_LITE2525A/L3GD20.o
                0x00084716                _vL3GD20_Init
 .text.u32TSL2561readResult
                0x00084749      0x10d objs_JN5164_LITE2525A/TSL2561.o
                0x00084749                _u32TSL2561readResult
 .text.vProcessSnsObj_TSL2561
                0x00084856       0x89 objs_JN5164_LITE2525A/TSL2561.o
 .text.vTSL2561_Init
                0x000848df       0x41 objs_JN5164_LITE2525A/TSL2561.o
                0x000848df                _vTSL2561_Init
 .text.vSnsObj_Process
                0x00084920       0x27 objs_JN5164_LITE2525A/sensor_driver.o
                0x00084920                _vSnsObj_Process
 .text.vSnsObj_Init
                0x00084947       0x26 objs_JN5164_LITE2525A/sensor_driver.o
                0x00084947                _vSnsObj_Init
 .text.Interactive_bGetMode
                0x0008496d        0x9 objs_JN5164_LITE2525A/Interactive.o
                0x0008496d                _Interactive_bGetMode
 .text.Interactive_vSetMode
                0x00084976       0x24 objs_JN5164_LITE2525A/Interactive.o
                0x00084976                _Interactive_vSetMode
 .text.vConfig_Update
                0x0008499a       0xc6 objs_JN5164_LITE2525A/Interactive.o
 .text.Config_vSetDefaults
                0x00084a60       0x65 objs_JN5164_LITE2525A/Interactive.o
 .text.vConfig_UnSetAll
                0x00084ac5       0x38 objs_JN5164_LITE2525A/Interactive.o
 .text.Config_bSave
                0x00084afd       0x70 objs_JN5164_LITE2525A/Interactive.o
                0x00084afd                _Config_bSave
 .text.Config_bUnSerialize
                0x00084b6d       0x24 objs_JN5164_LITE2525A/Interactive.o
                0x00084b6d                _Config_bUnSerialize
 .text.Config_bLoad
                0x00084b91       0x40 objs_JN5164_LITE2525A/Interactive.o
                0x00084b91                _Config_bLoad
 .text.Interactive_vReInit
                0x00084bd1       0x2f objs_JN5164_LITE2525A/Interactive.o
                0x00084bd1                _Interactive_vReInit
 .text.vSerUpdateScreen
                0x00084c00      0x72b objs_JN5164_LITE2525A/Interactive.o
 .text.Config_vUpdateScreen
                0x0008532b       0x18 objs_JN5164_LITE2525A/Interactive.o
                0x0008532b                _Config_vUpdateScreen
 .text.vProcessInputByte
                0x00085343      0x71d objs_JN5164_LITE2525A/Interactive.o
 .text.vProcessInputByte_Command
                0x00085a60      0x105 objs_JN5164_LITE2525A/Interactive.o
 .text.Interactive_vInit
                0x00085b65       0xa8 objs_JN5164_LITE2525A/Interactive.o
                0x00085b65                _Interactive_vInit
 *fill*         0x00085c0d        0x3 00
 .text.vHandleSerialInput
                0x00085c10      0xe4c objs_JN5164_LITE2525A/Interactive.o
                0x00085c10                _vHandleSerialInput
 .text.INPSTR_vStart
                0x00086a5c       0x19 objs_JN5164_LITE2525A/input_string.o
                0x00086a5c                _INPSTR_vStart
 .text.INPSTR_u8InputByte
                0x00086a75       0xe6 objs_JN5164_LITE2525A/input_string.o
                0x00086a75                _INPSTR_u8InputByte
 .text.INPSTR_vInit
                0x00086b5b       0x1a objs_JN5164_LITE2525A/input_string.o
                0x00086b5b                _INPSTR_vInit
 .text.SerCmdAscii_u8Parse
                0x00086b75      0x13c objs_JN5164_LITE2525A/sercmd_ascii.o
                0x00086b75                _SerCmdAscii_u8Parse
 .text.vPutByte
                0x00086cb1       0x43 objs_JN5164_LITE2525A/sercmd_ascii.o
 .text.SerCmdAscii_Output
                0x00086cf4       0x67 objs_JN5164_LITE2525A/sercmd_ascii.o
 .text.SerCmdAscii_vInit
                0x00086d5b       0x2f objs_JN5164_LITE2525A/sercmd_ascii.o
                0x00086d5b                _SerCmdAscii_vInit
 .text.SerCmdPlus3_u8Parse
                0x00086d8a       0xaa objs_JN5164_LITE2525A/sercmd_plus3.o
                0x00086d8a                _SerCmdPlus3_u8Parse
 .text.SerCmdBinary_u8Parse
                0x00086e34      0x114 objs_JN5164_LITE2525A/sercmd_binary.o
 .text.SerCmdBinary_Output
                0x00086f48       0x82 objs_JN5164_LITE2525A/sercmd_binary.o
 .text.SerCmdBinary_vInit
                0x00086fca       0x2f objs_JN5164_LITE2525A/sercmd_binary.o
                0x00086fca                _SerCmdBinary_vInit
 .text.vInitAppStandard
                0x00086ff9       0x1b objs_JN5164_LITE2525A/ProcessEv_Standard.o
                0x00086ff9                _vInitAppStandard
 .text.cbAppToCoNet_vTxEvent
                0x00087014       0x11 objs_JN5164_LITE2525A/ProcessEv_Standard.o
 .text.cbAppToCoNet_vHwEvent
                0x00087025      0x114 objs_JN5164_LITE2525A/ProcessEv_Standard.o
 .text.vProcessEvCore
                0x00087139       0x16 objs_JN5164_LITE2525A/ProcessEv_Standard.o
 .text.vHnd_E_STATE_APP_SLEEP
                0x0008714f       0xa4 objs_JN5164_LITE2525A/ProcessEv_Standard.o
 .text.vHnd_E_STATE_APP_WAIT_TX
                0x000871f3       0x16 objs_JN5164_LITE2525A/ProcessEv_Standard.o
 .text.vHnd_E_STATE_RUNNING
                0x00087209      0x11d objs_JN5164_LITE2525A/ProcessEv_Standard.o
 .text.vHnd_E_STATE_IDLE
                0x00087326      0x155 objs_JN5164_LITE2525A/ProcessEv_Standard.o
 .text.vInitAppButton
                0x0008747b       0x1b objs_JN5164_LITE2525A/ProcessEv_Button.o
                0x0008747b                _vInitAppButton
 .text.cbAppToCoNet_vTxEvent
                0x00087496       0x11 objs_JN5164_LITE2525A/ProcessEv_Button.o
 .text.cbAppToCoNet_vHwEvent
                0x000874a7      0x114 objs_JN5164_LITE2525A/ProcessEv_Button.o
 .text.vProcessEvCore
                0x000875bb       0x16 objs_JN5164_LITE2525A/ProcessEv_Button.o
 .text.vHnd_E_STATE_APP_CHAT_SLEEP
                0x000875d1       0xbc objs_JN5164_LITE2525A/ProcessEv_Button.o
 .text.vHnd_E_STATE_APP_WAIT_TX
                0x0008768d       0x16 objs_JN5164_LITE2525A/ProcessEv_Button.o
 .text.vHnd_E_STATE_APP_SLEEP
                0x000876a3       0xd4 objs_JN5164_LITE2525A/ProcessEv_Button.o
 .text.vHnd_E_STATE_RUNNING
                0x00087777      0x12b objs_JN5164_LITE2525A/ProcessEv_Button.o
 .text.vHnd_E_STATE_IDLE
                0x000878a2      0x108 objs_JN5164_LITE2525A/ProcessEv_Button.o
 .text.vInitAppConfig
                0x000879aa       0x1b objs_JN5164_LITE2525A/ProcessEv_Config.o
                0x000879aa                _vInitAppConfig
 .text.cbAppToCoNet_vTxEvent
                0x000879c5       0x1d objs_JN5164_LITE2525A/ProcessEv_Config.o
 .text.bTransmit
                0x000879e2       0x3c objs_JN5164_LITE2525A/ProcessEv_Config.o
 .text.cbAppToCoNet_vRxEvent
                0x00087a1e      0x2ee objs_JN5164_LITE2525A/ProcessEv_Config.o
 .text.cbAppToCoNet_vMain
                0x00087d0c        0x6 objs_JN5164_LITE2525A/ProcessEv_Config.o
 .text.cbAppToCoNet_vHwEvent
                0x00087d12       0x32 objs_JN5164_LITE2525A/ProcessEv_Config.o
 .text.vProcessEvCore
                0x00087d44       0x16 objs_JN5164_LITE2525A/ProcessEv_Config.o
 .text.vHnd_E_STATE_APP_INTERACTIVE
                0x00087d5a       0x16 objs_JN5164_LITE2525A/ProcessEv_Config.o
 .text.vHnd_E_STATE_APP_SLEEP
                0x00087d70      0x174 objs_JN5164_LITE2525A/ProcessEv_Config.o
 .text.vHnd_E_STATE_APP_FAILED
                0x00087ee4       0x36 objs_JN5164_LITE2525A/ProcessEv_Config.o
 .text.vHnd_E_STATE_RUNNING
                0x00087f1a       0x7a objs_JN5164_LITE2525A/ProcessEv_Config.o
 .text.vHnd_E_STATE_WAIT_COMMAND
                0x00087f94       0xce objs_JN5164_LITE2525A/ProcessEv_Config.o
 .text.vHnd_E_STATE_IDLE
                0x00088062       0x56 objs_JN5164_LITE2525A/ProcessEv_Config.o
 .text.cbAppToCoNet_vTxEvent
                0x000880b8       0x15 objs_JN5164_LITE2525A/ProcessEv_Door_Timer.o
 .text.vInitAppDoorTimer
                0x000880cd       0x1e objs_JN5164_LITE2525A/ProcessEv_Door_Timer.o
                0x000880cd                _vInitAppDoorTimer
 .text.vProcessEvCore
                0x000880eb       0x16 objs_JN5164_LITE2525A/ProcessEv_Door_Timer.o
 .text.vSleep_IO_Timer
                0x00088101       0x57 objs_JN5164_LITE2525A/ProcessEv_Door_Timer.o
 .text.vHnd_E_STATE_APP_SLEEP
                0x00088158      0x16c objs_JN5164_LITE2525A/ProcessEv_Door_Timer.o
 .text.vHnd_E_STATE_RUNNING
                0x000882c4      0x1c5 objs_JN5164_LITE2525A/ProcessEv_Door_Timer.o
 .text.vHnd_E_STATE_IDLE
                0x00088489      0x19b objs_JN5164_LITE2525A/ProcessEv_Door_Timer.o
 .text.vInitAppDoorTimerSub
                0x00088624        0xf objs_JN5164_LITE2525A/ProcessEv_Door_Timer_Nwk.o
                0x00088624                _vInitAppDoorTimerSub
 .text.vProcessEvCore
                0x00088633       0x16 objs_JN5164_LITE2525A/ProcessEv_Door_Timer_Nwk.o
 .text.vHnd_E_STATE_APP_WAIT_TX
                0x00088649      0x108 objs_JN5164_LITE2525A/ProcessEv_Door_Timer_Nwk.o
 .text.vHnd_E_STATE_IDLE
                0x00088751       0x9c objs_JN5164_LITE2525A/ProcessEv_Door_Timer_Nwk.o
 .text.vInitAppSHT21
                0x000887ed       0x1b objs_JN5164_LITE2525A/ProcessEv_SHT21.o
                0x000887ed                _vInitAppSHT21
 .text.cbAppToCoNet_vTxEvent
                0x00088808       0x45 objs_JN5164_LITE2525A/ProcessEv_SHT21.o
 .text.vProcessSHT21
                0x0008884d       0xd4 objs_JN5164_LITE2525A/ProcessEv_SHT21.o
 .text.cbAppToCoNet_vHwEvent
                0x00088921       0xf8 objs_JN5164_LITE2525A/ProcessEv_SHT21.o
 .text.vProcessEvCore
                0x00088a19       0x16 objs_JN5164_LITE2525A/ProcessEv_SHT21.o
 .text.vHnd_E_STATE_APP_SLEEP
                0x00088a2f       0xb1 objs_JN5164_LITE2525A/ProcessEv_SHT21.o
 .text.vHnd_E_STATE_APP_WAIT_TX
                0x00088ae0      0x145 objs_JN5164_LITE2525A/ProcessEv_SHT21.o
 .text.vHnd_E_STATE_RUNNING
                0x00088c25       0xdd objs_JN5164_LITE2525A/ProcessEv_SHT21.o
 .text.vHnd_E_STATE_IDLE
                0x00088d02      0x179 objs_JN5164_LITE2525A/ProcessEv_SHT21.o
 .text.vInitAppBME280
                0x00088e7b       0x1b objs_JN5164_LITE2525A/ProcessEv_BME280.o
                0x00088e7b                _vInitAppBME280
 .text.cbAppToCoNet_vTxEvent
                0x00088e96       0x45 objs_JN5164_LITE2525A/ProcessEv_BME280.o
 .text.vProcessBME280
                0x00088edb       0x99 objs_JN5164_LITE2525A/ProcessEv_BME280.o
 .text.cbAppToCoNet_vHwEvent
                0x00088f74       0xf8 objs_JN5164_LITE2525A/ProcessEv_BME280.o
 .text.vProcessEvCore
                0x0008906c       0x16 objs_JN5164_LITE2525A/ProcessEv_BME280.o
 .text.vHnd_E_STATE_APP_SLEEP
                0x00089082       0xb6 objs_JN5164_LITE2525A/ProcessEv_BME280.o
 .text.vHnd_E_STATE_RUNNING
                0x00089138       0xa8 objs_JN5164_LITE2525A/ProcessEv_BME280.o
 .text.vHnd_E_STATE_APP_WAIT_TX
                0x000891e0      0x162 objs_JN5164_LITE2525A/ProcessEv_BME280.o
 .text.vHnd_E_STATE_IDLE
                0x00089342      0x1b8 objs_JN5164_LITE2525A/ProcessEv_BME280.o
 .text.vInitAppS1105902
                0x000894fa       0x1b objs_JN5164_LITE2525A/ProcessEv_S1105902.o
                0x000894fa                _vInitAppS1105902
 .text.cbAppToCoNet_vTxEvent
                0x00089515       0x45 objs_JN5164_LITE2525A/ProcessEv_S1105902.o
 .text.vProcessS1105902
                0x0008955a       0x9c objs_JN5164_LITE2525A/ProcessEv_S1105902.o
 .text.cbAppToCoNet_vHwEvent
                0x000895f6       0xf8 objs_JN5164_LITE2525A/ProcessEv_S1105902.o
 .text.vProcessEvCore
                0x000896ee       0x16 objs_JN5164_LITE2525A/ProcessEv_S1105902.o
 .text.vHnd_E_STATE_APP_SLEEP
                0x00089704       0xb1 objs_JN5164_LITE2525A/ProcessEv_S1105902.o
 .text.vHnd_E_STATE_APP_WAIT_TX
                0x000897b5      0x15d objs_JN5164_LITE2525A/ProcessEv_S1105902.o
 .text.vHnd_E_STATE_RUNNING
                0x00089912       0xdd objs_JN5164_LITE2525A/ProcessEv_S1105902.o
 .text.vHnd_E_STATE_IDLE
                0x000899ef      0x179 objs_JN5164_LITE2525A/ProcessEv_S1105902.o
 .text.vInitAppADT7410
                0x00089b68       0x1b objs_JN5164_LITE2525A/ProcessEv_ADT7410.o
                0x00089b68                _vInitAppADT7410
 .text.cbAppToCoNet_vTxEvent
                0x00089b83       0x45 objs_JN5164_LITE2525A/ProcessEv_ADT7410.o
 .text.vProcessADT7410
                0x00089bc8       0xab objs_JN5164_LITE2525A/ProcessEv_ADT7410.o
 .text.cbAppToCoNet_vHwEvent
                0x00089c73       0xf8 objs_JN5164_LITE2525A/ProcessEv_ADT7410.o
 .text.vProcessEvCore
                0x00089d6b       0x16 objs_JN5164_LITE2525A/ProcessEv_ADT7410.o
 .text.vHnd_E_STATE_APP_SLEEP
                0x00089d81       0xb1 objs_JN5164_LITE2525A/ProcessEv_ADT7410.o
 .text.vHnd_E_STATE_APP_WAIT_TX
                0x00089e32      0x132 objs_JN5164_LITE2525A/ProcessEv_ADT7410.o
 .text.vHnd_E_STATE_RUNNING
                0x00089f64       0xdd objs_JN5164_LITE2525A/ProcessEv_ADT7410.o
 .text.vHnd_E_STATE_IDLE
                0x0008a041      0x179 objs_JN5164_LITE2525A/ProcessEv_ADT7410.o
 .text.vInitAppTSL2561
                0x0008a1ba       0x1b objs_JN5164_LITE2525A/ProcessEv_TSL2561.o
                0x0008a1ba                _vInitAppTSL2561
 .text.cbAppToCoNet_vTxEvent
                0x0008a1d5       0x45 objs_JN5164_LITE2525A/ProcessEv_TSL2561.o
 .text.vProcessTSL2561
                0x0008a21a       0x8a objs_JN5164_LITE2525A/ProcessEv_TSL2561.o
 .text.cbAppToCoNet_vHwEvent
                0x0008a2a4       0xf8 objs_JN5164_LITE2525A/ProcessEv_TSL2561.o
 .text.vProcessEvCore
                0x0008a39c       0x16 objs_JN5164_LITE2525A/ProcessEv_TSL2561.o
 .text.vHnd_E_STATE_APP_SLEEP
                0x0008a3b2       0xb1 objs_JN5164_LITE2525A/ProcessEv_TSL2561.o
 .text.vHnd_E_STATE_APP_WAIT_TX
                0x0008a463      0x13c objs_JN5164_LITE2525A/ProcessEv_TSL2561.o
 .text.vHnd_E_STATE_RUNNING
                0x0008a59f       0xdd objs_JN5164_LITE2525A/ProcessEv_TSL2561.o
 .text.vHnd_E_STATE_IDLE
                0x0008a67c      0x1e9 objs_JN5164_LITE2525A/ProcessEv_TSL2561.o
 .text.vInitAppADXL345
                0x0008a865       0x1b objs_JN5164_LITE2525A/ProcessEv_ADXL345.o
                0x0008a865                _vInitAppADXL345
 .text.u8PlayDice
                0x0008a880       0xc2 objs_JN5164_LITE2525A/ProcessEv_ADXL345.o
 .text.cbAppToCoNet_vTxEvent
                0x0008a942       0x45 objs_JN5164_LITE2525A/ProcessEv_ADXL345.o
 .text.cbAppToCoNet_vHwEvent
                0x0008a987       0xe6 objs_JN5164_LITE2525A/ProcessEv_ADXL345.o
 .text.vProcessEvCore
                0x0008aa6d       0x16 objs_JN5164_LITE2525A/ProcessEv_ADXL345.o
 .text.vHnd_E_STATE_APP_SLEEP
                0x0008aa83      0x1e1 objs_JN5164_LITE2525A/ProcessEv_ADXL345.o
 .text.vHnd_E_STATE_RUNNING
                0x0008ac64      0x4a9 objs_JN5164_LITE2525A/ProcessEv_ADXL345.o
 .text.vHnd_E_STATE_APP_WAIT_TX
                0x0008b10d      0x473 objs_JN5164_LITE2525A/ProcessEv_ADXL345.o
 .text.vHnd_E_STATE_IDLE
                0x0008b580      0x56f objs_JN5164_LITE2525A/ProcessEv_ADXL345.o
 .text.vInitAppADXL345_LowEnergy
                0x0008baef       0x1b objs_JN5164_LITE2525A/ProcessEv_ADXL345_LowEnergy.o
                0x0008baef                _vInitAppADXL345_LowEnergy
 .text.cbAppToCoNet_vTxEvent
                0x0008bb0a       0x45 objs_JN5164_LITE2525A/ProcessEv_ADXL345_LowEnergy.o
 .text.vProcessADXL345_LowEnergy
                0x0008bb4f       0x9f objs_JN5164_LITE2525A/ProcessEv_ADXL345_LowEnergy.o
 .text.cbAppToCoNet_vHwEvent
                0x0008bbee       0xf8 objs_JN5164_LITE2525A/ProcessEv_ADXL345_LowEnergy.o
 .text.vProcessEvCore
                0x0008bce6       0x16 objs_JN5164_LITE2525A/ProcessEv_ADXL345_LowEnergy.o
 .text.vHnd_E_STATE_APP_SLEEP
                0x0008bcfc       0xb6 objs_JN5164_LITE2525A/ProcessEv_ADXL345_LowEnergy.o
 .text.vHnd_E_STATE_RUNNING
                0x0008bdb2       0xa8 objs_JN5164_LITE2525A/ProcessEv_ADXL345_LowEnergy.o
 .text.vHnd_E_STATE_APP_WAIT_TX
                0x0008be5a      0x167 objs_JN5164_LITE2525A/ProcessEv_ADXL345_LowEnergy.o
 .text.vHnd_E_STATE_IDLE
                0x0008bfc1      0x1b8 objs_JN5164_LITE2525A/ProcessEv_ADXL345_LowEnergy.o
 .text.vInitAppMPL115A2
                0x0008c179       0x1b objs_JN5164_LITE2525A/ProcessEv_MPL115A2.o
                0x0008c179                _vInitAppMPL115A2
 .text.cbAppToCoNet_vTxEvent
                0x0008c194       0x45 objs_JN5164_LITE2525A/ProcessEv_MPL115A2.o
 .text.vProcessMPL115A2
                0x0008c1d9       0x8d objs_JN5164_LITE2525A/ProcessEv_MPL115A2.o
 .text.cbAppToCoNet_vHwEvent
                0x0008c266       0xf8 objs_JN5164_LITE2525A/ProcessEv_MPL115A2.o
 .text.vProcessEvCore
                0x0008c35e       0x16 objs_JN5164_LITE2525A/ProcessEv_MPL115A2.o
 .text.vHnd_E_STATE_APP_SLEEP
                0x0008c374       0xb1 objs_JN5164_LITE2525A/ProcessEv_MPL115A2.o
 .text.vHnd_E_STATE_APP_WAIT_TX
                0x0008c425      0x132 objs_JN5164_LITE2525A/ProcessEv_MPL115A2.o
 .text.vHnd_E_STATE_RUNNING
                0x0008c557       0xdd objs_JN5164_LITE2525A/ProcessEv_MPL115A2.o
 .text.vHnd_E_STATE_IDLE
                0x0008c634      0x179 objs_JN5164_LITE2525A/ProcessEv_MPL115A2.o
 .text.vInitAppLIS3DH
                0x0008c7ad       0x1b objs_JN5164_LITE2525A/ProcessEv_LIS3DH.o
                0x0008c7ad                _vInitAppLIS3DH
 .text.cbAppToCoNet_vTxEvent
                0x0008c7c8       0x45 objs_JN5164_LITE2525A/ProcessEv_LIS3DH.o
 .text.vProcessLIS3DH
                0x0008c80d       0x9f objs_JN5164_LITE2525A/ProcessEv_LIS3DH.o
 .text.cbAppToCoNet_vHwEvent
                0x0008c8ac       0xf8 objs_JN5164_LITE2525A/ProcessEv_LIS3DH.o
 .text.vProcessEvCore
                0x0008c9a4       0x16 objs_JN5164_LITE2525A/ProcessEv_LIS3DH.o
 .text.vHnd_E_STATE_APP_SLEEP
                0x0008c9ba       0xb1 objs_JN5164_LITE2525A/ProcessEv_LIS3DH.o
 .text.vHnd_E_STATE_APP_WAIT_TX
                0x0008ca6b      0x19b objs_JN5164_LITE2525A/ProcessEv_LIS3DH.o
 .text.vHnd_E_STATE_RUNNING
                0x0008cc06       0xdd objs_JN5164_LITE2525A/ProcessEv_LIS3DH.o
 .text.vHnd_E_STATE_IDLE
                0x0008cce3      0x179 objs_JN5164_LITE2525A/ProcessEv_LIS3DH.o
 .text.vInitAppL3GD20
                0x0008ce5c       0x1b objs_JN5164_LITE2525A/ProcessEv_L3GD20.o
                0x0008ce5c                _vInitAppL3GD20
 .text.cbAppToCoNet_vTxEvent
                0x0008ce77       0x45 objs_JN5164_LITE2525A/ProcessEv_L3GD20.o
 .text.vProcessL3GD20
                0x0008cebc       0x9f objs_JN5164_LITE2525A/ProcessEv_L3GD20.o
 .text.cbAppToCoNet_vHwEvent
                0x0008cf5b       0xf8 objs_JN5164_LITE2525A/ProcessEv_L3GD20.o
 .text.vProcessEvCore
                0x0008d053       0x16 objs_JN5164_LITE2525A/ProcessEv_L3GD20.o
 .text.vHnd_E_STATE_APP_SLEEP
                0x0008d069       0xb1 objs_JN5164_LITE2525A/ProcessEv_L3GD20.o
 .text.vHnd_E_STATE_APP_WAIT_TX
                0x0008d11a      0x19b objs_JN5164_LITE2525A/ProcessEv_L3GD20.o
 .text.vHnd_E_STATE_RUNNING
                0x0008d2b5       0xdd objs_JN5164_LITE2525A/ProcessEv_L3GD20.o
 .text.vHnd_E_STATE_IDLE
                0x0008d392      0x182 objs_JN5164_LITE2525A/ProcessEv_L3GD20.o
 .text.vInitAppUart
                0x0008d514       0x55 objs_JN5164_LITE2525A/ProcessEv_UART.o
                0x0008d514                _vInitAppUart
 .text.cb_vProcessSerialCmd
                0x0008d569       0x11 objs_JN5164_LITE2525A/ProcessEv_UART.o
 .text.cbAppToCoNet_vTxEvent
                0x0008d57a       0x11 objs_JN5164_LITE2525A/ProcessEv_UART.o
 .text.cbAppToCoNet_vMain
                0x0008d58b        0x6 objs_JN5164_LITE2525A/ProcessEv_UART.o
 .text.vProcessEvCore
                0x0008d591       0x16 objs_JN5164_LITE2525A/ProcessEv_UART.o
 .text.vHnd_E_STATE_APP_RETRY_TX
                0x0008d5a7       0xcb objs_JN5164_LITE2525A/ProcessEv_UART.o
 .text.vHnd_E_STATE_APP_WAIT_TX
                0x0008d672       0x69 objs_JN5164_LITE2525A/ProcessEv_UART.o
 .text.vHnd_E_STATE_APP_RETRY
                0x0008d6db      0x166 objs_JN5164_LITE2525A/ProcessEv_UART.o
 .text.vHnd_E_STATE_APP_SLEEP
                0x0008d841       0xaf objs_JN5164_LITE2525A/ProcessEv_UART.o
 .text.vHnd_E_STATE_RUNNING
                0x0008d8f0      0x2e3 objs_JN5164_LITE2525A/ProcessEv_UART.o
 .text.vHnd_E_STATE_IDLE
                0x0008dbd3      0x1b0 objs_JN5164_LITE2525A/ProcessEv_UART.o
 .text.PRSEV_u8Register
                0x0008dd83       0x32 /cygdrive/c/TWESDK/TWESDK/Wks_ToCoNet/Monitor2/../../Wks_libToCoNet/libToCoNet/lib/libToCoNet_JN5164.a(ToCoNet_event.o)
                0x0008dd83                _PRSEV_u8Register
 .text.PRSEV_vSetStateAll
                0x0008ddb5       0x3b /cygdrive/c/TWESDK/TWESDK/Wks_ToCoNet/Monitor2/../../Wks_libToCoNet/libToCoNet/lib/libToCoNet_JN5164.a(ToCoNet_event.o)
                0x0008ddb5                _PRSEV_vSetStateAll
 .text.PRSEV_vSetState
                0x0008ddf0       0x10 /cygdrive/c/TWESDK/TWESDK/Wks_ToCoNet/Monitor2/../../Wks_libToCoNet/libToCoNet/lib/libToCoNet_JN5164.a(ToCoNet_event.o)
                0x0008ddf0                _PRSEV_vSetState
 .text.PRSEV_vProcessEv_core
                0x0008de00       0x8f /cygdrive/c/TWESDK/TWESDK/Wks_ToCoNet/Monitor2/../../Wks_libToCoNet/libToCoNet/lib/libToCoNet_JN5164.a(ToCoNet_event.o)
 .text.PRSEV_vProcessEvPost
                0x0008de8f       0x35 /cygdrive/c/TWESDK/TWESDK/Wks_ToCoNet/Monitor2/../../Wks_libToCoNet/libToCoNet/lib/libToCoNet_JN5164.a(ToCoNet_event.o)
                0x0008de8f                _PRSEV_vProcessEvPost
 .text._PRSEV_vProcessEv
                0x0008dec4       0x16 /cygdrive/c/TWESDK/TWESDK/Wks_ToCoNet/Monitor2/../../Wks_libToCoNet/libToCoNet/lib/libToCoNet_JN5164.a(ToCoNet_event.o)
                0x0008dec4                __PRSEV_vProcessEv
 .text._PRSEV_vProcessEvSingle
                0x0008deda       0x14 /cygdrive/c/TWESDK/TWESDK/Wks_ToCoNet/Monitor2/../../Wks_libToCoNet/libToCoNet/lib/libToCoNet_JN5164.a(ToCoNet_event.o)
                0x0008deda                __PRSEV_vProcessEvSingle
 .text._PRSEV_vProcessEvSingleH
                0x0008deee       0x16 /cygdrive/c/TWESDK/TWESDK/Wks_ToCoNet/Monitor2/../../Wks_libToCoNet/libToCoNet/lib/libToCoNet_JN5164.a(ToCoNet_event.o)
                0x0008deee                __PRSEV_vProcessEvSingleH
 .text.PRSEV_bPostEvent
                0x0008df04       0x24 /cygdrive/c/TWESDK/TWESDK/Wks_ToCoNet/Monitor2/../../Wks_libToCoNet/libToCoNet/lib/libToCoNet_JN5164.a(ToCoNet_event.o)
                0x0008df04                _PRSEV_bPostEvent
 .text.ToCoNet_Event_StateExec
                0x0008df28       0x31 /cygdrive/c/TWESDK/TWESDK/Wks_ToCoNet/Monitor2/../../Wks_libToCoNet/libToCoNet/lib/libToCoNet_JN5164.a(ToCoNet_event.o)
                0x0008df28                _ToCoNet_Event_StateExec
 .text.PRSEV_vInit
                0x0008df59       0x4d /cygdrive/c/TWESDK/TWESDK/Wks_ToCoNet/Monitor2/../../Wks_libToCoNet/libToCoNet/lib/libToCoNet_JN5164.a(ToCoNet_event.o)
                0x0008df59                _PRSEV_vInit
 .text.ToCoNet_vDebugInit
                0x0008dfa6        0x9 /cygdrive/c/TWESDK/TWESDK/Wks_ToCoNet/Monitor2/../../Wks_libToCoNet/libToCoNet/lib/libToCoNet_JN5164.a(ToCoNet_main.o)
                0x0008dfa6                _ToCoNet_vDebugInit
 .text.ToCoNet_vDebugLevel
                0x0008dfaf        0x9 /cygdrive/c/TWESDK/TWESDK/Wks_ToCoNet/Monitor2/../../Wks_libToCoNet/libToCoNet/lib/libToCoNet_JN5164.a(ToCoNet_main.o)
                0x0008dfaf                _ToCoNet_vDebugLevel
 .text._ToCoNet_bRaisePanic
                0x0008dfb8       0x3b /cygdrive/c/TWESDK/TWESDK/Wks_ToCoNet/Monitor2/../../Wks_libToCoNet/libToCoNet/lib/libToCoNet_JN5164.a(ToCoNet_main.o)
                0x0008dfb8                __ToCoNet_bRaisePanic
 .text.ToCoNet_bRegisterAesKey
                0x0008dff3       0x1a /cygdrive/c/TWESDK/TWESDK/Wks_ToCoNet/Monitor2/../../Wks_libToCoNet/libToCoNet/lib/libToCoNet_JN5164.a(ToCoNet_main.o)
                0x0008dff3                _ToCoNet_bRegisterAesKey
 .text.ToCoNet_bMacTxReq
                0x0008e00d       0xfe /cygdrive/c/TWESDK/TWESDK/Wks_ToCoNet/Monitor2/../../Wks_libToCoNet/libToCoNet/lib/libToCoNet_JN5164.a(ToCoNet_main.o)
                0x0008e00d                _ToCoNet_bMacTxReq
 .text.ToCoNet_vRfConfig
                0x0008e10b        0x6 /cygdrive/c/TWESDK/TWESDK/Wks_ToCoNet/Monitor2/../../Wks_libToCoNet/libToCoNet/lib/libToCoNet_JN5164.a(ToCoNet_main.o)
                0x0008e10b                _ToCoNet_vRfConfig
 .text.ToCoNet_vMacStart
                0x0008e111       0x11 /cygdrive/c/TWESDK/TWESDK/Wks_ToCoNet/Monitor2/../../Wks_libToCoNet/libToCoNet/lib/libToCoNet_JN5164.a(ToCoNet_main.o)
                0x0008e111                _ToCoNet_vMacStart
 .text.ToCoNet_vMain
                0x0008e122      0x26c /cygdrive/c/TWESDK/TWESDK/Wks_ToCoNet/Monitor2/../../Wks_libToCoNet/libToCoNet/lib/libToCoNet_JN5164.a(ToCoNet_main.o)
                0x0008e122                _ToCoNet_vMain
 .text.vProcessEvCoreMac
                0x0008e38e       0x7a /cygdrive/c/TWESDK/TWESDK/Wks_ToCoNet/Monitor2/../../Wks_libToCoNet/libToCoNet/lib/libToCoNet_JN5164.a(ToCoNet_main.o)
                0x0008e38e                _vProcessEvCoreMac
 .text.ToCoNet_vStart
                0x0008e408      0x3e2 /cygdrive/c/TWESDK/TWESDK/Wks_ToCoNet/Monitor2/../../Wks_libToCoNet/libToCoNet/lib/libToCoNet_JN5164.a(ToCoNet_main.o)
                0x0008e408                _ToCoNet_vStart
 .text.ToCoNet_vInit
                0x0008e7ea      0x135 /cygdrive/c/TWESDK/TWESDK/Wks_ToCoNet/Monitor2/../../Wks_libToCoNet/libToCoNet/lib/libToCoNet_JN5164.a(ToCoNet_main.o)
                0x0008e7ea                _ToCoNet_vInit
 .text.u8HwEventHandler
                0x0008e91f       0x27 /cygdrive/c/TWESDK/TWESDK/Wks_ToCoNet/Monitor2/../../Wks_libToCoNet/libToCoNet/lib/libToCoNet_JN5164.a(ToCoNet_main.o)
 .text.ToCoNet_u32GetVersion
                0x0008e946       0x21 /cygdrive/c/TWESDK/TWESDK/Wks_ToCoNet/Monitor2/../../Wks_libToCoNet/libToCoNet/lib/libToCoNet_JN5164.a(ToCoNet_utils.o)
                0x0008e946                _ToCoNet_u32GetVersion
 .text.ToCoNet_u32GetVersion_LibEx
                0x0008e967       0x21 /cygdrive/c/TWESDK/TWESDK/Wks_ToCoNet/Monitor2/../../Wks_libToCoNet/libToCoNet/lib/libToCoNet_JN5164.a(ToCoNet_utils.o)
                0x0008e967                _ToCoNet_u32GetVersion_LibEx
 .text.ToCoNet_u32GetVersion_LibUtils
                0x0008e988       0x21 /cygdrive/c/TWESDK/TWESDK/Wks_ToCoNet/Monitor2/../../Wks_libToCoNet/libToCoNet/lib/libToCoNet_JN5164.a(ToCoNet_utils.o)
                0x0008e988                _ToCoNet_u32GetVersion_LibUtils
 .text.ToCoNet_u16GetPanId
                0x0008e9a9        0x9 /cygdrive/c/TWESDK/TWESDK/Wks_ToCoNet/Monitor2/../../Wks_libToCoNet/libToCoNet/lib/libToCoNet_JN5164.a(ToCoNet_utils.o)
                0x0008e9a9                _ToCoNet_u16GetPanId
 .text.ToCoNet_u32GetSerial
                0x0008e9b2        0x9 /cygdrive/c/TWESDK/TWESDK/Wks_ToCoNet/Monitor2/../../Wks_libToCoNet/libToCoNet/lib/libToCoNet_JN5164.a(ToCoNet_utils.o)
                0x0008e9b2                _ToCoNet_u32GetSerial
 .text.ToCoNet_u16RcCalib
                0x0008e9bb       0x4e /cygdrive/c/TWESDK/TWESDK/Wks_ToCoNet/Monitor2/../../Wks_libToCoNet/libToCoNet/lib/libToCoNet_JN5164.a(ToCoNet_utils.o)
                0x0008e9bb                _ToCoNet_u16RcCalib
 .text.ToCoNet_u32GetRand
                0x0008ea09       0x65 /cygdrive/c/TWESDK/TWESDK/Wks_ToCoNet/Monitor2/../../Wks_libToCoNet/libToCoNet/lib/libToCoNet_JN5164.a(ToCoNet_utils.o)
                0x0008ea09                _ToCoNet_u32GetRand
 .text.ToCoNet_vSleep
                0x0008ea6e      0x12b /cygdrive/c/TWESDK/TWESDK/Wks_ToCoNet/Monitor2/../../Wks_libToCoNet/libToCoNet/lib/libToCoNet_JN5164.a(ToCoNet_utils.o)
                0x0008ea6e                _ToCoNet_vSleep
 .text.ToCoNet_vReg_mod_Tx_Standard
                0x0008eb99       0x1d /cygdrive/c/TWESDK/TWESDK/Wks_ToCoNet/Monitor2/../../Wks_libToCoNet/libToCoNet/lib/libToCoNet_JN5164.a(ToCoNet_mod_Tx.o)
                0x0008eb99                _ToCoNet_vReg_mod_Tx_Standard
 .text.ToCoNet_Tx_vProcessQueue
                0x0008ebb6       0x28 /cygdrive/c/TWESDK/TWESDK/Wks_ToCoNet/Monitor2/../../Wks_libToCoNet/libToCoNet/lib/libToCoNet_JN5164.a(ToCoNet_mod_Tx.o)
                0x0008ebb6                _ToCoNet_Tx_vProcessQueue
 .text.vProcessEvCoreTx
                0x0008ebde       0x67 /cygdrive/c/TWESDK/TWESDK/Wks_ToCoNet/Monitor2/../../Wks_libToCoNet/libToCoNet/lib/libToCoNet_JN5164.a(ToCoNet_mod_Tx.o)
 .text.vHnd_E_STATE_FINISH_TX_SUCCESS
                0x0008ec45       0x9b /cygdrive/c/TWESDK/TWESDK/Wks_ToCoNet/Monitor2/../../Wks_libToCoNet/libToCoNet/lib/libToCoNet_JN5164.a(ToCoNet_mod_Tx.o)
 .text.vHnd_E_STATE_WAIT_TX
                0x0008ece0       0x71 /cygdrive/c/TWESDK/TWESDK/Wks_ToCoNet/Monitor2/../../Wks_libToCoNet/libToCoNet/lib/libToCoNet_JN5164.a(ToCoNet_mod_Tx.o)
 .text.vHnd_E_STATE_PREPARE_TX
                0x0008ed51      0x160 /cygdrive/c/TWESDK/TWESDK/Wks_ToCoNet/Monitor2/../../Wks_libToCoNet/libToCoNet/lib/libToCoNet_JN5164.a(ToCoNet_mod_Tx.o)
 .text.vHnd_E_STATE_IDLE
                0x0008eeb1       0x49 /cygdrive/c/TWESDK/TWESDK/Wks_ToCoNet/Monitor2/../../Wks_libToCoNet/libToCoNet/lib/libToCoNet_JN5164.a(ToCoNet_mod_Tx.o)
 .text.vHnd_E_STATE_RUNNING
                0x0008eefa      0x202 /cygdrive/c/TWESDK/TWESDK/Wks_ToCoNet/Monitor2/../../Wks_libToCoNet/libToCoNet/lib/libToCoNet_JN5164.a(ToCoNet_mod_Tx.o)
 .text.vHnd_E_STATE_FINISH_TX_FAIL
                0x0008f0fc       0xc2 /cygdrive/c/TWESDK/TWESDK/Wks_ToCoNet/Monitor2/../../Wks_libToCoNet/libToCoNet/lib/libToCoNet_JN5164.a(ToCoNet_mod_Tx.o)
 .text.ToCoNet_vReg_mod_TxRxQueueMid
                0x0008f1be       0x84 /cygdrive/c/TWESDK/TWESDK/Wks_ToCoNet/Monitor2/../../Wks_libToCoNet/libToCoNet/lib/libToCoNet_JN5164.a(ToCoNet_mod_TxRxQueue.o)
                0x0008f1be                _ToCoNet_vReg_mod_TxRxQueueMid
 .text.ToCoNet_vRxProc_App
                0x0008f242       0x81 /cygdrive/c/TWESDK/TWESDK/Wks_ToCoNet/Monitor2/../../Wks_libToCoNet/libToCoNet/lib/libToCoNet_JN5164.a(ToCoNet_mod_Nwk_Common.o)
                0x0008f242                _ToCoNet_vRxProc_App
 .text.ToCoNet_vRxProc_Mod
                0x0008f2c3       0x49 /cygdrive/c/TWESDK/TWESDK/Wks_ToCoNet/Monitor2/../../Wks_libToCoNet/libToCoNet/lib/libToCoNet_JN5164.a(ToCoNet_mod_Nwk_Common.o)
                0x0008f2c3                _ToCoNet_vRxProc_Mod
 .text.u32GenRouteCtlInfo
                0x0008f30c       0x24 /cygdrive/c/TWESDK/TWESDK/Wks_ToCoNet/Monitor2/../../Wks_libToCoNet/libToCoNet/lib/libToCoNet_JN5164.a(ToCoNet_mod_Nwk_LayerTree_MiniNodes.o)
 .text.ToCoNet_bNwk_Init_LayerTree
                0x0008f330       0x16 /cygdrive/c/TWESDK/TWESDK/Wks_ToCoNet/Monitor2/../../Wks_libToCoNet/libToCoNet/lib/libToCoNet_JN5164.a(ToCoNet_mod_Nwk_LayerTree_MiniNodes.o)
 .text.ToCoNet_bNwk_Stop_LayerTree
                0x0008f346        0x5 /cygdrive/c/TWESDK/TWESDK/Wks_ToCoNet/Monitor2/../../Wks_libToCoNet/libToCoNet/lib/libToCoNet_JN5164.a(ToCoNet_mod_Nwk_LayerTree_MiniNodes.o)
 .text.ToCoNet_NwkLyTr_psConfig_MiniNodes
                0x0008f34b       0x8f /cygdrive/c/TWESDK/TWESDK/Wks_ToCoNet/Monitor2/../../Wks_libToCoNet/libToCoNet/lib/libToCoNet_JN5164.a(ToCoNet_mod_Nwk_LayerTree_MiniNodes.o)
                0x0008f34b                _ToCoNet_NwkLyTr_psConfig_MiniNodes
 .text.bTxReq   0x0008f3da      0x11a /cygdrive/c/TWESDK/TWESDK/Wks_ToCoNet/Monitor2/../../Wks_libToCoNet/libToCoNet/lib/libToCoNet_JN5164.a(ToCoNet_mod_Nwk_LayerTree_MiniNodes.o)
 .text.ToCoNet_bNwk_Start_LayerTree
                0x0008f4f4        0xe /cygdrive/c/TWESDK/TWESDK/Wks_ToCoNet/Monitor2/../../Wks_libToCoNet/libToCoNet/lib/libToCoNet_JN5164.a(ToCoNet_mod_Nwk_LayerTree_MiniNodes.o)
 .text.ToCoNet_ChMgr_bCh_Reconfig
                0x0008f502       0x68 /cygdrive/c/TWESDK/TWESDK/Wks_ToCoNet/Monitor2/../../Wks_libToCoNet/libToCoNet/lib/libToCoNet_JN5164.a(ToCoNet_mod_Channel_Mgr.o)
                0x0008f502                _ToCoNet_ChMgr_bCh_Reconfig
 .text.ToCoNet_ChMgr_vCh_TxFin
                0x0008f56a       0x30 /cygdrive/c/TWESDK/TWESDK/Wks_ToCoNet/Monitor2/../../Wks_libToCoNet/libToCoNet/lib/libToCoNet_JN5164.a(ToCoNet_mod_Channel_Mgr.o)
                0x0008f56a                _ToCoNet_ChMgr_vCh_TxFin
 .text.ToCoNet_ChMgr_bCh_OnTx
                0x0008f59a       0x6d /cygdrive/c/TWESDK/TWESDK/Wks_ToCoNet/Monitor2/../../Wks_libToCoNet/libToCoNet/lib/libToCoNet_JN5164.a(ToCoNet_mod_Channel_Mgr.o)
                0x0008f59a                _ToCoNet_ChMgr_bCh_OnTx
 .text.vFifoInit
                0x0008f607       0x14 /cygdrive/c/TWESDK/TWESDK/Wks_ToCoNet/Monitor2/../../Wks_libToCoNet/libToCoNet/lib/libToCoNet_JN5164.a(AppQueueApi_ToCoNet.o)
 .text.pvFifoPull
                0x0008f61b       0x23 /cygdrive/c/TWESDK/TWESDK/Wks_ToCoNet/Monitor2/../../Wks_libToCoNet/libToCoNet/lib/libToCoNet_JN5164.a(AppQueueApi_ToCoNet.o)
 .text.psAppQApiGetMcpsBuffer
                0x0008f63e        0xc /cygdrive/c/TWESDK/TWESDK/Wks_ToCoNet/Monitor2/../../Wks_libToCoNet/libToCoNet/lib/libToCoNet_JN5164.a(AppQueueApi_ToCoNet.o)
 .text.psAppQApiGetMlmeBuffer
                0x0008f64a        0xc /cygdrive/c/TWESDK/TWESDK/Wks_ToCoNet/Monitor2/../../Wks_libToCoNet/libToCoNet/lib/libToCoNet_JN5164.a(AppQueueApi_ToCoNet.o)
 .text.psAppQApiReadHwIndT
                0x0008f656        0xc /cygdrive/c/TWESDK/TWESDK/Wks_ToCoNet/Monitor2/../../Wks_libToCoNet/libToCoNet/lib/libToCoNet_JN5164.a(AppQueueApi_ToCoNet.o)
                0x0008f656                _psAppQApiReadHwIndT
 .text.psAppQApiReadMcpsIndT
                0x0008f662        0xc /cygdrive/c/TWESDK/TWESDK/Wks_ToCoNet/Monitor2/../../Wks_libToCoNet/libToCoNet/lib/libToCoNet_JN5164.a(AppQueueApi_ToCoNet.o)
                0x0008f662                _psAppQApiReadMcpsIndT
 .text.psAppQApiReadMlmeIndT
                0x0008f66e        0xc /cygdrive/c/TWESDK/TWESDK/Wks_ToCoNet/Monitor2/../../Wks_libToCoNet/libToCoNet/lib/libToCoNet_JN5164.a(AppQueueApi_ToCoNet.o)
                0x0008f66e                _psAppQApiReadMlmeIndT
 .text.bFifoPush
                0x0008f67a       0x28 /cygdrive/c/TWESDK/TWESDK/Wks_ToCoNet/Monitor2/../../Wks_libToCoNet/libToCoNet/lib/libToCoNet_JN5164.a(AppQueueApi_ToCoNet.o)
 .text.vAppQApiPostMcps
                0x0008f6a2       0x1e /cygdrive/c/TWESDK/TWESDK/Wks_ToCoNet/Monitor2/../../Wks_libToCoNet/libToCoNet/lib/libToCoNet_JN5164.a(AppQueueApi_ToCoNet.o)
 .text.vAppQApiPostMlme
                0x0008f6c0       0x22 /cygdrive/c/TWESDK/TWESDK/Wks_ToCoNet/Monitor2/../../Wks_libToCoNet/libToCoNet/lib/libToCoNet_JN5164.a(AppQueueApi_ToCoNet.o)
 .text.vAppQApiReturnHwIndBufferT
                0x0008f6e2        0xe /cygdrive/c/TWESDK/TWESDK/Wks_ToCoNet/Monitor2/../../Wks_libToCoNet/libToCoNet/lib/libToCoNet_JN5164.a(AppQueueApi_ToCoNet.o)
                0x0008f6e2                _vAppQApiReturnHwIndBufferT
 .text.vAppQApiReturnMcpsIndBufferT
                0x0008f6f0        0xe /cygdrive/c/TWESDK/TWESDK/Wks_ToCoNet/Monitor2/../../Wks_libToCoNet/libToCoNet/lib/libToCoNet_JN5164.a(AppQueueApi_ToCoNet.o)
                0x0008f6f0                _vAppQApiReturnMcpsIndBufferT
 .text.vAppQApiReturnMlmeIndBufferT
                0x0008f6fe        0xe /cygdrive/c/TWESDK/TWESDK/Wks_ToCoNet/Monitor2/../../Wks_libToCoNet/libToCoNet/lib/libToCoNet_JN5164.a(AppQueueApi_ToCoNet.o)
                0x0008f6fe                _vAppQApiReturnMlmeIndBufferT
 .text.u32AppQApiInitT
                0x0008f70c      0x18f /cygdrive/c/TWESDK/TWESDK/Wks_ToCoNet/Monitor2/../../Wks_libToCoNet/libToCoNet/lib/libToCoNet_JN5164.a(AppQueueApi_ToCoNet.o)
                0x0008f70c                _u32AppQApiInitT
 .text.vAppQApiPostHwIntT
                0x0008f89b       0x6e /cygdrive/c/TWESDK/TWESDK/Wks_ToCoNet/Monitor2/../../Wks_libToCoNet/libToCoNet/lib/libToCoNet_JN5164.a(AppQueueApi_ToCoNet.o)
 .text.u32AppQApiInitNetwork
                0x0008f909       0x22 /cygdrive/c/TWESDK/TWESDK/Wks_ToCoNet/Monitor2/../../Wks_libToCoNet/libToCoNet/lib/libToCoNet_JN5164.a(AppQueueApi_ToCoNet.o)
                0x0008f909                _u32AppQApiInitNetwork
 .text._ToCoNet_bRfChChannel
                0x0008f92b       0xaa /cygdrive/c/TWESDK/TWESDK/Wks_ToCoNet/Monitor2/../../Wks_libToCoNet/libToCoNet/lib/libToCoNetExt_JN5164.a(AppStart.o)
                0x0008f92b                __ToCoNet_bRfChChannel
 .text.AppWarmStart
                0x0008f9d5       0x9d /cygdrive/c/TWESDK/TWESDK/Wks_ToCoNet/Monitor2/../../Wks_libToCoNet/libToCoNet/lib/libToCoNetExt_JN5164.a(AppStart.o)
                0x0008f9d5                _AppWarmStart
 .text._ToCoNet_vMacInit
                0x0008fa72       0x2c /cygdrive/c/TWESDK/TWESDK/Wks_ToCoNet/Monitor2/../../Wks_libToCoNet/libToCoNet/lib/libToCoNetExt_JN5164.a(AppStart.o)
                0x0008fa72                __ToCoNet_vMacInit
 .text._ToCoNet_vRfConfig
                0x0008fa9e       0xe3 /cygdrive/c/TWESDK/TWESDK/Wks_ToCoNet/Monitor2/../../Wks_libToCoNet/libToCoNet/lib/libToCoNetExt_JN5164.a(AppStart.o)
                0x0008fa9e                __ToCoNet_vRfConfig
 .text.AppColdStart
                0x0008fb81      0x4d7 /cygdrive/c/TWESDK/TWESDK/Wks_ToCoNet/Monitor2/../../Wks_libToCoNet/libToCoNet/lib/libToCoNetExt_JN5164.a(AppStart.o)
                0x0008fb81                _AppColdStart
 .text.ToCoNet_u32GetSerialOnBoot
                0x00090058       0x37 /cygdrive/c/TWESDK/TWESDK/Wks_ToCoNet/Monitor2/../../Wks_libToCoNet/libToCoNet/lib/libToCoNetExt_JN5164.a(getMacAddr.o)
                0x00090058                _ToCoNet_u32GetSerialOnBoot
 .text.Mac_bRxQueueReg
                0x0009008f       0x34 /cygdrive/c/TWESDK/TWESDK/Wks_ToCoNet/Monitor2/../../Wks_libToCoNet/libToCoNet/lib/libToCoNetExt_JN5164.a(mac.o)
                0x0009008f                _Mac_bRxQueueReg
 .text.Mac_vSetHighDataRate
                0x000900c3        0x3 /cygdrive/c/TWESDK/TWESDK/Wks_ToCoNet/Monitor2/../../Wks_libToCoNet/libToCoNet/lib/libToCoNetExt_JN5164.a(mac.o)
                0x000900c3                _Mac_vSetHighDataRate
 .text.Mac_vSetCCA
                0x000900c6       0x32 /cygdrive/c/TWESDK/TWESDK/Wks_ToCoNet/Monitor2/../../Wks_libToCoNet/libToCoNet/lib/libToCoNetExt_JN5164.a(mac.o)
                0x000900c6                _Mac_vSetCCA
 .text.Mac_vSetRetry
                0x000900f8       0x1e /cygdrive/c/TWESDK/TWESDK/Wks_ToCoNet/Monitor2/../../Wks_libToCoNet/libToCoNet/lib/libToCoNetExt_JN5164.a(mac.o)
                0x000900f8                _Mac_vSetRetry
 .text.Mac_vReset
                0x00090116       0x20 /cygdrive/c/TWESDK/TWESDK/Wks_ToCoNet/Monitor2/../../Wks_libToCoNet/libToCoNet/lib/libToCoNetExt_JN5164.a(mac.o)
                0x00090116                _Mac_vReset
 .text.bDecodeAES
                0x00090136       0xc6 /cygdrive/c/TWESDK/TWESDK/Wks_ToCoNet/Monitor2/../../Wks_libToCoNet/libToCoNet/lib/libToCoNetExt_JN5164.a(mac.o)
                0x00090136                _bDecodeAES
 .text.bEncodeAES
                0x000901fc       0xbb /cygdrive/c/TWESDK/TWESDK/Wks_ToCoNet/Monitor2/../../Wks_libToCoNet/libToCoNet/lib/libToCoNetExt_JN5164.a(mac.o)
                0x000901fc                _bEncodeAES
 .text.Mac_vHandleMcpsDataInd
                0x000902b7      0x2a0 /cygdrive/c/TWESDK/TWESDK/Wks_ToCoNet/Monitor2/../../Wks_libToCoNet/libToCoNet/lib/libToCoNetExt_JN5164.a(mac.o)
                0x000902b7                _Mac_vHandleMcpsDataInd
 .text.Mac_bSecureInit
                0x00090557        0xc /cygdrive/c/TWESDK/TWESDK/Wks_ToCoNet/Monitor2/../../Wks_libToCoNet/libToCoNet/lib/libToCoNetExt_JN5164.a(mac.o)
                0x00090557                _Mac_bSecureInit
 .text.Mac_vInit
                0x00090563       0x41 /cygdrive/c/TWESDK/TWESDK/Wks_ToCoNet/Monitor2/../../Wks_libToCoNet/libToCoNet/lib/libToCoNetExt_JN5164.a(mac.o)
                0x00090563                _Mac_vInit
 .text.Mac_bTransmit
                0x000905a4      0x1ee /cygdrive/c/TWESDK/TWESDK/Wks_ToCoNet/Monitor2/../../Wks_libToCoNet/libToCoNet/lib/libToCoNetExt_JN5164.a(mac.o)
                0x000905a4                _Mac_bTransmit
 .text.bAES_CCM_Encode
                0x00090792       0x1e /cygdrive/c/TWESDK/TWESDK/Wks_ToCoNet/Monitor2/../../Wks_libToCoNet/libToCoNet/lib/libToCoNetExt_JN5164.a(AES_CCM.o)
                0x00090792                _bAES_CCM_Encode
 .text.bAES_CCM_Decode
                0x000907b0       0x1e /cygdrive/c/TWESDK/TWESDK/Wks_ToCoNet/Monitor2/../../Wks_libToCoNet/libToCoNet/lib/libToCoNetExt_JN5164.a(AES_CCM.o)
                0x000907b0                _bAES_CCM_Decode
 .text.bAES_CCM_KeyReg
                0x000907ce       0x4a /cygdrive/c/TWESDK/TWESDK/Wks_ToCoNet/Monitor2/../../Wks_libToCoNet/libToCoNet/lib/libToCoNetExt_JN5164.a(AES_CCM.o)
                0x000907ce                _bAES_CCM_KeyReg
 .text.bAES_CCM_DecodeKey
                0x00090818       0x6b /cygdrive/c/TWESDK/TWESDK/Wks_ToCoNet/Monitor2/../../Wks_libToCoNet/libToCoNet/lib/libToCoNetExt_JN5164.a(AES_CCM.o)
                0x00090818                _bAES_CCM_DecodeKey
 .text.bAES_CCM_EncodeKey
                0x00090883       0x5c /cygdrive/c/TWESDK/TWESDK/Wks_ToCoNet/Monitor2/../../Wks_libToCoNet/libToCoNet/lib/libToCoNetExt_JN5164.a(AES_CCM.o)
                0x00090883                _bAES_CCM_EncodeKey
 .text.EEP_6x_bRead
                0x000908df       0x48 /cygdrive/c/TWESDK/TWESDK/Wks_ToCoNet/Monitor2/../../Wks_libToCoNet/libToCoNet/lib/libToCoNetExt_JN5164.a(eeprom_6x.o)
                0x000908df                _EEP_6x_bRead
 .text.EEP_6x_bWrite
                0x00090927       0x7b /cygdrive/c/TWESDK/TWESDK/Wks_ToCoNet/Monitor2/../../Wks_libToCoNet/libToCoNet/lib/libToCoNetExt_JN5164.a(eeprom_6x.o)
                0x00090927                _EEP_6x_bWrite
 .text.vInstallNoAckHandler
                0x000909a2       0x2a /cygdrive/c/TWESDK/TWESDK/Wks_ToCoNet/Monitor2/../../Wks_libToCoNet/libToCoNet/lib/libToCoNetExt_JN5164.a(no_ack_handler.o)
                0x000909a2                _vInstallNoAckHandler
 .text.vHandlerPatch
                0x000909cc       0x38 /cygdrive/c/TWESDK/TWESDK/Wks_ToCoNet/Monitor2/../../Wks_libToCoNet/libToCoNet/lib/libToCoNetExt_JN5164.a(no_ack_handler.o)
 .text.bAHI_ReadIndexSectorPage
                0x00090a04       0x4a /cygdrive/c/TWESDK/TWESDK/Wks_ToCoNet/Monitor2/../../Wks_libToCoNet/libToCoNet/lib/libToCoNetExt_JN5164.a(AHI_FlashIndexSector.o)
                0x00090a04                _bAHI_ReadIndexSectorPage
 .text.bAHI_ReadUserData
                0x00090a4e       0x2a /cygdrive/c/TWESDK/TWESDK/Wks_ToCoNet/Monitor2/../../Wks_libToCoNet/libToCoNet/lib/libToCoNetExt_JN5164.a(AHI_FlashIndexSector.o)
                0x00090a4e                _bAHI_ReadUserData
 .text.bAHI_ReadIndexSectorBit
                0x00090a78       0x39 /cygdrive/c/TWESDK/TWESDK/Wks_ToCoNet/Monitor2/../../Wks_libToCoNet/libToCoNet/lib/libToCoNetExt_JN5164.a(AHI_FlashIndexSector.o)
                0x00090a78                _bAHI_ReadIndexSectorBit
 .text.u32AHI_ReadIndexSectorBits
                0x00090ab1       0x37 /cygdrive/c/TWESDK/TWESDK/Wks_ToCoNet/Monitor2/../../Wks_libToCoNet/libToCoNet/lib/libToCoNetExt_JN5164.a(AHI_FlashIndexSector.o)
                0x00090ab1                _u32AHI_ReadIndexSectorBits
 .text.bAHI_ReadCustomerSettings
                0x00090ae8       0x9b /cygdrive/c/TWESDK/TWESDK/Wks_ToCoNet/Monitor2/../../Wks_libToCoNet/libToCoNet/lib/libToCoNetExt_JN5164.a(AHI_FlashIndexSector.o)
                0x00090ae8                _bAHI_ReadCustomerSettings
 .text.bAHI_ReadMACID
                0x00090b83       0x46 /cygdrive/c/TWESDK/TWESDK/Wks_ToCoNet/Monitor2/../../Wks_libToCoNet/libToCoNet/lib/libToCoNetExt_JN5164.a(AHI_FlashIndexSector.o)
                0x00090b83                _bAHI_ReadMACID
 .text.bPDM_InitialiseEEPROM
                0x00090bc9       0x4d /cygdrive/c/TWESDK/TWESDK/Wks_ToCoNet/Monitor2/../../Wks_libToCoNet/libToCoNet/lib/libToCoNetExt_JN5164.a(PDM_EEPROM.o)
                0x00090bc9                _bPDM_InitialiseEEPROM
 .text.vPDM_WriteEEPROMfixSegmentData
                0x00090c16       0x3e /cygdrive/c/TWESDK/TWESDK/Wks_ToCoNet/Monitor2/../../Wks_libToCoNet/libToCoNet/lib/libToCoNetExt_JN5164.a(PDM_EEPROM.o)
                0x00090c16                _vPDM_WriteEEPROMfixSegmentData
 .text.SERIAL_bTxQueueEmpty
                0x00090c54       0x18 /cygdrive/c/TWESDK/TWESDK/Wks_ToCoNet/Monitor2/../../Wks_libToCoNet/libToCoNet/lib/libToCoNetUtils_JN5164.a(serial.o)
                0x00090c54                _SERIAL_bTxQueueEmpty
 .text.SERIAL_bRxQueueEmpty
                0x00090c6c       0x18 /cygdrive/c/TWESDK/TWESDK/Wks_ToCoNet/Monitor2/../../Wks_libToCoNet/libToCoNet/lib/libToCoNetUtils_JN5164.a(serial.o)
                0x00090c6c                _SERIAL_bRxQueueEmpty
 .text.SERIAL_vTxReady
                0x00090c84       0x36 /cygdrive/c/TWESDK/TWESDK/Wks_ToCoNet/Monitor2/../../Wks_libToCoNet/libToCoNet/lib/libToCoNetUtils_JN5164.a(serial.o)
                0x00090c84                _SERIAL_vTxReady
 .text.SERIAL_vFlush
                0x00090cba       0x39 /cygdrive/c/TWESDK/TWESDK/Wks_ToCoNet/Monitor2/../../Wks_libToCoNet/libToCoNet/lib/libToCoNetUtils_JN5164.a(serial.o)
                0x00090cba                _SERIAL_vFlush
 .text.SERIAL_i16RxChar
                0x00090cf3       0x4c /cygdrive/c/TWESDK/TWESDK/Wks_ToCoNet/Monitor2/../../Wks_libToCoNet/libToCoNet/lib/libToCoNetUtils_JN5164.a(serial.o)
                0x00090cf3                _SERIAL_i16RxChar
 .text.SERIAL_bTxChar
                0x00090d3f       0x73 /cygdrive/c/TWESDK/TWESDK/Wks_ToCoNet/Monitor2/../../Wks_libToCoNet/libToCoNet/lib/libToCoNetUtils_JN5164.a(serial.o)
                0x00090d3f                _SERIAL_bTxChar
 .text.SERIAL_vInitEx
                0x00090db2       0x90 /cygdrive/c/TWESDK/TWESDK/Wks_ToCoNet/Monitor2/../../Wks_libToCoNet/libToCoNet/lib/libToCoNetUtils_JN5164.a(serial.o)
                0x00090db2                _SERIAL_vInitEx
 .text.SERIAL_vInit
                0x00090e42        0x8 /cygdrive/c/TWESDK/TWESDK/Wks_ToCoNet/Monitor2/../../Wks_libToCoNet/libToCoNet/lib/libToCoNetUtils_JN5164.a(serial.o)
                0x00090e42                _SERIAL_vInit
 .text.vRxChar  0x00090e4a       0x3e /cygdrive/c/TWESDK/TWESDK/Wks_ToCoNet/Monitor2/../../Wks_libToCoNet/libToCoNet/lib/libToCoNetUtils_JN5164.a(serial.o)
 .text.UART_vSetTxInterrupt
                0x00090e88       0x1a /cygdrive/c/TWESDK/TWESDK/Wks_ToCoNet/Monitor2/../../Wks_libToCoNet/libToCoNet/lib/libToCoNetUtils_JN5164.a(uart.o)
                0x00090e88                _UART_vSetTxInterrupt
 .text.UART_bTxReady
                0x00090ea2        0xf /cygdrive/c/TWESDK/TWESDK/Wks_ToCoNet/Monitor2/../../Wks_libToCoNet/libToCoNet/lib/libToCoNetUtils_JN5164.a(uart.o)
                0x00090ea2                _UART_bTxReady
 .text.UART_vTxChar
                0x00090eb1        0x6 /cygdrive/c/TWESDK/TWESDK/Wks_ToCoNet/Monitor2/../../Wks_libToCoNet/libToCoNet/lib/libToCoNetUtils_JN5164.a(uart.o)
                0x00090eb1                _UART_vTxChar
 .text.UART_vRtsStartFlow
                0x00090eb7       0x22 /cygdrive/c/TWESDK/TWESDK/Wks_ToCoNet/Monitor2/../../Wks_libToCoNet/libToCoNet/lib/libToCoNetUtils_JN5164.a(uart.o)
                0x00090eb7                _UART_vRtsStartFlow
 .text.UART_vRtsStopFlow
                0x00090ed9       0x22 /cygdrive/c/TWESDK/TWESDK/Wks_ToCoNet/Monitor2/../../Wks_libToCoNet/libToCoNet/lib/libToCoNetUtils_JN5164.a(uart.o)
                0x00090ed9                _UART_vRtsStopFlow
 .text.UART_vInit
                0x00090efb      0x1c3 /cygdrive/c/TWESDK/TWESDK/Wks_ToCoNet/Monitor2/../../Wks_libToCoNet/libToCoNet/lib/libToCoNetUtils_JN5164.a(uart.o)
                0x00090efb                _UART_vInit
 .text.UART_vHandleUartInterrupt
                0x000910be       0x8e /cygdrive/c/TWESDK/TWESDK/Wks_ToCoNet/Monitor2/../../Wks_libToCoNet/libToCoNet/lib/libToCoNetUtils_JN5164.a(uart.o)
 .text.QUEUE__vInit
                0x0009114c       0x12 /cygdrive/c/TWESDK/TWESDK/Wks_ToCoNet/Monitor2/../../Wks_libToCoNet/libToCoNet/lib/libToCoNetUtils_JN5164.a(ByteQueue.o)
                0x0009114c                _QUEUE__vInit
 .text.QUEUE__bEmpty
                0x0009115e        0xe /cygdrive/c/TWESDK/TWESDK/Wks_ToCoNet/Monitor2/../../Wks_libToCoNet/libToCoNet/lib/libToCoNetUtils_JN5164.a(ByteQueue.o)
                0x0009115e                _QUEUE__bEmpty
 .text.QUEUE__bFull
                0x0009116c       0x11 /cygdrive/c/TWESDK/TWESDK/Wks_ToCoNet/Monitor2/../../Wks_libToCoNet/libToCoNet/lib/libToCoNetUtils_JN5164.a(ByteQueue.o)
                0x0009116c                _QUEUE__bFull
 .text.QUEUE__u16Count
                0x0009117d        0x6 /cygdrive/c/TWESDK/TWESDK/Wks_ToCoNet/Monitor2/../../Wks_libToCoNet/libToCoNet/lib/libToCoNetUtils_JN5164.a(ByteQueue.o)
                0x0009117d                _QUEUE__u16Count
 .text.QUEUE__vFlush
                0x00091183       0x26 /cygdrive/c/TWESDK/TWESDK/Wks_ToCoNet/Monitor2/../../Wks_libToCoNet/libToCoNet/lib/libToCoNetUtils_JN5164.a(ByteQueue.o)
                0x00091183                _QUEUE__vFlush
 .text.QUEUE__u8RemoveItem
                0x000911a9       0x66 /cygdrive/c/TWESDK/TWESDK/Wks_ToCoNet/Monitor2/../../Wks_libToCoNet/libToCoNet/lib/libToCoNetUtils_JN5164.a(ByteQueue.o)
                0x000911a9                _QUEUE__u8RemoveItem
 .text.QUEUE__vAddItem
                0x0009120f       0x66 /cygdrive/c/TWESDK/TWESDK/Wks_ToCoNet/Monitor2/../../Wks_libToCoNet/libToCoNet/lib/libToCoNetUtils_JN5164.a(ByteQueue.o)
                0x0009120f                _QUEUE__vAddItem
 .text.u8CCITT8
                0x00091275       0x23 /cygdrive/c/TWESDK/TWESDK/Wks_ToCoNet/Monitor2/../../Wks_libToCoNet/libToCoNet/lib/libToCoNetUtils_JN5164.a(ccitt8.o)
                0x00091275                _u8CCITT8
 .text.vPrintString
                0x00091298       0x7d /cygdrive/c/TWESDK/TWESDK/Wks_ToCoNet/Monitor2/../../Wks_libToCoNet/libToCoNet/lib/libToCoNetUtils_JN5164.a(fprintf.o)
 .text.vPrintInteger
                0x00091315       0xac /cygdrive/c/TWESDK/TWESDK/Wks_ToCoNet/Monitor2/../../Wks_libToCoNet/libToCoNet/lib/libToCoNetUtils_JN5164.a(fprintf.o)
 .text.vfPrintf
                0x000913c1      0x1d4 /cygdrive/c/TWESDK/TWESDK/Wks_ToCoNet/Monitor2/../../Wks_libToCoNet/libToCoNet/lib/libToCoNetUtils_JN5164.a(fprintf.o)
                0x000913c1                _vfPrintf
 .text.SPRINTF_bPutChar
                0x00091595       0x3b /cygdrive/c/TWESDK/TWESDK/Wks_ToCoNet/Monitor2/../../Wks_libToCoNet/libToCoNet/lib/libToCoNetUtils_JN5164.a(sprintf.o)
 .text.SPRINTF_vInit128
                0x000915d0       0x30 /cygdrive/c/TWESDK/TWESDK/Wks_ToCoNet/Monitor2/../../Wks_libToCoNet/libToCoNet/lib/libToCoNetUtils_JN5164.a(sprintf.o)
                0x000915d0                _SPRINTF_vInit128
 .text.u32string2hex
                0x00091600       0x5e /cygdrive/c/TWESDK/TWESDK/Wks_ToCoNet/Monitor2/../../Wks_libToCoNet/libToCoNet/lib/libToCoNetUtils_JN5164.a(sprintf.o)
                0x00091600                _u32string2hex
 .text.u32string2dec
                0x0009165e       0x61 /cygdrive/c/TWESDK/TWESDK/Wks_ToCoNet/Monitor2/../../Wks_libToCoNet/libToCoNet/lib/libToCoNetUtils_JN5164.a(sprintf.o)
                0x0009165e                _u32string2dec
 .text.vTimerChangeDutyCore
                0x000916bf       0xa2 /cygdrive/c/TWESDK/TWESDK/Wks_ToCoNet/Monitor2/../../Wks_libToCoNet/libToCoNet/lib/libToCoNetUtils_JN5164.a(utils.o)
                0x000916bf                _vTimerChangeDutyCore
 .text.vTimerChangeDuty
                0x00091761        0xe /cygdrive/c/TWESDK/TWESDK/Wks_ToCoNet/Monitor2/../../Wks_libToCoNet/libToCoNet/lib/libToCoNetUtils_JN5164.a(utils.o)
                0x00091761                _vTimerChangeDuty
 .text.vWait    0x0009176f       0x19 /cygdrive/c/TWESDK/TWESDK/Wks_ToCoNet/Monitor2/../../Wks_libToCoNet/libToCoNet/lib/libToCoNetUtils_JN5164.a(utils.o)
                0x0009176f                _vWait
 .text.vTimerStop
                0x00091788       0x39 /cygdrive/c/TWESDK/TWESDK/Wks_ToCoNet/Monitor2/../../Wks_libToCoNet/libToCoNet/lib/libToCoNetUtils_JN5164.a(utils.o)
                0x00091788                _vTimerStop
 .text.vTimerStart
                0x000917c1       0xa7 /cygdrive/c/TWESDK/TWESDK/Wks_ToCoNet/Monitor2/../../Wks_libToCoNet/libToCoNet/lib/libToCoNetUtils_JN5164.a(utils.o)
                0x000917c1                _vTimerStart
 .text.vTimerConfig
                0x00091868      0x190 /cygdrive/c/TWESDK/TWESDK/Wks_ToCoNet/Monitor2/../../Wks_libToCoNet/libToCoNet/lib/libToCoNetUtils_JN5164.a(utils.o)
                0x00091868                _vTimerConfig
 .text          0x000919f8       0xbb /cygdrive/c/TWESDK/TWESDK/Tools/ba-elf-ba2/bin/../lib/gcc/ba-elf/4.1.2/../../../../ba-elf/lib/ba2/libm.a(w_sqrt.o)
                0x000919f8                _sqrt
 .text          0x00091ab3      0x1a4 /cygdrive/c/TWESDK/TWESDK/Tools/ba-elf-ba2/bin/../lib/gcc/ba-elf/4.1.2/../../../../ba-elf/lib/ba2/libm.a(e_sqrt.o)
                0x00091ab3                ___ieee754_sqrt
 .text          0x00091c57       0x27 /cygdrive/c/TWESDK/TWESDK/Tools/ba-elf-ba2/bin/../lib/gcc/ba-elf/4.1.2/../../../../ba-elf/lib/ba2/libm.a(s_isnan.o)
                0x00091c57                _isnan
 .text          0x00091c7e        0xb /cygdrive/c/TWESDK/TWESDK/Tools/ba-elf-ba2/bin/../lib/gcc/ba-elf/4.1.2/../../../../ba-elf/lib/ba2/libm.a(s_matherr.o)
                0x00091c7e                _matherr
 .text.pvAppApiDefGetMacHandle
                0x00091c89        0x9 /cygdrive/c/TWESDK/TWESDK/516x/Components/Library/libAppApi_JN516x.a(AppApi.o)
                0x00091c89                _pvAppApiDefGetMacHandle
 .text.vAppApiDefSetPrbsSeed
                0x00091c92       0x24 /cygdrive/c/TWESDK/TWESDK/516x/Components/Library/libAppApi_JN516x.a(AppApi.o)
                0x00091c92                _vAppApiDefSetPrbsSeed
 .text.pvAppApiDefGetMacAddrLocation
                0x00091cb6        0x9 /cygdrive/c/TWESDK/TWESDK/516x/Components/Library/libAppApi_JN516x.a(AppApi.o)
                0x00091cb6                _pvAppApiDefGetMacAddrLocation
 .text.vAppApiDefSetInterrupts
                0x00091cbf       0x3d /cygdrive/c/TWESDK/TWESDK/516x/Components/Library/libAppApi_JN516x.a(AppApi.o)
                0x00091cbf                _vAppApiDefSetInterrupts
 .text.vAppApiDefPowerUp
                0x00091cfc       0x26 /cygdrive/c/TWESDK/TWESDK/516x/Components/Library/libAppApi_JN516x.a(AppApi.o)
                0x00091cfc                _vAppApiDefPowerUp
 .text.vAppApiDefStartStack
                0x00091d22       0x51 /cygdrive/c/TWESDK/TWESDK/516x/Components/Library/libAppApi_JN516x.a(AppApi.o)
                0x00091d22                _vAppApiDefStartStack
 .text.u32AppApiDefInit
                0x00091d73       0x5a /cygdrive/c/TWESDK/TWESDK/516x/Components/Library/libAppApi_JN516x.a(AppApi.o)
                0x00091d73                _u32AppApiDefInit
 .text.eAppApiDefPlmeGet
                0x00091dcd       0x33 /cygdrive/c/TWESDK/TWESDK/516x/Components/Library/libAppApi_JN516x.a(AppApi.o)
                0x00091dcd                _eAppApiDefPlmeGet
 .text.vAppApiDefMcpsRequest
                0x00091e00       0x32 /cygdrive/c/TWESDK/TWESDK/516x/Components/Library/libAppApi_JN516x.a(AppApi.o)
                0x00091e00                _vAppApiDefMcpsRequest
 .text.vAppApiDefMlmeRequest
                0x00091e32       0x32 /cygdrive/c/TWESDK/TWESDK/516x/Components/Library/libAppApi_JN516x.a(AppApi.o)
                0x00091e32                _vAppApiDefMlmeRequest
 .text.eAppApiDefPlmeSet
                0x00091e64       0x33 /cygdrive/c/TWESDK/TWESDK/516x/Components/Library/libAppApi_JN516x.a(AppApi.o)
                0x00091e64                _eAppApiDefPlmeSet
 .text.vAppApiDefSaveMacSettings
                0x00091e97       0x5d /cygdrive/c/TWESDK/TWESDK/516x/Components/Library/libAppApi_JN516x.a(AppApiSleep.o)
                0x00091e97                _vAppApiDefSaveMacSettings
 .text.vMAC_RestoreSettings
                0x00091ef4       0xc8 /cygdrive/c/TWESDK/TWESDK/516x/Components/Library/libAppApi_JN516x.a(AppApiSleep.o)
                0x00091ef4                _vMAC_RestoreSettings
 .text.vAppApiDefRestoreMacSettings
                0x00091fbc       0x25 /cygdrive/c/TWESDK/TWESDK/516x/Components/Library/libAppApi_JN516x.a(AppApiSleep.o)
                0x00091fbc                _vAppApiDefRestoreMacSettings
 .text.vSetTimer0
                0x00091fe1        0xf /cygdrive/c/TWESDK/TWESDK/516x/Components/Library/libMac_JN516x.a(mac_main.o)
                0x00091fe1                _vSetTimer0
 .text.u32GetTimer0
                0x00091ff0        0x7 /cygdrive/c/TWESDK/TWESDK/516x/Components/Library/libMac_JN516x.a(mac_main.o)
                0x00091ff0                _u32GetTimer0
 .text.MAC_vXcvPhyEvtHandler
                0x00091ff7       0x10 /cygdrive/c/TWESDK/TWESDK/516x/Components/Library/libMac_JN516x.a(mac_main.o)
                0x00091ff7                _MAC_vXcvPhyEvtHandler
 .text.MAC_vXcvBbcEvtHandler
                0x00092007       0x20 /cygdrive/c/TWESDK/TWESDK/516x/Components/Library/libMac_JN516x.a(mac_main.o)
                0x00092007                _MAC_vXcvBbcEvtHandler
 .text.mac_vInitTimer0
                0x00092027       0x20 /cygdrive/c/TWESDK/TWESDK/516x/Components/Library/libMac_JN516x.a(mac_main.o)
                0x00092027                _mac_vInitTimer0
 .text.MAC_pvCtor
                0x00092047       0x82 /cygdrive/c/TWESDK/TWESDK/516x/Components/Library/libMac_JN516x.a(mac_main.o)
                0x00092047                _MAC_pvCtor
 .text.MAC_vHandleMcpsReqRsp
                0x000920c9       0x2d /cygdrive/c/TWESDK/TWESDK/516x/Components/Library/libMac_JN516x.a(mac_mcps.o)
                0x000920c9                _MAC_vHandleMcpsReqRsp
 .text.vHandleTofRequest
                0x000920f6       0x12 /cygdrive/c/TWESDK/TWESDK/516x/Components/Library/libMac_JN516x.a(mac_mlme.o)
 .text.MAC_vHandleMlmeReqRsp
                0x00092108       0xb4 /cygdrive/c/TWESDK/TWESDK/516x/Components/Library/libMac_JN516x.a(mac_mlme.o)
                0x00092108                _MAC_vHandleMlmeReqRsp
 .text.MAC_psPibGetHandle
                0x000921bc        0x7 /cygdrive/c/TWESDK/TWESDK/516x/Components/Library/libMac_JN516x.a(mac_pib.o)
                0x000921bc                _MAC_psPibGetHandle
 .text.MAC_vPibSetShortAddr
                0x000921c3        0xe /cygdrive/c/TWESDK/TWESDK/516x/Components/Library/libMac_JN516x.a(mac_pib.o)
                0x000921c3                _MAC_vPibSetShortAddr
 .text.MAC_vPibSetPanId
                0x000921d1       0x1b /cygdrive/c/TWESDK/TWESDK/516x/Components/Library/libMac_JN516x.a(mac_pib.o)
                0x000921d1                _MAC_vPibSetPanId
 .text.MAC_vPibSetMinBe
                0x000921ec       0x1e /cygdrive/c/TWESDK/TWESDK/516x/Components/Library/libMac_JN516x.a(mac_pib.o)
                0x000921ec                _MAC_vPibSetMinBe
 .text.MAC_vPibSetMaxCsmaBackoffs
                0x0009220a       0x21 /cygdrive/c/TWESDK/TWESDK/516x/Components/Library/libMac_JN516x.a(mac_pib.o)
                0x0009220a                _MAC_vPibSetMaxCsmaBackoffs
 .text.MAC_vSetExtAddr
                0x0009222b       0x1f /cygdrive/c/TWESDK/TWESDK/516x/Components/Library/libMac_JN516x.a(mac_pib.o)
                0x0009222b                _MAC_vSetExtAddr
 .text.MAC_vPibSetRxOnWhenIdle
                0x0009224a       0x13 /cygdrive/c/TWESDK/TWESDK/516x/Components/Library/libMac_JN516x.a(mac_pib.o)
                0x0009224a                _MAC_vPibSetRxOnWhenIdle
 .text.MAC_vPibSetPromiscuousMode
                0x0009225d       0x40 /cygdrive/c/TWESDK/TWESDK/516x/Components/Library/libMac_JN516x.a(mac_pib.o)
                0x0009225d                _MAC_vPibSetPromiscuousMode
 .text.mac_vPibCmpCoordExtAddr
                0x0009229d       0x29 /cygdrive/c/TWESDK/TWESDK/516x/Components/Library/libMac_JN516x.a(mac_pib_mlme.o)
                0x0009229d                _mac_vPibCmpCoordExtAddr
 .text.mac_vPibReset
                0x000922c6       0x87 /cygdrive/c/TWESDK/TWESDK/516x/Components/Library/libMac_JN516x.a(mac_pib_mlme.o)
                0x000922c6                _mac_vPibReset
 .text.mac_vPibSetDefaults
                0x0009234d      0x12e /cygdrive/c/TWESDK/TWESDK/516x/Components/Library/libMac_JN516x.a(mac_pib_mlme.o)
                0x0009234d                _mac_vPibSetDefaults
 .text.vPMICreset
                0x0009247b        0xd /cygdrive/c/TWESDK/TWESDK/516x/Components/Library/libMac_JN516x.a(mac_pmic.o)
                0x0009247b                _vPMICreset
 .text.vPMICpostFailedAssocDcfm
                0x00092488       0x3d /cygdrive/c/TWESDK/TWESDK/516x/Components/Library/libMac_JN516x.a(mac_pmic.o)
                0x00092488                _vPMICpostFailedAssocDcfm
 .text.vPMICassocReqTO_2
                0x000924c5       0x1d /cygdrive/c/TWESDK/TWESDK/516x/Components/Library/libMac_JN516x.a(mac_pmic.o)
 .text.vPMICassocReqFrameReceived
                0x000924e2       0x79 /cygdrive/c/TWESDK/TWESDK/516x/Components/Library/libMac_JN516x.a(mac_pmic.o)
                0x000924e2                _vPMICassocReqFrameReceived