Archive member included because of file (symbol)

/cygdrive/c/TWESDK/TWESDK/Wks_ToCoNet/Samp_PingPong2/../../Wks_libToCoNet/libToCoNet/lib/libToCoNet_JN5164.a(ToCoNet_event.o)
                              objs_JN5164/PingPong.o (_PRSEV_u8Register)
/cygdrive/c/TWESDK/TWESDK/Wks_ToCoNet/Samp_PingPong2/../../Wks_libToCoNet/libToCoNet/lib/libToCoNet_JN5164.a(ToCoNet_main.o)
                              objs_JN5164/PingPong.o (_ToCoNet_vDebugInit)
/cygdrive/c/TWESDK/TWESDK/Wks_ToCoNet/Samp_PingPong2/../../Wks_libToCoNet/libToCoNet/lib/libToCoNet_JN5164.a(ToCoNet_utils.o)
                              /cygdrive/c/TWESDK/TWESDK/Wks_ToCoNet/Samp_PingPong2/../../Wks_libToCoNet/libToCoNet/lib/libToCoNet_JN5164.a(ToCoNet_main.o) (_ToCoNet_u32GetVersion)
/cygdrive/c/TWESDK/TWESDK/Wks_ToCoNet/Samp_PingPong2/../../Wks_libToCoNet/libToCoNet/lib/libToCoNet_JN5164.a(ToCoNet_mod_Tx.o)
                              objs_JN5164/PingPong.o (_ToCoNet_vReg_mod_Tx_Standard)
/cygdrive/c/TWESDK/TWESDK/Wks_ToCoNet/Samp_PingPong2/../../Wks_libToCoNet/libToCoNet/lib/libToCoNet_JN5164.a(ToCoNet_mod_TxRxQueue.o)
                              objs_JN5164/PingPong.o (_ToCoNet_vReg_mod_TxRxQueueMid)
/cygdrive/c/TWESDK/TWESDK/Wks_ToCoNet/Samp_PingPong2/../../Wks_libToCoNet/libToCoNet/lib/libToCoNet_JN5164.a(ToCoNet_mod_Nwk_Common.o)
                              /cygdrive/c/TWESDK/TWESDK/Wks_ToCoNet/Samp_PingPong2/../../Wks_libToCoNet/libToCoNet/lib/libToCoNet_JN5164.a(ToCoNet_main.o) (_ToCoNet_vRxProc_App)
/cygdrive/c/TWESDK/TWESDK/Wks_ToCoNet/Samp_PingPong2/../../Wks_libToCoNet/libToCoNet/lib/libToCoNet_JN5164.a(ToCoNet_mod_Channel_Mgr.o)
                              /cygdrive/c/TWESDK/TWESDK/Wks_ToCoNet/Samp_PingPong2/../../Wks_libToCoNet/libToCoNet/lib/libToCoNet_JN5164.a(ToCoNet_main.o) (_ToCoNet_ChMgr_bCh_Reconfig)
/cygdrive/c/TWESDK/TWESDK/Wks_ToCoNet/Samp_PingPong2/../../Wks_libToCoNet/libToCoNet/lib/libToCoNet_JN5164.a(Version.o)
                              /cygdrive/c/TWESDK/TWESDK/Wks_ToCoNet/Samp_PingPong2/../../Wks_libToCoNet/libToCoNet/lib/libToCoNet_JN5164.a(ToCoNet_utils.o) (_au8ToCoNetVersionInfo)
/cygdrive/c/TWESDK/TWESDK/Wks_ToCoNet/Samp_PingPong2/../../Wks_libToCoNet/libToCoNet/lib/libToCoNet_JN5164.a(AppQueueApi_ToCoNet.o)
                              /cygdrive/c/TWESDK/TWESDK/Wks_ToCoNet/Samp_PingPong2/../../Wks_libToCoNet/libToCoNet/lib/libToCoNet_JN5164.a(ToCoNet_main.o) (_psAppQApiReadHwIndT)
/cygdrive/c/TWESDK/TWESDK/Wks_ToCoNet/Samp_PingPong2/../../Wks_libToCoNet/libToCoNet/lib/libToCoNetExt_JN5164.a(AppStart.o)
                              /cygdrive/c/TWESDK/TWESDK/Wks_ToCoNet/Samp_PingPong2/../../Wks_libToCoNet/libToCoNet/lib/libToCoNet_JN5164.a(ToCoNet_mod_Channel_Mgr.o) (__ToCoNet_bRfChChannel)
/cygdrive/c/TWESDK/TWESDK/Wks_ToCoNet/Samp_PingPong2/../../Wks_libToCoNet/libToCoNet/lib/libToCoNetExt_JN5164.a(getMacAddr.o)
                              /cygdrive/c/TWESDK/TWESDK/Wks_ToCoNet/Samp_PingPong2/../../Wks_libToCoNet/libToCoNet/lib/libToCoNet_JN5164.a(ToCoNet_main.o) (_ToCoNet_u32GetSerialOnBoot)
/cygdrive/c/TWESDK/TWESDK/Wks_ToCoNet/Samp_PingPong2/../../Wks_libToCoNet/libToCoNet/lib/libToCoNetExt_JN5164.a(mac.o)
                              /cygdrive/c/TWESDK/TWESDK/Wks_ToCoNet/Samp_PingPong2/../../Wks_libToCoNet/libToCoNet/lib/libToCoNet_JN5164.a(ToCoNet_main.o) (_Mac_bRxQueueReg)
/cygdrive/c/TWESDK/TWESDK/Wks_ToCoNet/Samp_PingPong2/../../Wks_libToCoNet/libToCoNet/lib/libToCoNetExt_JN5164.a(AES_CCM.o)
                              /cygdrive/c/TWESDK/TWESDK/Wks_ToCoNet/Samp_PingPong2/../../Wks_libToCoNet/libToCoNet/lib/libToCoNetExt_JN5164.a(mac.o) (_bAES_CCM_Encode)
/cygdrive/c/TWESDK/TWESDK/Wks_ToCoNet/Samp_PingPong2/../../Wks_libToCoNet/libToCoNet/lib/libToCoNetExt_JN5164.a(no_ack_handler.o)
                              /cygdrive/c/TWESDK/TWESDK/Wks_ToCoNet/Samp_PingPong2/../../Wks_libToCoNet/libToCoNet/lib/libToCoNetExt_JN5164.a(AppStart.o) (_vInstallNoAckHandler)
/cygdrive/c/TWESDK/TWESDK/Wks_ToCoNet/Samp_PingPong2/../../Wks_libToCoNet/libToCoNet/lib/libToCoNetExt_JN5164.a(Version.o)
                              /cygdrive/c/TWESDK/TWESDK/Wks_ToCoNet/Samp_PingPong2/../../Wks_libToCoNet/libToCoNet/lib/libToCoNet_JN5164.a(ToCoNet_utils.o) (_au8ToCoNetExtVersionInfo)
/cygdrive/c/TWESDK/TWESDK/Wks_ToCoNet/Samp_PingPong2/../../Wks_libToCoNet/libToCoNet/lib/libToCoNetExt_JN5164.a(AHI_FlashIndexSector.o)
                              /cygdrive/c/TWESDK/TWESDK/Wks_ToCoNet/Samp_PingPong2/../../Wks_libToCoNet/libToCoNet/lib/libToCoNetExt_JN5164.a(AppStart.o) (_bAHI_ReadUserData)
/cygdrive/c/TWESDK/TWESDK/Wks_ToCoNet/Samp_PingPong2/../../Wks_libToCoNet/libToCoNet/lib/libToCoNetUtils_JN5164.a(serial.o)
                              objs_JN5164/PingPong.o (_SERIAL_bRxQueueEmpty)
/cygdrive/c/TWESDK/TWESDK/Wks_ToCoNet/Samp_PingPong2/../../Wks_libToCoNet/libToCoNet/lib/libToCoNetUtils_JN5164.a(uart.o)
[...]
Memory Configuration

Name             Origin             Length             Attributes
flash            0x00080000         0x00028000
ram              0x0400004c         0x00007fb4
*default*        0x00000000         0xffffffff

Linker script and memory map

LOAD objs_JN5164/PingPong.o
LOAD /cygdrive/c/TWESDK/TWESDK/Wks_ToCoNet/Samp_PingPong2/../../Wks_libToCoNet/libToCoNet/lib/libToCoNet_JN5164.a
LOAD /cygdrive/c/TWESDK/TWESDK/Wks_ToCoNet/Samp_PingPong2/../../Wks_libToCoNet/libToCoNet/lib/libToCoNetExt_JN5164.a
LOAD /cygdrive/c/TWESDK/TWESDK/Wks_ToCoNet/Samp_PingPong2/../../Wks_libToCoNet/libToCoNet/lib/libToCoNetUtils_JN5164.a
START GROUP
LOAD /cygdrive/c/TWESDK/TWESDK/516x/Components/Library/libAppApi_JN516x.a
LOAD /cygdrive/c/TWESDK/TWESDK/516x/Components/Library/libMac_JN516x.a
LOAD /cygdrive/c/TWESDK/TWESDK/516x/Components/Library/libTof_JN516x.a
LOAD /cygdrive/c/TWESDK/TWESDK/516x/Components/Library/libXcv_JN516x.a
LOAD /cygdrive/c/TWESDK/TWESDK/516x/Components/Library/libAES_CCM_SW_PATCH_JN516x.a
LOAD /cygdrive/c/TWESDK/TWESDK/516x/Components/Library/libAes_JN516x.a
LOAD /cygdrive/c/TWESDK/TWESDK/516x/Components/Library/libTimerServer_JN516x.a
LOAD /cygdrive/c/TWESDK/TWESDK/516x/Components/Library/libHardwareApi_JN516x.a
LOAD /cygdrive/c/TWESDK/TWESDK/516x/Components/Library/libMicroSpecific_JN516x.a
LOAD /cygdrive/c/TWESDK/TWESDK/516x/Components/Library/libBoot_JN516x.a
LOAD /cygdrive/c/TWESDK/TWESDK/516x/Components/Library/libMaths_JN516x.a
LOAD /cygdrive/c/TWESDK/TWESDK/Wks_ToCoNet/Samp_PingPong2/../../Wks_libToCoNet/libToCoNet/lib/libToCoNet_JN5164.a
LOAD /cygdrive/c/TWESDK/TWESDK/Wks_ToCoNet/Samp_PingPong2/../../Wks_libToCoNet/libToCoNet/lib/libToCoNetExt_JN5164.a
LOAD /cygdrive/c/TWESDK/TWESDK/Wks_ToCoNet/Samp_PingPong2/../../Wks_libToCoNet/libToCoNet/lib/libToCoNetUtils_JN5164.a
END GROUP
LOAD /cygdrive/c/TWESDK/TWESDK/Tools/ba-elf-ba2/bin/../lib/gcc/ba-elf/4.1.2/ba2/libgcc.a
LOAD /cygdrive/c/TWESDK/TWESDK/Tools/ba-elf-ba2/bin/../lib/gcc/ba-elf/4.1.2/../../../../ba-elf/lib/ba2/libc.a
LOAD /cygdrive/c/TWESDK/TWESDK/Tools/ba-elf-ba2/bin/../lib/gcc/ba-elf/4.1.2/ba2/libgcc.a
                0x00001000                _stack_size = 0x1000
                0x00080038                __exception_vsr_table = 0x80038
                0x04000000                _pSPIflashFncTable = 0x4000000
                0x00001000                _stack_size = 0x1000
                0x00000044                restore_state = 0x44
                0x0000004a                _bZSPIWaitWIPClear = 0x4a
                0x00000050                _u16ZSPIflashRDID = 0x50
                0x00000056                _u8SelectFlashChipType = 0x56
                0x0000005c                _memcpy = 0x5c
                0x00000066                _vBootFlashProg = 0x66
                [0x00000d16]                _minimum_heap_size = DEFINED (_minimum_heap_size)?_minimum_heap_size:0xd16
                0x00000000                _SwConfig = (DEFINED (g_bSWConf_Debug) | (DEFINED (g_bSWConf_AltDebugPort) << 0x1))

.version        0x0007fffc        0x4
                0x0007fffc        0x4 LONG 0x4030008

.bir            0x00080000       0x10
                0x00080000                _flash_start = <code 342> (.)
                0x00080000                _flash_beg = <code 342> (.)
                0x00080000        0x4 LONG 0x12345678
                0x00080004        0x4 LONG 0x11223344
                0x00080008        0x4 LONG 0x55667788
                0x0008000c        0x1 BYTE 0x8
                0x0008000d        0x1 BYTE 0x1
                0x0008000e        0x2 SHORT 0x0

.flashheader    0x00080010       0x28
                0x00080010        0x4 LONG 0x0
                0x00080014        0x4 LONG 0x0
                0x00080018        0x4 LONG 0x0
                0x0008001c        0x2 SHORT 0x0
                0x0008001e        0x2 SHORT 0x0 <code 342> (_SwConfig)
                0x00080020                _enc_start = <code 342> (.)
                0x00080020        0x4 LONG 0xc150 <code 342> (_image_len)
                0x00000000                _enc_offset = (_enc_start & 0xf)
                [0x00000020]                _enc_start = (_enc_start - _flash_beg)
                0x00080024        0x4 LONG 0x8c124 <code 342> (_flash_data_start)
                0x00080028        0x2 SHORT 0x13 ((<code 342> (_ram_data_start) / 0x4) & 0xffff)
                0x0008002a        0x2 SHORT 0xb ((<code 342> (_ram_data_len) / 0x4) & 0xffff)
                0x0008002c        0x2 SHORT 0x1e ((<code 342> (_bss_start) / 0x4) & 0xffff)
                0x0008002e        0x2 SHORT 0x67f ((<code 342> (_bss_len) / 0x4) & 0xffff)
                0x00080030        0x4 LONG 0x82784 <code 342> (_AppWarmStart)
                0x00080034        0x4 LONG 0x82930 <code 342> (_AppColdStart)
                0x00000044                PROVIDE (_vException_BusError, restore_state)
                0x00000044                PROVIDE (_vException_UnalignedAccess, restore_state)
                0x00000044                PROVIDE (_vException_IllegalInstruction, restore_state)
                0x00000044                PROVIDE (_vException_SysCall, restore_state)
                0x00000044                PROVIDE (_vException_Trap, restore_state)
                0x00000044                PROVIDE (_vException_StackOverflow, restore_state)
                0x00080038                . = <code 342> (__exception_vsr_table)

.vsr_table      0x00080038       0x18
                0x00080038        0x4 LONG 0x44 <code 342> (_vException_BusError)
                0x0008003c        0x4 LONG 0x44 <code 342> (_vException_UnalignedAccess)
                0x00080040        0x4 LONG 0x44 <code 342> (_vException_IllegalInstruction)
                0x00080044        0x4 LONG 0x44 <code 342> (_vException_SysCall)
                0x00080048        0x4 LONG 0x44 <code 342> (_vException_Trap)
                0x0008004c        0x4 LONG 0x44 <code 342> (_vException_StackOverflow)

.vsr_handlers   0x00080050       0xab
 *(.vsr_handlers)
 .vsr_handlers  0x00080050       0xab /cygdrive/c/TWESDK/TWESDK/516x/Components/Library/libBoot_JN516x.a(ExceptionHandler.o)
                0x00080050                __exception_external_interrupt
                0x000800f9                __default_vsr_dummy

.rodata         0x000800fc      0x5a9
 *(.rodata*)
 .rodata.str1.1
                0x000800fc      0x1b0 objs_JN5164/PingPong.o
                                0x1b3 (size before relaxing)
 .rodata.str1.1
                0x000802ac       0x11 /cygdrive/c/TWESDK/TWESDK/Wks_ToCoNet/Samp_PingPong2/../../Wks_libToCoNet/libToCoNet/lib/libToCoNet_JN5164.a(ToCoNet_mod_Tx.o)
 *fill*         0x000802bd        0x3 00
 .rodata.asStateFuncTbl
                0x000802c0       0x38 /cygdrive/c/TWESDK/TWESDK/Wks_ToCoNet/Samp_PingPong2/../../Wks_libToCoNet/libToCoNet/lib/libToCoNet_JN5164.a(ToCoNet_mod_Tx.o)
 .rodata.au8ToCoNetVersionInfo
                0x000802f8        0xc /cygdrive/c/TWESDK/TWESDK/Wks_ToCoNet/Samp_PingPong2/../../Wks_libToCoNet/libToCoNet/lib/libToCoNet_JN5164.a(Version.o)
                0x000802f8                _au8ToCoNetVersionInfo
 .rodata.str1.1
                0x00080304       0x11 /cygdrive/c/TWESDK/TWESDK/Wks_ToCoNet/Samp_PingPong2/../../Wks_libToCoNet/libToCoNet/lib/libToCoNetExt_JN5164.a(AppStart.o)
 .rodata        0x00080315       0x11 /cygdrive/c/TWESDK/TWESDK/Wks_ToCoNet/Samp_PingPong2/../../Wks_libToCoNet/libToCoNet/lib/libToCoNetExt_JN5164.a(AppStart.o)
 .rodata.au8k.5340
                0x00080326       0x20 /cygdrive/c/TWESDK/TWESDK/Wks_ToCoNet/Samp_PingPong2/../../Wks_libToCoNet/libToCoNet/lib/libToCoNetExt_JN5164.a(AppStart.o)
 .rodata.au8k.5378
                0x00080346       0x20 /cygdrive/c/TWESDK/TWESDK/Wks_ToCoNet/Samp_PingPong2/../../Wks_libToCoNet/libToCoNet/lib/libToCoNetExt_JN5164.a(AppStart.o)
 .rodata.str1.1
                0x00080366       0x11 /cygdrive/c/TWESDK/TWESDK/Wks_ToCoNet/Samp_PingPong2/../../Wks_libToCoNet/libToCoNet/lib/libToCoNetExt_JN5164.a(mac.o)
 *fill*         0x00080377        0x1 00
 .rodata.u32MacHigh_TOCOS
                0x00080378        0x4 /cygdrive/c/TWESDK/TWESDK/Wks_ToCoNet/Samp_PingPong2/../../Wks_libToCoNet/libToCoNet/lib/libToCoNetExt_JN5164.a(mac.o)
                0x00080378                _u32MacHigh_TOCOS
 .rodata.u32MacLow_TOCOS
                0x0008037c        0x4 /cygdrive/c/TWESDK/TWESDK/Wks_ToCoNet/Samp_PingPong2/../../Wks_libToCoNet/libToCoNet/lib/libToCoNetExt_JN5164.a(mac.o)
                0x0008037c                _u32MacLow_TOCOS
 .rodata.u8CRCTable
                0x00080380      0x100 /cygdrive/c/TWESDK/TWESDK/Wks_ToCoNet/Samp_PingPong2/../../Wks_libToCoNet/libToCoNet/lib/libToCoNetUtils_JN5164.a(ccitt8.o)
 .rodata.str1.1
                0x00080480        0x7 /cygdrive/c/TWESDK/TWESDK/Wks_ToCoNet/Samp_PingPong2/../../Wks_libToCoNet/libToCoNet/lib/libToCoNetUtils_JN5164.a(fprintf.o)
 *fill*         0x00080487        0x1 00
 .rodata.s_sPibInit
                0x00080488       0x18 /cygdrive/c/TWESDK/TWESDK/516x/Components/Library/libMac_JN516x.a(mac_pib_mlme.o)
 .rodata.aeXcvPhyEvtToScanEvt.4240
                0x000804a0       0x18 /cygdrive/c/TWESDK/TWESDK/516x/Components/Library/libMac_JN516x.a(mac_scan.o)
 .rodata.aeXcvBbcEvtToScanEvt.4230
                0x000804b8        0xa /cygdrive/c/TWESDK/TWESDK/516x/Components/Library/libMac_JN516x.a(mac_scan.o)
 .rodata.s_atScanEvtST
                0x000804c2       0x31 /cygdrive/c/TWESDK/TWESDK/516x/Components/Library/libMac_JN516x.a(mac_scan.o)
 *fill*         0x000804f3        0x1 00
 .rodata.s_aprScanHandleEvt
                0x000804f4       0x30 /cygdrive/c/TWESDK/TWESDK/516x/Components/Library/libMac_JN516x.a(mac_scan.o)
 .rodata.psTAMcontext
                0x00080524        0x4 /cygdrive/c/TWESDK/TWESDK/516x/Components/Library/libMac_JN516x.a(TAM.o)
                0x00080524                _psTAMcontext
 .rodata.psTamMacContext
                0x00080528        0x4 /cygdrive/c/TWESDK/TWESDK/516x/Components/Library/libMac_JN516x.a(TAM.o)
                0x00080528                _psTamMacContext
 .rodata.psTamXcvContext
                0x0008052c        0x4 /cygdrive/c/TWESDK/TWESDK/516x/Components/Library/libMac_JN516x.a(TAM.o)
                0x0008052c                _psTamXcvContext
 .rodata.au8XcvToTAMevent.4757
                0x00080530        0xa /cygdrive/c/TWESDK/TWESDK/516x/Components/Library/libMac_JN516x.a(TAM.o)
 .rodata.au8HeaderSize.4215
                0x0008053a        0xe /cygdrive/c/TWESDK/TWESDK/516x/Components/Library/libMac_JN516x.a(TAMcommon.o)
 .rodata.apvActionCalls
                0x00080548       0x88 /cygdrive/c/TWESDK/TWESDK/516x/Components/Library/libMac_JN516x.a(TAMevent.o)
                0x00080548                _apvActionCalls
 .rodata.au8StateActions
                0x000805d0       0x8c /cygdrive/c/TWESDK/TWESDK/516x/Components/Library/libMac_JN516x.a(TAMevent.o)
                0x000805d0                _au8StateActions
 .rodata.au8SizeInc.4433
                0x0008065c        0x9 /cygdrive/c/TWESDK/TWESDK/516x/Components/Library/libMac_JN516x.a(TAMsecurity.o)
 .rodata.au8MICLenLUT.3714
                0x00080665        0x4 /cygdrive/c/TWESDK/TWESDK/516x/Components/Library/libMac_JN516x.a(TAMsecurity.o)
 .rodata.au8FlashWaitStates32MXO
                0x00080669        0x8 /cygdrive/c/TWESDK/TWESDK/516x/Components/Library/libHardwareApi_JN516x.a(AHI_System.o)
 .rodata.au8FlashWaitStatesHSRCO
                0x00080671        0x8 /cygdrive/c/TWESDK/TWESDK/516x/Components/Library/libHardwareApi_JN516x.a(AHI_System.o)
 *fill*         0x00080679        0x3 00
 .rodata.au32TimerBaseAddress
                0x0008067c       0x14 /cygdrive/c/TWESDK/TWESDK/516x/Components/Library/libHardwareApi_JN516x.a(AHI_Timer.o)
 .rodata.au32UartAddrOffset
                0x00080690        0x8 /cygdrive/c/TWESDK/TWESDK/516x/Components/Library/libHardwareApi_JN516x.a(AHI_Uart.o)
                0x00080690                _au32UartAddrOffset
 .rodata.au8dataSizeTable
                0x00080698        0xd /cygdrive/c/TWESDK/TWESDK/516x/Components/Library/libAes_JN516x.a(AEScoprocessorAPI.o)
                0x00080698                _au8dataSizeTable

.text           0x000806a8     0xba7a
 *(.text*)
 .text.cbToCoNet_vNwkEvent
                0x000806a8        0x3 objs_JN5164/PingPong.o
                0x000806a8                _cbToCoNet_vNwkEvent
 .text.cbToCoNet_vTxEvent
                0x000806ab        0x3 objs_JN5164/PingPong.o
                0x000806ab                _cbToCoNet_vTxEvent
 .text.cbToCoNet_u8HwInt
                0x000806ae        0x5 objs_JN5164/PingPong.o
                0x000806ae                _cbToCoNet_u8HwInt
 .text.vSerialInit
                0x000806b3       0x74 objs_JN5164/PingPong.o
                0x000806b3                _vSerialInit
 .text.cbToCoNet_vHwEvent
                0x00080727       0x5e objs_JN5164/PingPong.o
                0x00080727                _cbToCoNet_vHwEvent
 .text.cbToCoNet_vRxEvent
                0x00080785      0x20b objs_JN5164/PingPong.o
                0x00080785                _cbToCoNet_vRxEvent
 .text.vProcessEvCore
                0x00080990       0x95 objs_JN5164/PingPong.o
 .text.cbToCoNet_vMain
                0x00080a25      0x2cd objs_JN5164/PingPong.o
                0x00080a25                _cbToCoNet_vMain
 .text.vInitHardware
                0x00080cf2       0x66 objs_JN5164/PingPong.o
 .text.cbAppWarmStart
                0x00080d58       0x4a objs_JN5164/PingPong.o
                0x00080d58                _cbAppWarmStart
 .text.cbAppColdStart
                0x00080da2       0x7c objs_JN5164/PingPong.o
                0x00080da2                _cbAppColdStart
 .text.PRSEV_u8Register
                0x00080e1e       0x32 /cygdrive/c/TWESDK/TWESDK/Wks_ToCoNet/Samp_PingPong2/../../Wks_libToCoNet/libToCoNet/lib/libToCoNet_JN5164.a(ToCoNet_event.o)
                0x00080e1e                _PRSEV_u8Register
 .text.PRSEV_vSetStateAll
                0x00080e50       0x3b /cygdrive/c/TWESDK/TWESDK/Wks_ToCoNet/Samp_PingPong2/../../Wks_libToCoNet/libToCoNet/lib/libToCoNet_JN5164.a(ToCoNet_event.o)
                0x00080e50                _PRSEV_vSetStateAll
 .text.PRSEV_vSetState
                0x00080e8b       0x10 /cygdrive/c/TWESDK/TWESDK/Wks_ToCoNet/Samp_PingPong2/../../Wks_libToCoNet/libToCoNet/lib/libToCoNet_JN5164.a(ToCoNet_event.o)
                0x00080e8b                _PRSEV_vSetState
 .text.PRSEV_vProcessEv_core
                0x00080e9b       0x8f /cygdrive/c/TWESDK/TWESDK/Wks_ToCoNet/Samp_PingPong2/../../Wks_libToCoNet/libToCoNet/lib/libToCoNet_JN5164.a(ToCoNet_event.o)
 .text.PRSEV_vProcessEvPost
                0x00080f2a       0x35 /cygdrive/c/TWESDK/TWESDK/Wks_ToCoNet/Samp_PingPong2/../../Wks_libToCoNet/libToCoNet/lib/libToCoNet_JN5164.a(ToCoNet_event.o)
                0x00080f2a                _PRSEV_vProcessEvPost
 .text._PRSEV_vProcessEv
                0x00080f5f       0x16 /cygdrive/c/TWESDK/TWESDK/Wks_ToCoNet/Samp_PingPong2/../../Wks_libToCoNet/libToCoNet/lib/libToCoNet_JN5164.a(ToCoNet_event.o)
                0x00080f5f                __PRSEV_vProcessEv
 .text._PRSEV_vProcessEvSingle
                0x00080f75       0x14 /cygdrive/c/TWESDK/TWESDK/Wks_ToCoNet/Samp_PingPong2/../../Wks_libToCoNet/libToCoNet/lib/libToCoNet_JN5164.a(ToCoNet_event.o)
                0x00080f75                __PRSEV_vProcessEvSingle
 .text._PRSEV_vProcessEvSingleH
                0x00080f89       0x16 /cygdrive/c/TWESDK/TWESDK/Wks_ToCoNet/Samp_PingPong2/../../Wks_libToCoNet/libToCoNet/lib/libToCoNet_JN5164.a(ToCoNet_event.o)
                0x00080f89                __PRSEV_vProcessEvSingleH
 .text.ToCoNet_Event_StateExec
                0x00080f9f       0x31 /cygdrive/c/TWESDK/TWESDK/Wks_ToCoNet/Samp_PingPong2/../../Wks_libToCoNet/libToCoNet/lib/libToCoNet_JN5164.a(ToCoNet_event.o)
                0x00080f9f                _ToCoNet_Event_StateExec
 .text.PRSEV_vInit
                0x00080fd0       0x4d /cygdrive/c/TWESDK/TWESDK/Wks_ToCoNet/Samp_PingPong2/../../Wks_libToCoNet/libToCoNet/lib/libToCoNet_JN5164.a(ToCoNet_event.o)
                0x00080fd0                _PRSEV_vInit
 .text.ToCoNet_vDebugInit
                0x0008101d        0x9 /cygdrive/c/TWESDK/TWESDK/Wks_ToCoNet/Samp_PingPong2/../../Wks_libToCoNet/libToCoNet/lib/libToCoNet_JN5164.a(ToCoNet_main.o)
                0x0008101d                _ToCoNet_vDebugInit
 .text.ToCoNet_vDebugLevel
                0x00081026        0x9 /cygdrive/c/TWESDK/TWESDK/Wks_ToCoNet/Samp_PingPong2/../../Wks_libToCoNet/libToCoNet/lib/libToCoNet_JN5164.a(ToCoNet_main.o)
                0x00081026                _ToCoNet_vDebugLevel
 .text._ToCoNet_bRaisePanic
                0x0008102f       0x3b /cygdrive/c/TWESDK/TWESDK/Wks_ToCoNet/Samp_PingPong2/../../Wks_libToCoNet/libToCoNet/lib/libToCoNet_JN5164.a(ToCoNet_main.o)
                0x0008102f                __ToCoNet_bRaisePanic
 .text.ToCoNet_bMacTxReq
                0x0008106a       0xfe /cygdrive/c/TWESDK/TWESDK/Wks_ToCoNet/Samp_PingPong2/../../Wks_libToCoNet/libToCoNet/lib/libToCoNet_JN5164.a(ToCoNet_main.o)
                0x0008106a                _ToCoNet_bMacTxReq
 .text.ToCoNet_vRfConfig
                0x00081168        0x6 /cygdrive/c/TWESDK/TWESDK/Wks_ToCoNet/Samp_PingPong2/../../Wks_libToCoNet/libToCoNet/lib/libToCoNet_JN5164.a(ToCoNet_main.o)
                0x00081168                _ToCoNet_vRfConfig
 .text.ToCoNet_vMacStart
                0x0008116e       0x11 /cygdrive/c/TWESDK/TWESDK/Wks_ToCoNet/Samp_PingPong2/../../Wks_libToCoNet/libToCoNet/lib/libToCoNet_JN5164.a(ToCoNet_main.o)
                0x0008116e                _ToCoNet_vMacStart
 .text.ToCoNet_vMain
                0x0008117f      0x26c /cygdrive/c/TWESDK/TWESDK/Wks_ToCoNet/Samp_PingPong2/../../Wks_libToCoNet/libToCoNet/lib/libToCoNet_JN5164.a(ToCoNet_main.o)
                0x0008117f                _ToCoNet_vMain
 .text.vProcessEvCoreMac
                0x000813eb       0x7a /cygdrive/c/TWESDK/TWESDK/Wks_ToCoNet/Samp_PingPong2/../../Wks_libToCoNet/libToCoNet/lib/libToCoNet_JN5164.a(ToCoNet_main.o)
                0x000813eb                _vProcessEvCoreMac
 .text.ToCoNet_vStart
                0x00081465      0x3e2 /cygdrive/c/TWESDK/TWESDK/Wks_ToCoNet/Samp_PingPong2/../../Wks_libToCoNet/libToCoNet/lib/libToCoNet_JN5164.a(ToCoNet_main.o)
                0x00081465                _ToCoNet_vStart
 .text.ToCoNet_vInit
                0x00081847      0x135 /cygdrive/c/TWESDK/TWESDK/Wks_ToCoNet/Samp_PingPong2/../../Wks_libToCoNet/libToCoNet/lib/libToCoNet_JN5164.a(ToCoNet_main.o)
                0x00081847                _ToCoNet_vInit
 .text.u8HwEventHandler
                0x0008197c       0x27 /cygdrive/c/TWESDK/TWESDK/Wks_ToCoNet/Samp_PingPong2/../../Wks_libToCoNet/libToCoNet/lib/libToCoNet_JN5164.a(ToCoNet_main.o)
 .text.ToCoNet_u32GetVersion
                0x000819a3       0x21 /cygdrive/c/TWESDK/TWESDK/Wks_ToCoNet/Samp_PingPong2/../../Wks_libToCoNet/libToCoNet/lib/libToCoNet_JN5164.a(ToCoNet_utils.o)
                0x000819a3                _ToCoNet_u32GetVersion
 .text.ToCoNet_u16GetPanId
                0x000819c4        0x9 /cygdrive/c/TWESDK/TWESDK/Wks_ToCoNet/Samp_PingPong2/../../Wks_libToCoNet/libToCoNet/lib/libToCoNet_JN5164.a(ToCoNet_utils.o)
                0x000819c4                _ToCoNet_u16GetPanId
 .text.ToCoNet_u32GetSerial
                0x000819cd        0x9 /cygdrive/c/TWESDK/TWESDK/Wks_ToCoNet/Samp_PingPong2/../../Wks_libToCoNet/libToCoNet/lib/libToCoNet_JN5164.a(ToCoNet_utils.o)
                0x000819cd                _ToCoNet_u32GetSerial
 .text.ToCoNet_u32GetRand
                0x000819d6       0x65 /cygdrive/c/TWESDK/TWESDK/Wks_ToCoNet/Samp_PingPong2/../../Wks_libToCoNet/libToCoNet/lib/libToCoNet_JN5164.a(ToCoNet_utils.o)
                0x000819d6                _ToCoNet_u32GetRand
 .text.ToCoNet_vSleep
                0x00081a3b      0x12b /cygdrive/c/TWESDK/TWESDK/Wks_ToCoNet/Samp_PingPong2/../../Wks_libToCoNet/libToCoNet/lib/libToCoNet_JN5164.a(ToCoNet_utils.o)
                0x00081a3b                _ToCoNet_vSleep
 .text.ToCoNet_vReg_mod_Tx_Standard
                0x00081b66       0x1d /cygdrive/c/TWESDK/TWESDK/Wks_ToCoNet/Samp_PingPong2/../../Wks_libToCoNet/libToCoNet/lib/libToCoNet_JN5164.a(ToCoNet_mod_Tx.o)
                0x00081b66                _ToCoNet_vReg_mod_Tx_Standard
 .text.vProcessEvCoreTx
                0x00081b83       0x67 /cygdrive/c/TWESDK/TWESDK/Wks_ToCoNet/Samp_PingPong2/../../Wks_libToCoNet/libToCoNet/lib/libToCoNet_JN5164.a(ToCoNet_mod_Tx.o)
 .text.vHnd_E_STATE_FINISH_TX_SUCCESS
                0x00081bea       0x9b /cygdrive/c/TWESDK/TWESDK/Wks_ToCoNet/Samp_PingPong2/../../Wks_libToCoNet/libToCoNet/lib/libToCoNet_JN5164.a(ToCoNet_mod_Tx.o)
 .text.vHnd_E_STATE_WAIT_TX
                0x00081c85       0x71 /cygdrive/c/TWESDK/TWESDK/Wks_ToCoNet/Samp_PingPong2/../../Wks_libToCoNet/libToCoNet/lib/libToCoNet_JN5164.a(ToCoNet_mod_Tx.o)
 .text.vHnd_E_STATE_PREPARE_TX
                0x00081cf6      0x160 /cygdrive/c/TWESDK/TWESDK/Wks_ToCoNet/Samp_PingPong2/../../Wks_libToCoNet/libToCoNet/lib/libToCoNet_JN5164.a(ToCoNet_mod_Tx.o)
 .text.vHnd_E_STATE_IDLE
                0x00081e56       0x49 /cygdrive/c/TWESDK/TWESDK/Wks_ToCoNet/Samp_PingPong2/../../Wks_libToCoNet/libToCoNet/lib/libToCoNet_JN5164.a(ToCoNet_mod_Tx.o)
 .text.vHnd_E_STATE_RUNNING
                0x00081e9f      0x202 /cygdrive/c/TWESDK/TWESDK/Wks_ToCoNet/Samp_PingPong2/../../Wks_libToCoNet/libToCoNet/lib/libToCoNet_JN5164.a(ToCoNet_mod_Tx.o)
 .text.vHnd_E_STATE_FINISH_TX_FAIL
                0x000820a1       0xc2 /cygdrive/c/TWESDK/TWESDK/Wks_ToCoNet/Samp_PingPong2/../../Wks_libToCoNet/libToCoNet/lib/libToCoNet_JN5164.a(ToCoNet_mod_Tx.o)
 .text.ToCoNet_vReg_mod_TxRxQueueMid
                0x00082163       0x84 /cygdrive/c/TWESDK/TWESDK/Wks_ToCoNet/Samp_PingPong2/../../Wks_libToCoNet/libToCoNet/lib/libToCoNet_JN5164.a(ToCoNet_mod_TxRxQueue.o)
                0x00082163                _ToCoNet_vReg_mod_TxRxQueueMid
 .text.ToCoNet_vRxProc_App
                0x000821e7       0x81 /cygdrive/c/TWESDK/TWESDK/Wks_ToCoNet/Samp_PingPong2/../../Wks_libToCoNet/libToCoNet/lib/libToCoNet_JN5164.a(ToCoNet_mod_Nwk_Common.o)
                0x000821e7                _ToCoNet_vRxProc_App
 .text.ToCoNet_vRxProc_Mod
                0x00082268       0x49 /cygdrive/c/TWESDK/TWESDK/Wks_ToCoNet/Samp_PingPong2/../../Wks_libToCoNet/libToCoNet/lib/libToCoNet_JN5164.a(ToCoNet_mod_Nwk_Common.o)
                0x00082268                _ToCoNet_vRxProc_Mod
 .text.ToCoNet_ChMgr_bCh_Reconfig
                0x000822b1       0x68 /cygdrive/c/TWESDK/TWESDK/Wks_ToCoNet/Samp_PingPong2/../../Wks_libToCoNet/libToCoNet/lib/libToCoNet_JN5164.a(ToCoNet_mod_Channel_Mgr.o)
                0x000822b1                _ToCoNet_ChMgr_bCh_Reconfig
 .text.ToCoNet_ChMgr_vCh_TxFin
                0x00082319       0x30 /cygdrive/c/TWESDK/TWESDK/Wks_ToCoNet/Samp_PingPong2/../../Wks_libToCoNet/libToCoNet/lib/libToCoNet_JN5164.a(ToCoNet_mod_Channel_Mgr.o)
                0x00082319                _ToCoNet_ChMgr_vCh_TxFin
 .text.ToCoNet_ChMgr_bCh_OnTx
                0x00082349       0x6d /cygdrive/c/TWESDK/TWESDK/Wks_ToCoNet/Samp_PingPong2/../../Wks_libToCoNet/libToCoNet/lib/libToCoNet_JN5164.a(ToCoNet_mod_Channel_Mgr.o)
                0x00082349                _ToCoNet_ChMgr_bCh_OnTx
 .text.vFifoInit
                0x000823b6       0x14 /cygdrive/c/TWESDK/TWESDK/Wks_ToCoNet/Samp_PingPong2/../../Wks_libToCoNet/libToCoNet/lib/libToCoNet_JN5164.a(AppQueueApi_ToCoNet.o)
 .text.pvFifoPull
                0x000823ca       0x23 /cygdrive/c/TWESDK/TWESDK/Wks_ToCoNet/Samp_PingPong2/../../Wks_libToCoNet/libToCoNet/lib/libToCoNet_JN5164.a(AppQueueApi_ToCoNet.o)
 .text.psAppQApiGetMcpsBuffer
                0x000823ed        0xc /cygdrive/c/TWESDK/TWESDK/Wks_ToCoNet/Samp_PingPong2/../../Wks_libToCoNet/libToCoNet/lib/libToCoNet_JN5164.a(AppQueueApi_ToCoNet.o)
 .text.psAppQApiGetMlmeBuffer
                0x000823f9        0xc /cygdrive/c/TWESDK/TWESDK/Wks_ToCoNet/Samp_PingPong2/../../Wks_libToCoNet/libToCoNet/lib/libToCoNet_JN5164.a(AppQueueApi_ToCoNet.o)
 .text.psAppQApiReadHwIndT
                0x00082405        0xc /cygdrive/c/TWESDK/TWESDK/Wks_ToCoNet/Samp_PingPong2/../../Wks_libToCoNet/libToCoNet/lib/libToCoNet_JN5164.a(AppQueueApi_ToCoNet.o)
                0x00082405                _psAppQApiReadHwIndT
 .text.psAppQApiReadMcpsIndT
                0x00082411        0xc /cygdrive/c/TWESDK/TWESDK/Wks_ToCoNet/Samp_PingPong2/../../Wks_libToCoNet/libToCoNet/lib/libToCoNet_JN5164.a(AppQueueApi_ToCoNet.o)
                0x00082411                _psAppQApiReadMcpsIndT
 .text.psAppQApiReadMlmeIndT
                0x0008241d        0xc /cygdrive/c/TWESDK/TWESDK/Wks_ToCoNet/Samp_PingPong2/../../Wks_libToCoNet/libToCoNet/lib/libToCoNet_JN5164.a(AppQueueApi_ToCoNet.o)
                0x0008241d                _psAppQApiReadMlmeIndT
 .text.bFifoPush
                0x00082429       0x28 /cygdrive/c/TWESDK/TWESDK/Wks_ToCoNet/Samp_PingPong2/../../Wks_libToCoNet/libToCoNet/lib/libToCoNet_JN5164.a(AppQueueApi_ToCoNet.o)
 .text.vAppQApiPostMcps
                0x00082451       0x1e /cygdrive/c/TWESDK/TWESDK/Wks_ToCoNet/Samp_PingPong2/../../Wks_libToCoNet/libToCoNet/lib/libToCoNet_JN5164.a(AppQueueApi_ToCoNet.o)
 .text.vAppQApiPostMlme
                0x0008246f       0x22 /cygdrive/c/TWESDK/TWESDK/Wks_ToCoNet/Samp_PingPong2/../../Wks_libToCoNet/libToCoNet/lib/libToCoNet_JN5164.a(AppQueueApi_ToCoNet.o)
 .text.vAppQApiReturnHwIndBufferT
                0x00082491        0xe /cygdrive/c/TWESDK/TWESDK/Wks_ToCoNet/Samp_PingPong2/../../Wks_libToCoNet/libToCoNet/lib/libToCoNet_JN5164.a(AppQueueApi_ToCoNet.o)
                0x00082491                _vAppQApiReturnHwIndBufferT
 .text.vAppQApiReturnMcpsIndBufferT
                0x0008249f        0xe /cygdrive/c/TWESDK/TWESDK/Wks_ToCoNet/Samp_PingPong2/../../Wks_libToCoNet/libToCoNet/lib/libToCoNet_JN5164.a(AppQueueApi_ToCoNet.o)
                0x0008249f                _vAppQApiReturnMcpsIndBufferT
 .text.vAppQApiReturnMlmeIndBufferT
                0x000824ad        0xe /cygdrive/c/TWESDK/TWESDK/Wks_ToCoNet/Samp_PingPong2/../../Wks_libToCoNet/libToCoNet/lib/libToCoNet_JN5164.a(AppQueueApi_ToCoNet.o)
                0x000824ad                _vAppQApiReturnMlmeIndBufferT
 .text.u32AppQApiInitT
                0x000824bb      0x18f /cygdrive/c/TWESDK/TWESDK/Wks_ToCoNet/Samp_PingPong2/../../Wks_libToCoNet/libToCoNet/lib/libToCoNet_JN5164.a(AppQueueApi_ToCoNet.o)
                0x000824bb                _u32AppQApiInitT
 .text.vAppQApiPostHwIntT
                0x0008264a       0x6e /cygdrive/c/TWESDK/TWESDK/Wks_ToCoNet/Samp_PingPong2/../../Wks_libToCoNet/libToCoNet/lib/libToCoNet_JN5164.a(AppQueueApi_ToCoNet.o)
 .text.u32AppQApiInitNetwork
                0x000826b8       0x22 /cygdrive/c/TWESDK/TWESDK/Wks_ToCoNet/Samp_PingPong2/../../Wks_libToCoNet/libToCoNet/lib/libToCoNet_JN5164.a(AppQueueApi_ToCoNet.o)
                0x000826b8                _u32AppQApiInitNetwork
 .text._ToCoNet_bRfChChannel
                0x000826da       0xaa /cygdrive/c/TWESDK/TWESDK/Wks_ToCoNet/Samp_PingPong2/../../Wks_libToCoNet/libToCoNet/lib/libToCoNetExt_JN5164.a(AppStart.o)
                0x000826da                __ToCoNet_bRfChChannel
 .text.AppWarmStart
                0x00082784       0x9d /cygdrive/c/TWESDK/TWESDK/Wks_ToCoNet/Samp_PingPong2/../../Wks_libToCoNet/libToCoNet/lib/libToCoNetExt_JN5164.a(AppStart.o)
                0x00082784                _AppWarmStart
 .text._ToCoNet_vMacInit
                0x00082821       0x2c /cygdrive/c/TWESDK/TWESDK/Wks_ToCoNet/Samp_PingPong2/../../Wks_libToCoNet/libToCoNet/lib/libToCoNetExt_JN5164.a(AppStart.o)
                0x00082821                __ToCoNet_vMacInit
 .text._ToCoNet_vRfConfig
                0x0008284d       0xe3 /cygdrive/c/TWESDK/TWESDK/Wks_ToCoNet/Samp_PingPong2/../../Wks_libToCoNet/libToCoNet/lib/libToCoNetExt_JN5164.a(AppStart.o)
                0x0008284d                __ToCoNet_vRfConfig
 .text.AppColdStart
                0x00082930      0x4d7 /cygdrive/c/TWESDK/TWESDK/Wks_ToCoNet/Samp_PingPong2/../../Wks_libToCoNet/libToCoNet/lib/libToCoNetExt_JN5164.a(AppStart.o)
                0x00082930                _AppColdStart
 .text.ToCoNet_u32GetSerialOnBoot
                0x00082e07       0x37 /cygdrive/c/TWESDK/TWESDK/Wks_ToCoNet/Samp_PingPong2/../../Wks_libToCoNet/libToCoNet/lib/libToCoNetExt_JN5164.a(getMacAddr.o)
                0x00082e07                _ToCoNet_u32GetSerialOnBoot
 .text.Mac_bRxQueueReg
                0x00082e3e       0x34 /cygdrive/c/TWESDK/TWESDK/Wks_ToCoNet/Samp_PingPong2/../../Wks_libToCoNet/libToCoNet/lib/libToCoNetExt_JN5164.a(mac.o)
                0x00082e3e                _Mac_bRxQueueReg
 .text.Mac_vSetHighDataRate
                0x00082e72        0x3 /cygdrive/c/TWESDK/TWESDK/Wks_ToCoNet/Samp_PingPong2/../../Wks_libToCoNet/libToCoNet/lib/libToCoNetExt_JN5164.a(mac.o)
                0x00082e72                _Mac_vSetHighDataRate
 .text.Mac_vSetCCA
                0x00082e75       0x32 /cygdrive/c/TWESDK/TWESDK/Wks_ToCoNet/Samp_PingPong2/../../Wks_libToCoNet/libToCoNet/lib/libToCoNetExt_JN5164.a(mac.o)
                0x00082e75                _Mac_vSetCCA
 .text.Mac_vSetRetry
                0x00082ea7       0x1e /cygdrive/c/TWESDK/TWESDK/Wks_ToCoNet/Samp_PingPong2/../../Wks_libToCoNet/libToCoNet/lib/libToCoNetExt_JN5164.a(mac.o)
                0x00082ea7                _Mac_vSetRetry
 .text.Mac_vReset
                0x00082ec5       0x20 /cygdrive/c/TWESDK/TWESDK/Wks_ToCoNet/Samp_PingPong2/../../Wks_libToCoNet/libToCoNet/lib/libToCoNetExt_JN5164.a(mac.o)
                0x00082ec5                _Mac_vReset
 .text.bDecodeAES
                0x00082ee5       0xc6 /cygdrive/c/TWESDK/TWESDK/Wks_ToCoNet/Samp_PingPong2/../../Wks_libToCoNet/libToCoNet/lib/libToCoNetExt_JN5164.a(mac.o)
                0x00082ee5                _bDecodeAES
 .text.bEncodeAES
                0x00082fab       0xbb /cygdrive/c/TWESDK/TWESDK/Wks_ToCoNet/Samp_PingPong2/../../Wks_libToCoNet/libToCoNet/lib/libToCoNetExt_JN5164.a(mac.o)
                0x00082fab                _bEncodeAES
 .text.Mac_vHandleMcpsDataInd
                0x00083066      0x2a0 /cygdrive/c/TWESDK/TWESDK/Wks_ToCoNet/Samp_PingPong2/../../Wks_libToCoNet/libToCoNet/lib/libToCoNetExt_JN5164.a(mac.o)
                0x00083066                _Mac_vHandleMcpsDataInd
 .text.Mac_vInit
                0x00083306       0x41 /cygdrive/c/TWESDK/TWESDK/Wks_ToCoNet/Samp_PingPong2/../../Wks_libToCoNet/libToCoNet/lib/libToCoNetExt_JN5164.a(mac.o)
                0x00083306                _Mac_vInit
 .text.Mac_bTransmit
                0x00083347      0x1ee /cygdrive/c/TWESDK/TWESDK/Wks_ToCoNet/Samp_PingPong2/../../Wks_libToCoNet/libToCoNet/lib/libToCoNetExt_JN5164.a(mac.o)
                0x00083347                _Mac_bTransmit
 .text.bAES_CCM_Encode
                0x00083535       0x1e /cygdrive/c/TWESDK/TWESDK/Wks_ToCoNet/Samp_PingPong2/../../Wks_libToCoNet/libToCoNet/lib/libToCoNetExt_JN5164.a(AES_CCM.o)
                0x00083535                _bAES_CCM_Encode
 .text.bAES_CCM_Decode
                0x00083553       0x1e /cygdrive/c/TWESDK/TWESDK/Wks_ToCoNet/Samp_PingPong2/../../Wks_libToCoNet/libToCoNet/lib/libToCoNetExt_JN5164.a(AES_CCM.o)
                0x00083553                _bAES_CCM_Decode
 .text.bAES_CCM_KeyReg
                0x00083571       0x4a /cygdrive/c/TWESDK/TWESDK/Wks_ToCoNet/Samp_PingPong2/../../Wks_libToCoNet/libToCoNet/lib/libToCoNetExt_JN5164.a(AES_CCM.o)
                0x00083571                _bAES_CCM_KeyReg
 .text.bAES_CCM_DecodeKey
                0x000835bb       0x6b /cygdrive/c/TWESDK/TWESDK/Wks_ToCoNet/Samp_PingPong2/../../Wks_libToCoNet/libToCoNet/lib/libToCoNetExt_JN5164.a(AES_CCM.o)
                0x000835bb                _bAES_CCM_DecodeKey
 .text.bAES_CCM_EncodeKey
                0x00083626       0x5c /cygdrive/c/TWESDK/TWESDK/Wks_ToCoNet/Samp_PingPong2/../../Wks_libToCoNet/libToCoNet/lib/libToCoNetExt_JN5164.a(AES_CCM.o)
                0x00083626                _bAES_CCM_EncodeKey
 .text.vInstallNoAckHandler
                0x00083682       0x2a /cygdrive/c/TWESDK/TWESDK/Wks_ToCoNet/Samp_PingPong2/../../Wks_libToCoNet/libToCoNet/lib/libToCoNetExt_JN5164.a(no_ack_handler.o)
                0x00083682                _vInstallNoAckHandler
 .text.vHandlerPatch
                0x000836ac       0x38 /cygdrive/c/TWESDK/TWESDK/Wks_ToCoNet/Samp_PingPong2/../../Wks_libToCoNet/libToCoNet/lib/libToCoNetExt_JN5164.a(no_ack_handler.o)
 .text.bAHI_ReadIndexSectorPage
                0x000836e4       0x4a /cygdrive/c/TWESDK/TWESDK/Wks_ToCoNet/Samp_PingPong2/../../Wks_libToCoNet/libToCoNet/lib/libToCoNetExt_JN5164.a(AHI_FlashIndexSector.o)
                0x000836e4                _bAHI_ReadIndexSectorPage
 .text.bAHI_ReadUserData
                0x0008372e       0x2a /cygdrive/c/TWESDK/TWESDK/Wks_ToCoNet/Samp_PingPong2/../../Wks_libToCoNet/libToCoNet/lib/libToCoNetExt_JN5164.a(AHI_FlashIndexSector.o)
                0x0008372e                _bAHI_ReadUserData
 .text.bAHI_ReadIndexSectorBit
                0x00083758       0x39 /cygdrive/c/TWESDK/TWESDK/Wks_ToCoNet/Samp_PingPong2/../../Wks_libToCoNet/libToCoNet/lib/libToCoNetExt_JN5164.a(AHI_FlashIndexSector.o)
                0x00083758                _bAHI_ReadIndexSectorBit
 .text.u32AHI_ReadIndexSectorBits
                0x00083791       0x37 /cygdrive/c/TWESDK/TWESDK/Wks_ToCoNet/Samp_PingPong2/../../Wks_libToCoNet/libToCoNet/lib/libToCoNetExt_JN5164.a(AHI_FlashIndexSector.o)
                0x00083791                _u32AHI_ReadIndexSectorBits
 .text.bAHI_ReadCustomerSettings
                0x000837c8       0x9b /cygdrive/c/TWESDK/TWESDK/Wks_ToCoNet/Samp_PingPong2/../../Wks_libToCoNet/libToCoNet/lib/libToCoNetExt_JN5164.a(AHI_FlashIndexSector.o)
                0x000837c8                _bAHI_ReadCustomerSettings
 .text.bAHI_ReadMACID
                0x00083863       0x46 /cygdrive/c/TWESDK/TWESDK/Wks_ToCoNet/Samp_PingPong2/../../Wks_libToCoNet/libToCoNet/lib/libToCoNetExt_JN5164.a(AHI_FlashIndexSector.o)
                0x00083863                _bAHI_ReadMACID
 .text.SERIAL_bTxQueueEmpty
                0x000838a9       0x18 /cygdrive/c/TWESDK/TWESDK/Wks_ToCoNet/Samp_PingPong2/../../Wks_libToCoNet/libToCoNet/lib/libToCoNetUtils_JN5164.a(serial.o)
                0x000838a9                _SERIAL_bTxQueueEmpty
 .text.SERIAL_bRxQueueEmpty
                0x000838c1       0x18 /cygdrive/c/TWESDK/TWESDK/Wks_ToCoNet/Samp_PingPong2/../../Wks_libToCoNet/libToCoNet/lib/libToCoNetUtils_JN5164.a(serial.o)
                0x000838c1                _SERIAL_bRxQueueEmpty
 .text.SERIAL_vTxReady
                0x000838d9       0x36 /cygdrive/c/TWESDK/TWESDK/Wks_ToCoNet/Samp_PingPong2/../../Wks_libToCoNet/libToCoNet/lib/libToCoNetUtils_JN5164.a(serial.o)
                0x000838d9                _SERIAL_vTxReady
 .text.SERIAL_vFlush
                0x0008390f       0x39 /cygdrive/c/TWESDK/TWESDK/Wks_ToCoNet/Samp_PingPong2/../../Wks_libToCoNet/libToCoNet/lib/libToCoNetUtils_JN5164.a(serial.o)
                0x0008390f                _SERIAL_vFlush
 .text.SERIAL_i16RxChar
                0x00083948       0x4c /cygdrive/c/TWESDK/TWESDK/Wks_ToCoNet/Samp_PingPong2/../../Wks_libToCoNet/libToCoNet/lib/libToCoNetUtils_JN5164.a(serial.o)
                0x00083948                _SERIAL_i16RxChar
 .text.SERIAL_bTxChar
                0x00083994       0x73 /cygdrive/c/TWESDK/TWESDK/Wks_ToCoNet/Samp_PingPong2/../../Wks_libToCoNet/libToCoNet/lib/libToCoNetUtils_JN5164.a(serial.o)
                0x00083994                _SERIAL_bTxChar
 .text.SERIAL_vInitEx
                0x00083a07       0x90 /cygdrive/c/TWESDK/TWESDK/Wks_ToCoNet/Samp_PingPong2/../../Wks_libToCoNet/libToCoNet/lib/libToCoNetUtils_JN5164.a(serial.o)
                0x00083a07                _SERIAL_vInitEx
 .text.SERIAL_vInit
                0x00083a97        0x8 /cygdrive/c/TWESDK/TWESDK/Wks_ToCoNet/Samp_PingPong2/../../Wks_libToCoNet/libToCoNet/lib/libToCoNetUtils_JN5164.a(serial.o)
                0x00083a97                _SERIAL_vInit
 .text.vRxChar  0x00083a9f       0x3e /cygdrive/c/TWESDK/TWESDK/Wks_ToCoNet/Samp_PingPong2/../../Wks_libToCoNet/libToCoNet/lib/libToCoNetUtils_JN5164.a(serial.o)
 .text.UART_vSetTxInterrupt
                0x00083add       0x1a /cygdrive/c/TWESDK/TWESDK/Wks_ToCoNet/Samp_PingPong2/../../Wks_libToCoNet/libToCoNet/lib/libToCoNetUtils_JN5164.a(uart.o)
                0x00083add                _UART_vSetTxInterrupt
 .text.UART_bTxReady
                0x00083af7        0xf /cygdrive/c/TWESDK/TWESDK/Wks_ToCoNet/Samp_PingPong2/../../Wks_libToCoNet/libToCoNet/lib/libToCoNetUtils_JN5164.a(uart.o)
                0x00083af7                _UART_bTxReady
 .text.UART_vTxChar
                0x00083b06        0x6 /cygdrive/c/TWESDK/TWESDK/Wks_ToCoNet/Samp_PingPong2/../../Wks_libToCoNet/libToCoNet/lib/libToCoNetUtils_JN5164.a(uart.o)
                0x00083b06                _UART_vTxChar
 .text.UART_vRtsStartFlow
                0x00083b0c       0x22 /cygdrive/c/TWESDK/TWESDK/Wks_ToCoNet/Samp_PingPong2/../../Wks_libToCoNet/libToCoNet/lib/libToCoNetUtils_JN5164.a(uart.o)
                0x00083b0c                _UART_vRtsStartFlow
 .text.UART_vRtsStopFlow
                0x00083b2e       0x22 /cygdrive/c/TWESDK/TWESDK/Wks_ToCoNet/Samp_PingPong2/../../Wks_libToCoNet/libToCoNet/lib/libToCoNetUtils_JN5164.a(uart.o)
                0x00083b2e                _UART_vRtsStopFlow
 .text.UART_vInit
                0x00083b50      0x1c3 /cygdrive/c/TWESDK/TWESDK/Wks_ToCoNet/Samp_PingPong2/../../Wks_libToCoNet/libToCoNet/lib/libToCoNetUtils_JN5164.a(uart.o)
                0x00083b50                _UART_vInit
 .text.UART_vHandleUartInterrupt
                0x00083d13       0x8e /cygdrive/c/TWESDK/TWESDK/Wks_ToCoNet/Samp_PingPong2/../../Wks_libToCoNet/libToCoNet/lib/libToCoNetUtils_JN5164.a(uart.o)
 .text.QUEUE__vInit
                0x00083da1       0x12 /cygdrive/c/TWESDK/TWESDK/Wks_ToCoNet/Samp_PingPong2/../../Wks_libToCoNet/libToCoNet/lib/libToCoNetUtils_JN5164.a(ByteQueue.o)
                0x00083da1                _QUEUE__vInit
 .text.QUEUE__bEmpty
                0x00083db3        0xe /cygdrive/c/TWESDK/TWESDK/Wks_ToCoNet/Samp_PingPong2/../../Wks_libToCoNet/libToCoNet/lib/libToCoNetUtils_JN5164.a(ByteQueue.o)
                0x00083db3                _QUEUE__bEmpty
 .text.QUEUE__bFull
                0x00083dc1       0x11 /cygdrive/c/TWESDK/TWESDK/Wks_ToCoNet/Samp_PingPong2/../../Wks_libToCoNet/libToCoNet/lib/libToCoNetUtils_JN5164.a(ByteQueue.o)
                0x00083dc1                _QUEUE__bFull
 .text.QUEUE__u16Count
                0x00083dd2        0x6 /cygdrive/c/TWESDK/TWESDK/Wks_ToCoNet/Samp_PingPong2/../../Wks_libToCoNet/libToCoNet/lib/libToCoNetUtils_JN5164.a(ByteQueue.o)
                0x00083dd2                _QUEUE__u16Count
 .text.QUEUE__vFlush
                0x00083dd8       0x26 /cygdrive/c/TWESDK/TWESDK/Wks_ToCoNet/Samp_PingPong2/../../Wks_libToCoNet/libToCoNet/lib/libToCoNetUtils_JN5164.a(ByteQueue.o)
                0x00083dd8                _QUEUE__vFlush
 .text.QUEUE__u8RemoveItem
                0x00083dfe       0x66 /cygdrive/c/TWESDK/TWESDK/Wks_ToCoNet/Samp_PingPong2/../../Wks_libToCoNet/libToCoNet/lib/libToCoNetUtils_JN5164.a(ByteQueue.o)
                0x00083dfe                _QUEUE__u8RemoveItem
 .text.QUEUE__vAddItem
                0x00083e64       0x66 /cygdrive/c/TWESDK/TWESDK/Wks_ToCoNet/Samp_PingPong2/../../Wks_libToCoNet/libToCoNet/lib/libToCoNetUtils_JN5164.a(ByteQueue.o)
                0x00083e64                _QUEUE__vAddItem
 .text.u8CCITT8
                0x00083eca       0x23 /cygdrive/c/TWESDK/TWESDK/Wks_ToCoNet/Samp_PingPong2/../../Wks_libToCoNet/libToCoNet/lib/libToCoNetUtils_JN5164.a(ccitt8.o)
                0x00083eca                _u8CCITT8
 .text.vPrintString
                0x00083eed       0x7d /cygdrive/c/TWESDK/TWESDK/Wks_ToCoNet/Samp_PingPong2/../../Wks_libToCoNet/libToCoNet/lib/libToCoNetUtils_JN5164.a(fprintf.o)
 .text.vPrintInteger
                0x00083f6a       0xac /cygdrive/c/TWESDK/TWESDK/Wks_ToCoNet/Samp_PingPong2/../../Wks_libToCoNet/libToCoNet/lib/libToCoNetUtils_JN5164.a(fprintf.o)
 .text.vfPrintf
                0x00084016      0x1d4 /cygdrive/c/TWESDK/TWESDK/Wks_ToCoNet/Samp_PingPong2/../../Wks_libToCoNet/libToCoNet/lib/libToCoNetUtils_JN5164.a(fprintf.o)
                0x00084016                _vfPrintf
 .text.SPRINTF_bPutChar
                0x000841ea       0x3b /cygdrive/c/TWESDK/TWESDK/Wks_ToCoNet/Samp_PingPong2/../../Wks_libToCoNet/libToCoNet/lib/libToCoNetUtils_JN5164.a(sprintf.o)
 .text.SPRINTF_vInit128
                0x00084225       0x30 /cygdrive/c/TWESDK/TWESDK/Wks_ToCoNet/Samp_PingPong2/../../Wks_libToCoNet/libToCoNet/lib/libToCoNetUtils_JN5164.a(sprintf.o)
                0x00084225                _SPRINTF_vInit128
 .text.SPRINTF_vRewind
                0x00084255        0x9 /cygdrive/c/TWESDK/TWESDK/Wks_ToCoNet/Samp_PingPong2/../../Wks_libToCoNet/libToCoNet/lib/libToCoNetUtils_JN5164.a(sprintf.o)
                0x00084255                _SPRINTF_vRewind
 .text.SPRINTF_pu8GetBuff
                0x0008425e        0x9 /cygdrive/c/TWESDK/TWESDK/Wks_ToCoNet/Samp_PingPong2/../../Wks_libToCoNet/libToCoNet/lib/libToCoNetUtils_JN5164.a(sprintf.o)
                0x0008425e                _SPRINTF_pu8GetBuff
 .text.SPRINTF_u16Length
                0x00084267        0x9 /cygdrive/c/TWESDK/TWESDK/Wks_ToCoNet/Samp_PingPong2/../../Wks_libToCoNet/libToCoNet/lib/libToCoNetUtils_JN5164.a(sprintf.o)
                0x00084267                _SPRINTF_u16Length
 .text.vTimerStop
                0x00084270       0x39 /cygdrive/c/TWESDK/TWESDK/Wks_ToCoNet/Samp_PingPong2/../../Wks_libToCoNet/libToCoNet/lib/libToCoNetUtils_JN5164.a(utils.o)
                0x00084270                _vTimerStop
 .text.vTimerStart
                0x000842a9       0xa7 /cygdrive/c/TWESDK/TWESDK/Wks_ToCoNet/Samp_PingPong2/../../Wks_libToCoNet/libToCoNet/lib/libToCoNetUtils_JN5164.a(utils.o)
                0x000842a9                _vTimerStart
 .text.vTimerConfig
                0x00084350      0x190 /cygdrive/c/TWESDK/TWESDK/Wks_ToCoNet/Samp_PingPong2/../../Wks_libToCoNet/libToCoNet/lib/libToCoNetUtils_JN5164.a(utils.o)
                0x00084350                _vTimerConfig
 .text.pvAppApiDefGetMacHandle
                0x000844e0        0x9 /cygdrive/c/TWESDK/TWESDK/516x/Components/Library/libAppApi_JN516x.a(AppApi.o)
                0x000844e0                _pvAppApiDefGetMacHandle
 .text.vAppApiDefSetPrbsSeed
                0x000844e9       0x24 /cygdrive/c/TWESDK/TWESDK/516x/Components/Library/libAppApi_JN516x.a(AppApi.o)
                0x000844e9                _vAppApiDefSetPrbsSeed
 .text.pvAppApiDefGetMacAddrLocation
                0x0008450d        0x9 /cygdrive/c/TWESDK/TWESDK/516x/Components/Library/libAppApi_JN516x.a(AppApi.o)
                0x0008450d                _pvAppApiDefGetMacAddrLocation
 .text.vAppApiDefSetInterrupts
                0x00084516       0x3d /cygdrive/c/TWESDK/TWESDK/516x/Components/Library/libAppApi_JN516x.a(AppApi.o)
                0x00084516                _vAppApiDefSetInterrupts
 .text.vAppApiDefPowerUp
                0x00084553       0x26 /cygdrive/c/TWESDK/TWESDK/516x/Components/Library/libAppApi_JN516x.a(AppApi.o)
                0x00084553                _vAppApiDefPowerUp
 .text.vAppApiDefStartStack
                0x00084579       0x51 /cygdrive/c/TWESDK/TWESDK/516x/Components/Library/libAppApi_JN516x.a(AppApi.o)
                0x00084579                _vAppApiDefStartStack
 .text.u32AppApiDefInit
                0x000845ca       0x5a /cygdrive/c/TWESDK/TWESDK/516x/Components/Library/libAppApi_JN516x.a(AppApi.o)
                0x000845ca                _u32AppApiDefInit
 .text.eAppApiDefPlmeGet
                0x00084624       0x33 /cygdrive/c/TWESDK/TWESDK/516x/Components/Library/libAppApi_JN516x.a(AppApi.o)
                0x00084624                _eAppApiDefPlmeGet
 .text.vAppApiDefMcpsRequest
                0x00084657       0x32 /cygdrive/c/TWESDK/TWESDK/516x/Components/Library/libAppApi_JN516x.a(AppApi.o)
                0x00084657                _vAppApiDefMcpsRequest
 .text.vAppApiDefMlmeRequest
                0x00084689       0x32 /cygdrive/c/TWESDK/TWESDK/516x/Components/Library/libAppApi_JN516x.a(AppApi.o)
                0x00084689                _vAppApiDefMlmeRequest
 .text.eAppApiDefPlmeSet
                0x000846bb       0x33 /cygdrive/c/TWESDK/TWESDK/516x/Components/Library/libAppApi_JN516x.a(AppApi.o)
                0x000846bb                _eAppApiDefPlmeSet
 .text.vAppApiDefSaveMacSettings
                0x000846ee       0x5d /cygdrive/c/TWESDK/TWESDK/516x/Components/Library/libAppApi_JN516x.a(AppApiSleep.o)
                0x000846ee                _vAppApiDefSaveMacSettings
 .text.vMAC_RestoreSettings
                0x0008474b       0xc8 /cygdrive/c/TWESDK/TWESDK/516x/Components/Library/libAppApi_JN516x.a(AppApiSleep.o)
                0x0008474b                _vMAC_RestoreSettings
 .text.vAppApiDefRestoreMacSettings
                0x00084813       0x25 /cygdrive/c/TWESDK/TWESDK/516x/Components/Library/libAppApi_JN516x.a(AppApiSleep.o)
                0x00084813                _vAppApiDefRestoreMacSettings
 .text.vSetTimer0
                0x00084838        0xf /cygdrive/c/TWESDK/TWESDK/516x/Components/Library/libMac_JN516x.a(mac_main.o)
                0x00084838                _vSetTimer0
 .text.u32GetTimer0
                0x00084847        0x7 /cygdrive/c/TWESDK/TWESDK/516x/Components/Library/libMac_JN516x.a(mac_main.o)
                0x00084847                _u32GetTimer0
 .text.MAC_vXcvPhyEvtHandler
                0x0008484e       0x10 /cygdrive/c/TWESDK/TWESDK/516x/Components/Library/libMac_JN516x.a(mac_main.o)
                0x0008484e                _MAC_vXcvPhyEvtHandler
 .text.MAC_vXcvBbcEvtHandler
                0x0008485e       0x20 /cygdrive/c/TWESDK/TWESDK/516x/Components/Library/libMac_JN516x.a(mac_main.o)
                0x0008485e                _MAC_vXcvBbcEvtHandler
 .text.mac_vInitTimer0
                0x0008487e       0x20 /cygdrive/c/TWESDK/TWESDK/516x/Components/Library/libMac_JN516x.a(mac_main.o)
                0x0008487e                _mac_vInitTimer0
 .text.MAC_pvCtor
                0x0008489e       0x82 /cygdrive/c/TWESDK/TWESDK/516x/Components/Library/libMac_JN516x.a(mac_main.o)
                0x0008489e                _MAC_pvCtor
 .text.MAC_vHandleMcpsReqRsp
                0x00084920       0x2d /cygdrive/c/TWESDK/TWESDK/516x/Components/Library/libMac_JN516x.a(mac_mcps.o)
                0x00084920                _MAC_vHandleMcpsReqRsp
 .text.vHandleTofRequest
                0x0008494d       0x12 /cygdrive/c/TWESDK/TWESDK/516x/Components/Library/libMac_JN516x.a(mac_mlme.o)
 *fill*         0x0008495f        0x1 00
 .text.MAC_vHandleMlmeReqRsp
                0x00084960       0xb4 /cygdrive/c/TWESDK/TWESDK/516x/Components/Library/libMac_JN516x.a(mac_mlme.o)
                0x00084960                _MAC_vHandleMlmeReqRsp
 .text.MAC_psPibGetHandle
                0x00084a14        0x7 /cygdrive/c/TWESDK/TWESDK/516x/Components/Library/libMac_JN516x.a(mac_pib.o)
                0x00084a14                _MAC_psPibGetHandle
 .text.MAC_vPibSetShortAddr
                0x00084a1b        0xe /cygdrive/c/TWESDK/TWESDK/516x/Components/Library/libMac_JN516x.a(mac_pib.o)
                0x00084a1b                _MAC_vPibSetShortAddr
 .text.MAC_vPibSetPanId
                0x00084a29       0x1b /cygdrive/c/TWESDK/TWESDK/516x/Components/Library/libMac_JN516x.a(mac_pib.o)
                0x00084a29                _MAC_vPibSetPanId
 .text.MAC_vPibSetMinBe
                0x00084a44       0x1e /cygdrive/c/TWESDK/TWESDK/516x/Components/Library/libMac_JN516x.a(mac_pib.o)
                0x00084a44                _MAC_vPibSetMinBe
 .text.MAC_vPibSetMaxCsmaBackoffs
                0x00084a62       0x21 /cygdrive/c/TWESDK/TWESDK/516x/Components/Library/libMac_JN516x.a(mac_pib.o)
                0x00084a62                _MAC_vPibSetMaxCsmaBackoffs
 .text.MAC_vSetExtAddr
                0x00084a83       0x1f /cygdrive/c/TWESDK/TWESDK/516x/Components/Library/libMac_JN516x.a(mac_pib.o)
                0x00084a83                _MAC_vSetExtAddr
 .text.MAC_vPibSetRxOnWhenIdle
                0x00084aa2       0x13 /cygdrive/c/TWESDK/TWESDK/516x/Components/Library/libMac_JN516x.a(mac_pib.o)
                0x00084aa2                _MAC_vPibSetRxOnWhenIdle
 .text.MAC_vPibSetPromiscuousMode
                0x00084ab5       0x40 /cygdrive/c/TWESDK/TWESDK/516x/Components/Library/libMac_JN516x.a(mac_pib.o)
                0x00084ab5                _MAC_vPibSetPromiscuousMode
 .text.mac_vPibCmpCoordExtAddr
                0x00084af5       0x29 /cygdrive/c/TWESDK/TWESDK/516x/Components/Library/libMac_JN516x.a(mac_pib_mlme.o)
                0x00084af5                _mac_vPibCmpCoordExtAddr
 .text.mac_vPibReset
                0x00084b1e       0x87 /cygdrive/c/TWESDK/TWESDK/516x/Components/Library/libMac_JN516x.a(mac_pib_mlme.o)
                0x00084b1e                _mac_vPibReset
 .text.mac_vPibSetDefaults
                0x00084ba5      0x12e /cygdrive/c/TWESDK/TWESDK/516x/Components/Library/libMac_JN516x.a(mac_pib_mlme.o)
                0x00084ba5                _mac_vPibSetDefaults
 .text.vPMICreset
                0x00084cd3        0xd /cygdrive/c/TWESDK/TWESDK/516x/Components/Library/libMac_JN516x.a(mac_pmic.o)
                0x00084cd3                _vPMICreset
 .text.vPMICpostFailedAssocDcfm
                0x00084ce0       0x3d /cygdrive/c/TWESDK/TWESDK/516x/Components/Library/libMac_JN516x.a(mac_pmic.o)
                0x00084ce0                _vPMICpostFailedAssocDcfm
 .text.vPMICassocReqTO_2
                0x00084d1d       0x1d /cygdrive/c/TWESDK/TWESDK/516x/Components/Library/libMac_JN516x.a(mac_pmic.o)
 .text.vPMICassocReqFrameReceived
                0x00084d3a       0x79 /cygdrive/c/TWESDK/TWESDK/516x/Components/Library/libMac_JN516x.a(mac_pmic.o)
                0x00084d3a                _vPMICassocReqFrameReceived
 .text.vPMICdisassocReceived
                0x00084db3       0x93 /cygdrive/c/TWESDK/TWESDK/516x/Components/Library/libMac_JN516x.a(mac_pmic.o)
                0x00084db3                _vPMICdisassocReceived
 .text.vPMICassocRespFrameReceived
                0x00084e46       0x93 /cygdrive/c/TWESDK/TWESDK/516x/Components/Library/libMac_JN516x.a(mac_pmic.o)
                0x00084e46                _vPMICassocRespFrameReceived
 .text.vPMICassocReqTO_1
                0x00084ed9       0x8c /cygdrive/c/TWESDK/TWESDK/516x/Components/Library/libMac_JN516x.a(mac_pmic.o)
 .text.vPMICdisassociateRequest
                0x00084f65       0xf4 /cygdrive/c/TWESDK/TWESDK/516x/Components/Library/libMac_JN516x.a(mac_pmic.o)
                0x00084f65                _vPMICdisassociateRequest
 .text.bPMICdisassocReqSent
                0x00085059       0x83 /cygdrive/c/TWESDK/TWESDK/516x/Components/Library/libMac_JN516x.a(mac_pmic.o)
 .text.vPMICassociateResponse
                0x000850dc       0xd9 /cygdrive/c/TWESDK/TWESDK/516x/Components/Library/libMac_JN516x.a(mac_pmic.o)
                0x000850dc                _vPMICassociateResponse
 .text.bAssocRespSent
                0x000851b5       0x1d /cygdrive/c/TWESDK/TWESDK/516x/Components/Library/libMac_JN516x.a(mac_pmic.o)
 .text.vPMICassociateRequest
                0x000851d2       0xe6 /cygdrive/c/TWESDK/TWESDK/516x/Components/Library/libMac_JN516x.a(mac_pmic.o)
                0x000851d2                _vPMICassociateRequest
 .text.bPMICassocReqPollSent
                0x000852b8       0x5b /cygdrive/c/TWESDK/TWESDK/516x/Components/Library/libMac_JN516x.a(mac_pmic.o)
 .text.bPMICassocReqSent
                0x00085313       0x8d /cygdrive/c/TWESDK/TWESDK/516x/Components/Library/libMac_JN516x.a(mac_pmic.o)
 .text.MAC_vRegisterMlmeDcfmIndCallbacks
                0x000853a0        0xc /cygdrive/c/TWESDK/TWESDK/516x/Components/Library/libMac_JN516x.a(mac_ind.o)
                0x000853a0                _MAC_vRegisterMlmeDcfmIndCallbacks
 .text.MAC_vRegisterMcpsDcfmIndCallbacks
                0x000853ac        0xc /cygdrive/c/TWESDK/TWESDK/516x/Components/Library/libMac_JN516x.a(mac_ind.o)
                0x000853ac                _MAC_vRegisterMcpsDcfmIndCallbacks
 .text.mac_psDcfmIndGetBuf
                0x000853b8       0x23 /cygdrive/c/TWESDK/TWESDK/516x/Components/Library/libMac_JN516x.a(mac_ind.o)
                0x000853b8                _mac_psDcfmIndGetBuf
 .text.mac_eDcfmIndPost
                0x000853db       0x21 /cygdrive/c/TWESDK/TWESDK/516x/Components/Library/libMac_JN516x.a(mac_ind.o)
                0x000853db                _mac_eDcfmIndPost
 .text.eScanHandleEvt
                0x000853fc       0x2e /cygdrive/c/TWESDK/TWESDK/516x/Components/Library/libMac_JN516x.a(mac_scan.o)
                0x000853fc                _eScanHandleEvt
 .text.vScanHandleTimer
                0x0008542a        0x8 /cygdrive/c/TWESDK/TWESDK/516x/Components/Library/libMac_JN516x.a(mac_scan.o)
 .text.eGenlIllegal
                0x00085432        0x7 /cygdrive/c/TWESDK/TWESDK/516x/Components/Library/libMac_JN516x.a(mac_scan.o)
 .text.eGenlDontCare
                0x00085439        0x5 /cygdrive/c/TWESDK/TWESDK/516x/Components/Library/libMac_JN516x.a(mac_scan.o)
 .text.eWEnDEdDone
                0x0008543e       0x64 /cygdrive/c/TWESDK/TWESDK/516x/Components/Library/libMac_JN516x.a(mac_scan.o)
 .text.eWEnDTmrExpiry
                0x000854a2        0xb /cygdrive/c/TWESDK/TWESDK/516x/Components/Library/libMac_JN516x.a(mac_scan.o)
 .text.mac_eScanHandleXcvBbcEvt
                0x000854ad        0xf /cygdrive/c/TWESDK/TWESDK/516x/Components/Library/libMac_JN516x.a(mac_scan.o)
                0x000854ad                _mac_eScanHandleXcvBbcEvt
 .text.mac_eScanHandleXcvPhyEvt
                0x000854bc       0x12 /cygdrive/c/TWESDK/TWESDK/516x/Components/Library/libMac_JN516x.a(mac_scan.o)
                0x000854bc                _mac_eScanHandleXcvPhyEvt
 .text.vSetNextChannel
                0x000854ce       0x4a /cygdrive/c/TWESDK/TWESDK/516x/Components/Library/libMac_JN516x.a(mac_scan.o)
 .text.mac_vScanHandleMlmeReq
                0x00085518       0x98 /cygdrive/c/TWESDK/TWESDK/516x/Components/Library/libMac_JN516x.a(mac_scan.o)
                0x00085518                _mac_vScanHandleMlmeReq
 .text.mac_eScanInit
                0x000855b0       0x19 /cygdrive/c/TWESDK/TWESDK/516x/Components/Library/libMac_JN516x.a(mac_scan.o)
                0x000855b0                _mac_eScanInit
 .text.vPostDcfm
                0x000855c9       0xe9 /cygdrive/c/TWESDK/TWESDK/516x/Components/Library/libMac_JN516x.a(mac_scan.o)
 .text.eWCoRRxDone
                0x000856b2       0xb7 /cygdrive/c/TWESDK/TWESDK/516x/Components/Library/libMac_JN516x.a(mac_scan.o)
 .text.eGenTmrExpiry
                0x00085769       0x4b /cygdrive/c/TWESDK/TWESDK/516x/Components/Library/libMac_JN516x.a(mac_scan.o)
 .text.eWEDTEdDone
                0x000857b4       0x1a /cygdrive/c/TWESDK/TWESDK/516x/Components/Library/libMac_JN516x.a(mac_scan.o)
 .text.eGenRxHdrDone
                0x000857ce       0x13 /cygdrive/c/TWESDK/TWESDK/516x/Components/Library/libMac_JN516x.a(mac_scan.o)
 .text.eWONTTxDone
                0x000857e1       0x35 /cygdrive/c/TWESDK/TWESDK/516x/Components/Library/libMac_JN516x.a(mac_scan.o)
 .text.eWBRTTxDone
                0x00085816       0x21 /cygdrive/c/TWESDK/TWESDK/516x/Components/Library/libMac_JN516x.a(mac_scan.o)
 .text.eWBcnRxDone
                0x00085837      0x19e /cygdrive/c/TWESDK/TWESDK/516x/Components/Library/libMac_JN516x.a(mac_scan.o)
 .text.bSendMacCmd
                0x000859d5       0x40 /cygdrive/c/TWESDK/TWESDK/516x/Components/Library/libMac_JN516x.a(mac_scan.o)
 .text.eWChCChanChgd
                0x00085a15      0x170 /cygdrive/c/TWESDK/TWESDK/516x/Components/Library/libMac_JN516x.a(mac_scan.o)
 .text.mac_vLPBAdjustBeaconOffset
                0x00085b85       0x5d /cygdrive/c/TWESDK/TWESDK/516x/Components/Library/libMac_JN516x.a(mac_lp.o)
                0x00085b85                _mac_vLPBAdjustBeaconOffset
 .text.mac_u32LPBGetBeaconTimeout
                0x00085be2        0x9 /cygdrive/c/TWESDK/TWESDK/516x/Components/Library/libMac_JN516x.a(mac_lp.o)
                0x00085be2                _mac_u32LPBGetBeaconTimeout
 .text.MAC_u32ConvertFrom16uS
                0x00085beb       0x41 /cygdrive/c/TWESDK/TWESDK/516x/Components/Library/libMac_JN516x.a(mac_lp.o)
                0x00085beb                _MAC_u32ConvertFrom16uS
 .text.mac_vLPBSleep
                0x00085c2c       0x55 /cygdrive/c/TWESDK/TWESDK/516x/Components/Library/libMac_JN516x.a(mac_lp.o)
                0x00085c2c                _mac_vLPBSleep
 .text.mac_vLPBStopTimer
                0x00085c81        0xe /cygdrive/c/TWESDK/TWESDK/516x/Components/Library/libMac_JN516x.a(mac_lp.o)
                0x00085c81                _mac_vLPBStopTimer
 .text.mac_vLPBStartTimer
                0x00085c8f       0x88 /cygdrive/c/TWESDK/TWESDK/516x/Components/Library/libMac_JN516x.a(mac_lp.o)
                0x00085c8f                _mac_vLPBStartTimer
 .text.vMCPSframeReceived
                0x00085d17       0x5a /cygdrive/c/TWESDK/TWESDK/516x/Components/Library/libMac_JN516x.a(MCPS.o)
                0x00085d17                _vMCPSframeReceived
 .text.bSearchQueue
                0x00085d71       0x36 /cygdrive/c/TWESDK/TWESDK/516x/Components/Library/libMac_JN516x.a(MCPS.o)
 .text.vTAM_MCPSpurgeRequest
                0x00085da7       0x64 /cygdrive/c/TWESDK/TWESDK/516x/Components/Library/libMac_JN516x.a(MCPS.o)
                0x00085da7                _vTAM_MCPSpurgeRequest
 .text.bMCPSframeTXcomplete
                0x00085e0b       0x5a /cygdrive/c/TWESDK/TWESDK/516x/Components/Library/libMac_JN516x.a(MCPS.o)
 .text.vTAM_MCPSdataRequest
                0x00085e65       0x46 /cygdrive/c/TWESDK/TWESDK/516x/Components/Library/libMac_JN516x.a(MCPS.o)
                0x00085e65                _vTAM_MCPSdataRequest
 .text.phy_ePibGet
                0x00085eab       0x34 /cygdrive/c/TWESDK/TWESDK/516x/Components/Library/libMac_JN516x.a(phy_pib.o)
                0x00085eab                _phy_ePibGet
 .text.u8GetPapValue
                0x00085edf       0x21 /cygdrive/c/TWESDK/TWESDK/516x/Components/Library/libMac_JN516x.a(phy_pib.o)
 .text.vPhySetChannel
                0x00085f00       0x77 /cygdrive/c/TWESDK/TWESDK/516x/Components/Library/libMac_JN516x.a(phy_pib.o)
                0x00085f00                _vPhySetChannel
 .text.phy_ePibSet
                0x00085f77       0x90 /cygdrive/c/TWESDK/TWESDK/516x/Components/Library/libMac_JN516x.a(phy_pib.o)
                0x00085f77                _phy_ePibSet
 .text.phy_vPibSetDefaults
                0x00086007       0x2c /cygdrive/c/TWESDK/TWESDK/516x/Components/Library/libMac_JN516x.a(phy_pib.o)
                0x00086007                _phy_vPibSetDefaults
 .text.bTAMinPAN
                0x00086033       0x19 /cygdrive/c/TWESDK/TWESDK/516x/Components/Library/libMac_JN516x.a(TAM.o)
                0x00086033                _bTAMinPAN
 .text.eTAMevent
                0x0008604c       0x1a /cygdrive/c/TWESDK/TWESDK/516x/Components/Library/libMac_JN516x.a(TAM.o)
                0x0008604c                _eTAMevent
 *fill*         0x00086066        0x2 00
 .text.eTAMselect
                0x00086068      0x154 /cygdrive/c/TWESDK/TWESDK/516x/Components/Library/libMac_JN516x.a(TAM.o)
                0x00086068                _eTAMselect
 .text.vTAM_MLMEsyncRequest
                0x000861bc       0x17 /cygdrive/c/TWESDK/TWESDK/516x/Components/Library/libMac_JN516x.a(TAM.o)
                0x000861bc                _vTAM_MLMEsyncRequest
 .text.vTAM_MLMEstartRequest
                0x000861d3       0x87 /cygdrive/c/TWESDK/TWESDK/516x/Components/Library/libMac_JN516x.a(TAM.o)
                0x000861d3                _vTAM_MLMEstartRequest
 .text.vTAMreset
                0x0008625a      0x1f6 /cygdrive/c/TWESDK/TWESDK/516x/Components/Library/libMac_JN516x.a(TAM.o)
                0x0008625a                _vTAMreset
 .text.vTAMCOsetCoordinator
                0x00086450       0x29 /cygdrive/c/TWESDK/TWESDK/516x/Components/Library/libMac_JN516x.a(TAMCO.o)
                0x00086450                _vTAMCOsetCoordinator
 .text.vTAMCOupdatePendingList
                0x00086479       0xbb /cygdrive/c/TWESDK/TWESDK/516x/Components/Library/libMac_JN516x.a(TAMCO.o)
                0x00086479                _vTAMCOupdatePendingList
 .text.vTAMCOreqTXinCAP
                0x00086534       0x2f /cygdrive/c/TWESDK/TWESDK/516x/Components/Library/libMac_JN516x.a(TAMCO.o)
                0x00086534                _vTAMCOreqTXinCAP
 .text.vTrySendFromDirectNoBeacon
                0x00086563       0x38 /cygdrive/c/TWESDK/TWESDK/516x/Components/Library/libMac_JN516x.a(TAMCO.o)
 .text.vTAMCOreqTXnoBeacon
                0x0008659b       0x18 /cygdrive/c/TWESDK/TWESDK/516x/Components/Library/libMac_JN516x.a(TAMCO.o)
                0x0008659b                _vTAMCOreqTXnoBeacon
 .text.vTAMCOframeRXnobeacon
                0x000865b3       0x18 /cygdrive/c/TWESDK/TWESDK/516x/Components/Library/libMac_JN516x.a(TAMCO.o)
                0x000865b3                _vTAMCOframeRXnobeacon
 .text.vTAMCOframeTXnobeacon
                0x000865cb       0x1e /cygdrive/c/TWESDK/TWESDK/516x/Components/Library/libMac_JN516x.a(TAMCO.o)
                0x000865cb                _vTAMCOframeTXnobeacon
 .text.vTrySendFromDirectCAP
                0x000865e9       0x25 /cygdrive/c/TWESDK/TWESDK/516x/Components/Library/libMac_JN516x.a(TAMCO.o)
 .text.vTAMCOframeRXcap
                0x0008660e       0x18 /cygdrive/c/TWESDK/TWESDK/516x/Components/Library/libMac_JN516x.a(TAMCO.o)
                0x0008660e                _vTAMCOframeRXcap
 .text.vTAMCOframeRXgoingIdle
                0x00086626       0x1c /cygdrive/c/TWESDK/TWESDK/516x/Components/Library/libMac_JN516x.a(TAMCO.o)
                0x00086626                _vTAMCOframeRXgoingIdle
 .text.vTAMCOframeTXcap
                0x00086642       0x30 /cygdrive/c/TWESDK/TWESDK/516x/Components/Library/libMac_JN516x.a(TAMCO.o)
                0x00086642                _vTAMCOframeTXcap
 .text.vTAMCOframeTXgoingIdle
                0x00086672       0x1b /cygdrive/c/TWESDK/TWESDK/516x/Components/Library/libMac_JN516x.a(TAMCO.o)
                0x00086672                _vTAMCOframeTXgoingIdle
 .text.vTAMCOint2Fired
                0x0008668d       0x22 /cygdrive/c/TWESDK/TWESDK/516x/Components/Library/libMac_JN516x.a(TAMCO.o)
                0x0008668d                _vTAMCOint2Fired
 .text.vTAMCOframeTXbeacon
                0x000866af       0xc9 /cygdrive/c/TWESDK/TWESDK/516x/Components/Library/libMac_JN516x.a(TAMCO.o)
                0x000866af                _vTAMCOframeTXbeacon
 .text.vTAMCOint1Fired
                0x00086778       0xef /cygdrive/c/TWESDK/TWESDK/516x/Components/Library/libMac_JN516x.a(TAMCO.o)
                0x00086778                _vTAMCOint1Fired
 .text.vTAMCOint1FiredCAP
                0x00086867       0x7f /cygdrive/c/TWESDK/TWESDK/516x/Components/Library/libMac_JN516x.a(TAMCO.o)
                0x00086867                _vTAMCOint1FiredCAP
 .text.vTAMCOstartBeacon
                0x000868e6       0x41 /cygdrive/c/TWESDK/TWESDK/516x/Components/Library/libMac_JN516x.a(TAMCO.o)
                0x000868e6                _vTAMCOstartBeacon
 .text.vStartStoreValues
                0x00086927       0xbc /cygdrive/c/TWESDK/TWESDK/516x/Components/Library/libMac_JN516x.a(TAMCO.o)
 .text.bStartCallback
                0x000869e3       0x2f /cygdrive/c/TWESDK/TWESDK/516x/Components/Library/libMac_JN516x.a(TAMCO.o)
 .text.vTAMCO_MLMEstartRequest
                0x00086a12      0x11e /cygdrive/c/TWESDK/TWESDK/516x/Components/Library/libMac_JN516x.a(TAMCO.o)
                0x00086a12                _vTAMCO_MLMEstartRequest
 .text.vTAMCOframeStarting
                0x00086b30       0x1e /cygdrive/c/TWESDK/TWESDK/516x/Components/Library/libMac_JN516x.a(TAMCO.o)
                0x00086b30                _vTAMCOframeStarting
 .text.vTAMDEdetermineNullState
                0x00086b4e       0x1d /cygdrive/c/TWESDK/TWESDK/516x/Components/Library/libMac_JN516x.a(TAMDE.o)
                0x00086b4e                _vTAMDEdetermineNullState
 .text.vSetPHYfromMacValue
                0x00086b6b       0x45 /cygdrive/c/TWESDK/TWESDK/516x/Components/Library/libMac_JN516x.a(TAMDE.o)
 .text.vTAMDEint1FiredWaitDR
                0x00086bb0       0x20 /cygdrive/c/TWESDK/TWESDK/516x/Components/Library/libMac_JN516x.a(TAMDE.o)
                0x00086bb0                _vTAMDEint1FiredWaitDR
 .text.vTAMDEstartSync
                0x00086bd0       0x86 /cygdrive/c/TWESDK/TWESDK/516x/Components/Library/libMac_JN516x.a(TAMDE.o)
                0x00086bd0                _vTAMDEstartSync
 .text.vTAMDE_MLMEsyncRequest
                0x00086c56       0x30 /cygdrive/c/TWESDK/TWESDK/516x/Components/Library/libMac_JN516x.a(TAMDE.o)
                0x00086c56                _vTAMDE_MLMEsyncRequest
 .text.vTrySendUnslotted
                0x00086c86       0x23 /cygdrive/c/TWESDK/TWESDK/516x/Components/Library/libMac_JN516x.a(TAMDE.o)
 .text.vDeterminePowerState
                0x00086ca9       0x98 /cygdrive/c/TWESDK/TWESDK/516x/Components/Library/libMac_JN516x.a(TAMDE.o)
 .text.vTAMDEreqTXnullTrackingCAP
                0x00086d41       0x1c /cygdrive/c/TWESDK/TWESDK/516x/Components/Library/libMac_JN516x.a(TAMDE.o)
                0x00086d41                _vTAMDEreqTXnullTrackingCAP
 .text.vTAMDEint2FiredTrackingDR
                0x00086d5d       0x2b /cygdrive/c/TWESDK/TWESDK/516x/Components/Library/libMac_JN516x.a(TAMDE.o)
                0x00086d5d                _vTAMDEint2FiredTrackingDR
 .text.vTAMDEframeTXDEnull
                0x00086d88       0x28 /cygdrive/c/TWESDK/TWESDK/516x/Components/Library/libMac_JN516x.a(TAMDE.o)
                0x00086d88                _vTAMDEframeTXDEnull
 .text.vTAMDEframeTXtrackingCAPgts
                0x00086db0       0x34 /cygdrive/c/TWESDK/TWESDK/516x/Components/Library/libMac_JN516x.a(TAMDE.o)
                0x00086db0                _vTAMDEframeTXtrackingCAPgts
 .text.vTAMDEframeRX
                0x00086de4       0x30 /cygdrive/c/TWESDK/TWESDK/516x/Components/Library/libMac_JN516x.a(TAMDE.o)
                0x00086de4                _vTAMDEframeRX
 .text.vTAMDEframePreSyncReq
                0x00086e14       0x21 /cygdrive/c/TWESDK/TWESDK/516x/Components/Library/libMac_JN516x.a(TAMDE.o)
                0x00086e14                _vTAMDEframePreSyncReq
 .text.bSendDataRequest
                0x00086e35      0x113 /cygdrive/c/TWESDK/TWESDK/516x/Components/Library/libMac_JN516x.a(TAMDE.o)
 .text.vTAMDEframeRXtrackingDR
                0x00086f48       0x47 /cygdrive/c/TWESDK/TWESDK/516x/Components/Library/libMac_JN516x.a(TAMDE.o)
                0x00086f48                _vTAMDEframeRXtrackingDR
 .text.vTAMDEint2FiredPollActive
                0x00086f8f       0x34 /cygdrive/c/TWESDK/TWESDK/516x/Components/Library/libMac_JN516x.a(TAMDE.o)
                0x00086f8f                _vTAMDEint2FiredPollActive
 .text.vTAMDEframeTXtrackingDR
                0x00086fc3       0x6b /cygdrive/c/TWESDK/TWESDK/516x/Components/Library/libMac_JN516x.a(TAMDE.o)
                0x00086fc3                _vTAMDEframeTXtrackingDR
 .text.vTAMDEint1FiredTracking
                0x0008702e       0x6f /cygdrive/c/TWESDK/TWESDK/516x/Components/Library/libMac_JN516x.a(TAMDE.o)
                0x0008702e                _vTAMDEint1FiredTracking
 .text.vTAMDEint1FiredTrackingCAPgts
                0x0008709d       0xca /cygdrive/c/TWESDK/TWESDK/516x/Components/Library/libMac_JN516x.a(TAMDE.o)
                0x0008709d                _vTAMDEint1FiredTrackingCAPgts
 .text.vTAMDEint1FiredTrackingBeacon
                0x00087167       0xa7 /cygdrive/c/TWESDK/TWESDK/516x/Components/Library/libMac_JN516x.a(TAMDE.o)
                0x00087167                _vTAMDEint1FiredTrackingBeacon
 .text.bProcessBeaconRX
                0x0008720e       0xe6 /cygdrive/c/TWESDK/TWESDK/516x/Components/Library/libMac_JN516x.a(TAMDE.o)
 .text.vTAMDEframeRXsyncReq
                0x000872f4      0x26c /cygdrive/c/TWESDK/TWESDK/516x/Components/Library/libMac_JN516x.a(TAMDE.o)
                0x000872f4                _vTAMDEframeRXsyncReq
 .text.vTAMDEint1FiredSyncReq
                0x00087560       0x7b /cygdrive/c/TWESDK/TWESDK/516x/Components/Library/libMac_JN516x.a(TAMDE.o)
                0x00087560                _vTAMDEint1FiredSyncReq
 .text.pvMEMget
                0x000875db       0x27 /cygdrive/c/TWESDK/TWESDK/516x/Components/Library/libMac_JN516x.a(TAM_MEM.o)
                0x000875db                _pvMEMget
 .text.vMEMreturn
                0x00087602       0x6a /cygdrive/c/TWESDK/TWESDK/516x/Components/Library/libMac_JN516x.a(TAM_MEM.o)
                0x00087602                _vMEMreturn
 .text.vMEMreset
                0x0008766c       0x70 /cygdrive/c/TWESDK/TWESDK/516x/Components/Library/libMac_JN516x.a(TAM_MEM.o)
                0x0008766c                _vMEMreset
 .text.vMLMErxEnableConfirm
                0x000876dc       0x37 /cygdrive/c/TWESDK/TWESDK/516x/Components/Library/libMac_JN516x.a(TAM_MLME.o)
                0x000876dc                _vMLMErxEnableConfirm
 .text.vMLMEcommStatus
                0x00087713       0x6e /cygdrive/c/TWESDK/TWESDK/516x/Components/Library/libMac_JN516x.a(TAM_MLME.o)
                0x00087713                _vMLMEcommStatus
 .text.vMLMEcommStatusFromFrame
                0x00087781       0x47 /cygdrive/c/TWESDK/TWESDK/516x/Components/Library/libMac_JN516x.a(TAM_MLME.o)
                0x00087781                _vMLMEcommStatusFromFrame
 .text.vMLMEsyncLoss
                0x000877c8       0x38 /cygdrive/c/TWESDK/TWESDK/516x/Components/Library/libMac_JN516x.a(TAM_MLME.o)
                0x000877c8                _vMLMEsyncLoss
 .text.vMLMEbeaconNotify
                0x00087800      0x17c /cygdrive/c/TWESDK/TWESDK/516x/Components/Library/libMac_JN516x.a(TAM_MLME.o)
                0x00087800                _vMLMEbeaconNotify
 .text.vTAHsetCutOff
                0x0008797c        0xa /cygdrive/c/TWESDK/TWESDK/516x/Components/Library/libMac_JN516x.a(TAM_TAH.o)
                0x0008797c                _vTAHsetCutOff
 .text.vTAHsetSyncLock
                0x00087986       0x18 /cygdrive/c/TWESDK/TWESDK/516x/Components/Library/libMac_JN516x.a(TAM_TAH.o)
                0x00087986                _vTAHsetSyncLock
 .text.vTAHsetPhyStateDirect
                0x0008799e       0x33 /cygdrive/c/TWESDK/TWESDK/516x/Components/Library/libMac_JN516x.a(TAM_TAH.o)
                0x0008799e                _vTAHsetPhyStateDirect
 .text.vTAHsetPhyState
                0x000879d1       0x35 /cygdrive/c/TWESDK/TWESDK/516x/Components/Library/libMac_JN516x.a(TAM_TAH.o)
                0x000879d1                _vTAHsetPhyState
 .text.vTAIdisableInterrupt
                0x00087a06       0x10 /cygdrive/c/TWESDK/TWESDK/516x/Components/Library/libMac_JN516x.a(TAM_TAI.o)
                0x00087a06                _vTAIdisableInterrupt
 .text.vTAIsetRxEnableTime
                0x00087a16       0x1d /cygdrive/c/TWESDK/TWESDK/516x/Components/Library/libMac_JN516x.a(TAM_TAI.o)
                0x00087a16                _vTAIsetRxEnableTime
 .text.vTAIsetCapTime
                0x00087a33       0x1d /cygdrive/c/TWESDK/TWESDK/516x/Components/Library/libMac_JN516x.a(TAM_TAI.o)
                0x00087a33                _vTAIsetCapTime
 .text.eTATreadTXstatus
                0x00087a50       0x46 /cygdrive/c/TWESDK/TWESDK/516x/Components/Library/libMac_JN516x.a(TAM_TAT.o)
                0x00087a50                _eTATreadTXstatus
 .text.vTATgetFrameAddress
                0x00087a96       0x20 /cygdrive/c/TWESDK/TWESDK/516x/Components/Library/libMac_JN516x.a(TAM_TAT.o)
                0x00087a96                _vTATgetFrameAddress
 .text.vTATgetFramePayload
                0x00087ab6       0x1d /cygdrive/c/TWESDK/TWESDK/516x/Components/Library/libMac_JN516x.a(TAM_TAT.o)
                0x00087ab6                _vTATgetFramePayload
 .text.vTATsetBLE
                0x00087ad3       0x3e /cygdrive/c/TWESDK/TWESDK/516x/Components/Library/libMac_JN516x.a(TAM_TAT.o)
                0x00087ad3                _vTATsetBLE
 .text.vTATwriteAclMaterialToHardware
                0x00087b11       0x2c /cygdrive/c/TWESDK/TWESDK/516x/Components/Library/libMac_JN516x.a(TAM_TAT.o)
                0x00087b11                _vTATwriteAclMaterialToHardware
 .text.bIsBbcSafeForTx
                0x00087b3d       0x2d /cygdrive/c/TWESDK/TWESDK/516x/Components/Library/libMac_JN516x.a(TAM_TAT.o)
                0x00087b3d                _bIsBbcSafeForTx
 .text.vTATstartReceiveAt
                0x00087b6a       0x1e /cygdrive/c/TWESDK/TWESDK/516x/Components/Library/libMac_JN516x.a(TAM_TAT.o)
                0x00087b6a                _vTATstartReceiveAt
 .text.vWriteFrame
                0x00087b88       0x7d /cygdrive/c/TWESDK/TWESDK/516x/Components/Library/libMac_JN516x.a(TAM_TAT.o)
 .text.bTATsendFrame
                0x00087c05       0x5a /cygdrive/c/TWESDK/TWESDK/516x/Components/Library/libMac_JN516x.a(TAM_TAT.o)
                0x00087c05                _bTATsendFrame
 .text.bTATsendFrameAt
                0x00087c5f       0x48 /cygdrive/c/TWESDK/TWESDK/516x/Components/Library/libMac_JN516x.a(TAM_TAT.o)
                0x00087c5f                _bTATsendFrameAt
 .text.bTACassessBeaconForPayload
                0x00087ca7       0x4c /cygdrive/c/TWESDK/TWESDK/516x/Components/Library/libMac_JN516x.a(TAMcommon.o)
                0x00087ca7                _bTACassessBeaconForPayload
 .text.bTACframeInProgress
                0x00087cf3       0x27 /cygdrive/c/TWESDK/TWESDK/516x/Components/Library/libMac_JN516x.a(TAMcommon.o)
                0x00087cf3                _bTACframeInProgress
 .text.vTACu16ToPayloadM
                0x00087d1a        0xc /cygdrive/c/TWESDK/TWESDK/516x/Components/Library/libMac_JN516x.a(TAMcommon.o)
                0x00087d1a                _vTACu16ToPayloadM
 .text.vTACu32ToPayloadM
                0x00087d26       0x18 /cygdrive/c/TWESDK/TWESDK/516x/Components/Library/libMac_JN516x.a(TAMcommon.o)
                0x00087d26                _vTACu32ToPayloadM
 .text.u16TACpayloadToU16M
                0x00087d3e        0xf /cygdrive/c/TWESDK/TWESDK/516x/Components/Library/libMac_JN516x.a(TAMcommon.o)
                0x00087d3e                _u16TACpayloadToU16M
 .text.u32TACpayloadToU32M
                0x00087d4d       0x23 /cygdrive/c/TWESDK/TWESDK/516x/Components/Library/libMac_JN516x.a(TAMcommon.o)
                0x00087d4d                _u32TACpayloadToU32M
 .text.u8TACgetHeaderSize
                0x00087d70       0x26 /cygdrive/c/TWESDK/TWESDK/516x/Components/Library/libMac_JN516x.a(TAMcommon.o)
                0x00087d70                _u8TACgetHeaderSize
 .text.vTACsetTxFrameDefaults
                0x00087d96       0x2a /cygdrive/c/TWESDK/TWESDK/516x/Components/Library/libMac_JN516x.a(TAMcommon.o)
                0x00087d96                _vTACsetTxFrameDefaults
 .text.vTACcheckPollResponse
                0x00087dc0       0x37 /cygdrive/c/TWESDK/TWESDK/516x/Components/Library/libMac_JN516x.a(TAMcommon.o)
                0x00087dc0                _vTACcheckPollResponse
 .text.bUpdateTime
                0x00087df7       0x46 /cygdrive/c/TWESDK/TWESDK/516x/Components/Library/libMac_JN516x.a(TAMcommon.o)
 .text.vTACbuildBeacon
                0x00087e3d      0x257 /cygdrive/c/TWESDK/TWESDK/516x/Components/Library/libMac_JN516x.a(TAMcommon.o)
                0x00087e3d                _vTACbuildBeacon
 .text.vTACsetFramePending
                0x00088094       0x3f /cygdrive/c/TWESDK/TWESDK/516x/Components/Library/libMac_JN516x.a(TAMcommon.o)
                0x00088094                _vTACsetFramePending
 .text.vTACsetPHYfromMacValue
                0x000880d3       0x2b /cygdrive/c/TWESDK/TWESDK/516x/Components/Library/libMac_JN516x.a(TAMcommon.o)
                0x000880d3                _vTACsetPHYfromMacValue
 .text.bTACcheckPANconflict
                0x000880fe       0xa8 /cygdrive/c/TWESDK/TWESDK/516x/Components/Library/libMac_JN516x.a(TAMcommon.o)
                0x000880fe                _bTACcheckPANconflict
 .text.bTACprocessUnexpectedBeacon
                0x000881a6       0x6d /cygdrive/c/TWESDK/TWESDK/516x/Components/Library/libMac_JN516x.a(TAMcommon.o)
                0x000881a6                _bTACprocessUnexpectedBeacon
 .text.bSendSyncLoss
                0x00088213       0x1e /cygdrive/c/TWESDK/TWESDK/516x/Components/Library/libMac_JN516x.a(TAMcommon.o)
 .text.vTACinformOriginator
                0x00088231       0x26 /cygdrive/c/TWESDK/TWESDK/516x/Components/Library/libMac_JN516x.a(TAMcommon.o)
                0x00088231                _vTACinformOriginator
 .text.vTACintRXheader
                0x00088257       0x98 /cygdrive/c/TWESDK/TWESDK/516x/Components/Library/libMac_JN516x.a(TAMcommon.o)
                0x00088257                _vTACintRXheader
 .text.bTACprocessFrameRXcomplete
                0x000882ef      0x231 /cygdrive/c/TWESDK/TWESDK/516x/Components/Library/libMac_JN516x.a(TAMcommon.o)
                0x000882ef                _bTACprocessFrameRXcomplete
 .text.eTACprocessFrameTXcomplete
                0x00088520      0x17c /cygdrive/c/TWESDK/TWESDK/516x/Components/Library/libMac_JN516x.a(TAMcommon.o)
                0x00088520                _eTACprocessFrameTXcomplete
 .text.vTAMinsertEvent
                0x0008869c       0x6c /cygdrive/c/TWESDK/TWESDK/516x/Components/Library/libMac_JN516x.a(TAMevent.o)
                0x0008869c                _vTAMinsertEvent
 .text.vTAM_TxRetryTimeout
                0x00088708        0x8 /cygdrive/c/TWESDK/TWESDK/516x/Components/Library/libMac_JN516x.a(TAMevent.o)
                0x00088708                _vTAM_TxRetryTimeout
 .text.vTAM_QueueTxEvent
                0x00088710       0x11 /cygdrive/c/TWESDK/TWESDK/516x/Components/Library/libMac_JN516x.a(TAMevent.o)
                0x00088710                _vTAM_QueueTxEvent
 .text.vTAM_CancelTxRetryTimer
                0x00088721        0xf /cygdrive/c/TWESDK/TWESDK/516x/Components/Library/libMac_JN516x.a(TAMevent.o)
                0x00088721                _vTAM_CancelTxRetryTimer
 .text.vTAM_TxRetryTimer
                0x00088730       0x13 /cygdrive/c/TWESDK/TWESDK/516x/Components/Library/libMac_JN516x.a(TAMevent.o)
                0x00088730                _vTAM_TxRetryTimer
 .text.vTAQaddToFifo
                0x00088743       0x1a /cygdrive/c/TWESDK/TWESDK/516x/Components/Library/libMac_JN516x.a(TAMqueue.o)
                0x00088743                _vTAQaddToFifo
 .text.bTAQremoveFromFifo
                0x0008875d       0x3d /cygdrive/c/TWESDK/TWESDK/516x/Components/Library/libMac_JN516x.a(TAMqueue.o)
                0x0008875d                _bTAQremoveFromFifo
 .text.vTAQresetFifo
                0x0008879a        0x9 /cygdrive/c/TWESDK/TWESDK/516x/Components/Library/libMac_JN516x.a(TAMqueue.o)
                0x0008879a                _vTAQresetFifo
 .text.psTAQsearchFifoForHandle
                0x000887a3       0x18 /cygdrive/c/TWESDK/TWESDK/516x/Components/Library/libMac_JN516x.a(TAMqueue.o)
                0x000887a3                _psTAQsearchFifoForHandle
 .text.psTAQsearchFifo
                0x000887bb       0x46 /cygdrive/c/TWESDK/TWESDK/516x/Components/Library/libMac_JN516x.a(TAMqueue.o)
                0x000887bb                _psTAQsearchFifo
 .text.vDoGoOff
                0x00088801       0x1a /cygdrive/c/TWESDK/TWESDK/516x/Components/Library/libMac_JN516x.a(TAMrxEnable.o)
 .text.vDoGoActive
                0x0008881b       0x28 /cygdrive/c/TWESDK/TWESDK/516x/Components/Library/libMac_JN516x.a(TAMrxEnable.o)
 .text.vTAM_MLMErxEnableRequest
                0x00088843       0xc8 /cygdrive/c/TWESDK/TWESDK/516x/Components/Library/libMac_JN516x.a(TAMrxEnable.o)
                0x00088843                _vTAM_MLMErxEnableRequest
 .text.vTAMRXEsetReceiveForPibChange
                0x0008890b       0x33 /cygdrive/c/TWESDK/TWESDK/516x/Components/Library/libMac_JN516x.a(TAMrxEnable.o)
                0x0008890b                _vTAMRXEsetReceiveForPibChange
 .text.vTAMRXEsetPhy
                0x0008893e       0xb6 /cygdrive/c/TWESDK/TWESDK/516x/Components/Library/libMac_JN516x.a(TAMrxEnable.o)
                0x0008893e                _vTAMRXEsetPhy
 .text.vTAMRXEint2Fired
                0x000889f4       0x42 /cygdrive/c/TWESDK/TWESDK/516x/Components/Library/libMac_JN516x.a(TAMrxEnable.o)
                0x000889f4                _vTAMRXEint2Fired
 .text.bSecurityLevelCheckingAlgorithm
                0x00088a36       0x25 /cygdrive/c/TWESDK/TWESDK/516x/Components/Library/libMac_JN516x.a(TAMsecurity.o)
 .text.u8TSCframeIncrease
                0x00088a5b        0xf /cygdrive/c/TWESDK/TWESDK/516x/Components/Library/libMac_JN516x.a(TAMsecurity.o)
                0x00088a5b                _u8TSCframeIncrease
 .text.vTSCsetUpwardSecurity
                0x00088a6a       0x15 /cygdrive/c/TWESDK/TWESDK/516x/Components/Library/libMac_JN516x.a(TAMsecurity.o)
                0x00088a6a                _vTSCsetUpwardSecurity
 .text.vCopyToDataFromMacAddr
                0x00088a7f       0x33 /cygdrive/c/TWESDK/TWESDK/516x/Components/Library/libMac_JN516x.a(TAMsecurity.o)
 .text.vTSCpostTransmitUpdate
                0x00088ab2       0x3b /cygdrive/c/TWESDK/TWESDK/516x/Components/Library/libMac_JN516x.a(TAMsecurity.o)
                0x00088ab2                _vTSCpostTransmitUpdate
 .text.vTSCsetOutgoingInfo
                0x00088aed      0x158 /cygdrive/c/TWESDK/TWESDK/516x/Components/Library/libMac_JN516x.a(TAMsecurity.o)
                0x00088aed                _vTSCsetOutgoingInfo
 .text.vMAC_RetrieveSecurityInfoFromFrame
                0x00088c45       0x92 /cygdrive/c/TWESDK/TWESDK/516x/Components/Library/libMac_JN516x.a(TAMsecurity.o)
                0x00088c45                _vMAC_RetrieveSecurityInfoFromFrame
 .text.MAC_bLookUpKeyDescriptor
                0x00088cd7       0x7f /cygdrive/c/TWESDK/TWESDK/516x/Components/Library/libMac_JN516x.a(TAMsecurity.o)
 .text.bTSCgetOutgoingInfo2003
                0x00088d56       0x21 /cygdrive/c/TWESDK/TWESDK/516x/Components/Library/libMac_JN516x.a(TAMsecurity.o)
                0x00088d56                _bTSCgetOutgoingInfo2003
 .text.bTSCgetOutgoingInfo
                0x00088d77      0x11c /cygdrive/c/TWESDK/TWESDK/516x/Components/Library/libMac_JN516x.a(TAMsecurity.o)
                0x00088d77                _bTSCgetOutgoingInfo
 .text.vTSCgetIncomingInfo
                0x00088e93       0xc6 /cygdrive/c/TWESDK/TWESDK/516x/Components/Library/libMac_JN516x.a(TAMsecurity.o)
                0x00088e93                _vTSCgetIncomingInfo
 .text.bTSCcheckIncomingFrame
                0x00088f59      0x689 /cygdrive/c/TWESDK/TWESDK/516x/Components/Library/libMac_JN516x.a(TAMsecurity.o)
                0x00088f59                _bTSCcheckIncomingFrame
 .text.vTAStidyUpAfterFrameTX
                0x000895e2       0x26 /cygdrive/c/TWESDK/TWESDK/516x/Components/Library/libMac_JN516x.a(TAMsideways.o)
                0x000895e2                _vTAStidyUpAfterFrameTX
 .text.bTASsendCommStatusInd
                0x00089608       0x1b /cygdrive/c/TWESDK/TWESDK/516x/Components/Library/libMac_JN516x.a(TAMsideways.o)
                0x00089608                _bTASsendCommStatusInd
 .text.vTASretrieveSecurity
                0x00089623       0x24 /cygdrive/c/TWESDK/TWESDK/516x/Components/Library/libMac_JN516x.a(TAMsideways.o)
                0x00089623                _vTASretrieveSecurity
 .text.vTASretrieveFrame
                0x00089647       0x88 /cygdrive/c/TWESDK/TWESDK/516x/Components/Library/libMac_JN516x.a(TAMsideways.o)
                0x00089647                _vTASretrieveFrame
 .text.eTAStransmitRequest
                0x000896cf      0x3e3 /cygdrive/c/TWESDK/TWESDK/516x/Components/Library/libMac_JN516x.a(TAMsideways.o)
                0x000896cf                _eTAStransmitRequest
 .text.vTTIBLETimerExpired
                0x00089ab2        0xb /cygdrive/c/TWESDK/TWESDK/516x/Components/Library/libMac_JN516x.a(TAMtime.o)
                0x00089ab2                _vTTIBLETimerExpired
 .text.vTTITimer2Expired
                0x00089abd        0x8 /cygdrive/c/TWESDK/TWESDK/516x/Components/Library/libMac_JN516x.a(TAMtime.o)
                0x00089abd                _vTTITimer2Expired
 .text.vTTITimer1Expired
                0x00089ac5        0x8 /cygdrive/c/TWESDK/TWESDK/516x/Components/Library/libMac_JN516x.a(TAMtime.o)
                0x00089ac5                _vTTITimer1Expired
 .text.vTTITransactionTimerExpired
                0x00089acd       0x2f /cygdrive/c/TWESDK/TWESDK/516x/Components/Library/libMac_JN516x.a(TAMtime.o)
                0x00089acd                _vTTITransactionTimerExpired
 .text.vCmdWaitBusy
                0x00089afc        0xd /cygdrive/c/TWESDK/TWESDK/516x/Components/Library/libMac_JN516x.a(TAM_AES.o)
 .text.vEcbEncodeStripe
                0x00089b09       0x55 /cygdrive/c/TWESDK/TWESDK/516x/Components/Library/libMac_JN516x.a(TAM_AES.o)
 .text.vFromU16ToLe
                0x00089b5e        0xc /cygdrive/c/TWESDK/TWESDK/516x/Components/Library/libMac_JN516x.a(TAM_AES.o)
 .text.vFromU32ToLe
                0x00089b6a       0x18 /cygdrive/c/TWESDK/TWESDK/516x/Components/Library/libMac_JN516x.a(TAM_AES.o)
 .text.u8TAM_AES_WriteAuxilliarySecurityHeaderIntoBuffer
                0x00089b82       0x6a /cygdrive/c/TWESDK/TWESDK/516x/Components/Library/libMac_JN516x.a(TAM_AES.o)
                0x00089b82                _u8TAM_AES_WriteAuxilliarySecurityHeaderIntoBuffer
 .text.u8Write802_15_4HeaderIntoBuffer
                0x00089bec      0x110 /cygdrive/c/TWESDK/TWESDK/516x/Components/Library/libMac_JN516x.a(TAM_AES.o)
 .text.vWrite802_15_4NonceIntoBuffer
                0x00089cfc       0x4a /cygdrive/c/TWESDK/TWESDK/516x/Components/Library/libMac_JN516x.a(TAM_AES.o)
 .text.vTAM_AES_OptimisedCcmStar
                0x00089d46      0x244 /cygdrive/c/TWESDK/TWESDK/516x/Components/Library/libMac_JN516x.a(TAM_AES.o)
                0x00089d46                _vTAM_AES_OptimisedCcmStar
 .text.bTAM_AES_CCMstarPatch2006
                0x00089f8a       0xf4 /cygdrive/c/TWESDK/TWESDK/516x/Components/Library/libMac_JN516x.a(TAM_AES.o)
                0x00089f8a                _bTAM_AES_CCMstarPatch2006
 .text.bTAM_AES_CCMstarPatch
                0x0008a07e       0xfe /cygdrive/c/TWESDK/TWESDK/516x/Components/Library/libMac_JN516x.a(TAM_AES.o)
                0x0008a07e                _bTAM_AES_CCMstarPatch
 .text.MAC_u8AclFindInfo
                0x0008a17c      0x118 /cygdrive/c/TWESDK/TWESDK/516x/Components/Library/libMac_JN516x.a(mac_acl.o)
                0x0008a17c                _MAC_u8AclFindInfo
 .text.vMAC_MISCorphanReceived
                0x0008a294       0x4f /cygdrive/c/TWESDK/TWESDK/516x/Components/Library/libMac_JN516x.a(mac_misc.o)
                0x0008a294                _vMAC_MISCorphanReceived
 .text.vMAC_MISCpollConfirm
                0x0008a2e3       0x35 /cygdrive/c/TWESDK/TWESDK/516x/Components/Library/libMac_JN516x.a(mac_misc.o)
                0x0008a2e3                _vMAC_MISCpollConfirm
 .text.vMAC_MISCpollRequest
                0x0008a318       0xbe /cygdrive/c/TWESDK/TWESDK/516x/Components/Library/libMac_JN516x.a(mac_misc.o)
                0x0008a318                _vMAC_MISCpollRequest
 .text.vMAC_MISCorphanResponse
                0x0008a3d6       0xc4 /cygdrive/c/TWESDK/TWESDK/516x/Components/Library/libMac_JN516x.a(mac_misc.o)
                0x0008a3d6                _vMAC_MISCorphanResponse
 .text.bPollReqSent
                0x0008a49a       0x1e /cygdrive/c/TWESDK/TWESDK/516x/Components/Library/libMac_JN516x.a(mac_misc.o)
 .text.vUpdateRegisters
                0x0008a4b8       0x4b /cygdrive/c/TWESDK/TWESDK/516x/Components/Library/libXcv_JN516x.a(xcv_main.o)
 .text.XCV_vCtor
                0x0008a503      0x1ae /cygdrive/c/TWESDK/TWESDK/516x/Components/Library/libXcv_JN516x.a(xcv_main.o)
                0x0008a503                _XCV_vCtor
 .text.XCV_vDevWriteIER
                0x0008a6b1        0xa /cygdrive/c/TWESDK/TWESDK/516x/Components/Library/libXcv_JN516x.a(xcv_access.o)
                0x0008a6b1                _XCV_vDevWriteIER
 .text.XCV_vDevRMW_IER
                0x0008a6bb       0x19 /cygdrive/c/TWESDK/TWESDK/516x/Components/Library/libXcv_JN516x.a(xcv_access.o)
                0x0008a6bb                _XCV_vDevRMW_IER
 .text.vXCV_IntHandlerBbc
                0x0008a6d4       0x62 /cygdrive/c/TWESDK/TWESDK/516x/Components/Library/libXcv_JN516x.a(xcv_isr.o)
                0x0008a6d4                _vXCV_IntHandlerBbc
 .text.vXCV_IntHandlerPhy
                0x0008a736       0xab /cygdrive/c/TWESDK/TWESDK/516x/Components/Library/libXcv_JN516x.a(xcv_isr.o)
                0x0008a736                _vXCV_IntHandlerPhy
 .text.bACI_CCMstar
                0x0008a7e1       0x66 /cygdrive/c/TWESDK/TWESDK/516x/Components/Library/libAes_JN516x.a(AEScoprocessorCCM.o)
                0x0008a7e1                _bACI_CCMstar
 .text.TSV_eInit
                0x0008a847       0x1d /cygdrive/c/TWESDK/TWESDK/516x/Components/Library/libTimerServer_JN516x.a(tsv_main.o)
                0x0008a847                _TSV_eInit
 .text.TSV_eOpen
                0x0008a864        0x8 /cygdrive/c/TWESDK/TWESDK/516x/Components/Library/libTimerServer_JN516x.a(tsv_main.o)
                0x0008a864                _TSV_eOpen
 .text.psRemove
                0x0008a86c       0x47 /cygdrive/c/TWESDK/TWESDK/516x/Components/Library/libTimerServer_JN516x.a(tsv_main.o)
 .text.vExpireHead
                0x0008a8b3       0x31 /cygdrive/c/TWESDK/TWESDK/516x/Components/Library/libTimerServer_JN516x.a(tsv_main.o)
 .text.TSV_eExpireProc
                0x0008a8e4       0x2b /cygdrive/c/TWESDK/TWESDK/516x/Components/Library/libTimerServer_JN516x.a(tsv_main.o)
                0x0008a8e4                _TSV_eExpireProc
 .text.TSV_eStart
                0x0008a90f       0xcf /cygdrive/c/TWESDK/TWESDK/516x/Components/Library/libTimerServer_JN516x.a(tsv_main.o)
                0x0008a90f                _TSV_eStart
 .text.TSV_eStop
                0x0008a9de       0x79 /cygdrive/c/TWESDK/TWESDK/516x/Components/Library/libTimerServer_JN516x.a(tsv_main.o)
                0x0008a9de                _TSV_eStop
 .text.vAHI_IntHandlerAnalogPeriph
                0x0008aa57       0x20 /cygdrive/c/TWESDK/TWESDK/516x/Components/Library/libHardwareApi_JN516x.a(AHI_Analogue.o)
                0x0008aa57                _vAHI_IntHandlerAnalogPeriph
 .text.vAHI_APRegisterCallback
                0x0008aa77        0x9 /cygdrive/c/TWESDK/TWESDK/516x/Components/Library/libHardwareApi_JN516x.a(AHI_Analogue.o)
                0x0008aa77                _vAHI_APRegisterCallback
 .text.vAHI_BrownOutConfigure
                0x0008aa80       0x4e /cygdrive/c/TWESDK/TWESDK/516x/Components/Library/libHardwareApi_JN516x.a(AHI_BrownOut.o)
                0x0008aa80                _vAHI_BrownOutConfigure
 .text.vAHI_DioSetDirection
                0x0008aace       0x14 /cygdrive/c/TWESDK/TWESDK/516x/Components/Library/libHardwareApi_JN516x.a(AHI_Dio.o)
                0x0008aace                _vAHI_DioSetDirection
 .text.vAHI_DioSetOutput
                0x0008aae2       0x14 /cygdrive/c/TWESDK/TWESDK/516x/Components/Library/libHardwareApi_JN516x.a(AHI_Dio.o)
                0x0008aae2                _vAHI_DioSetOutput
 .text.u32AHI_DioWakeStatus
                0x0008aaf6       0x11 /cygdrive/c/TWESDK/TWESDK/516x/Components/Library/libHardwareApi_JN516x.a(AHI_Dio.o)
                0x0008aaf6                _u32AHI_DioWakeStatus
 .text.vAHI_DioSetPullup
                0x0008ab07       0x20 /cygdrive/c/TWESDK/TWESDK/516x/Components/Library/libHardwareApi_JN516x.a(AHI_Dio.o)
                0x0008ab07                _vAHI_DioSetPullup
 .text.vAHI_DioWakeEnable
                0x0008ab27       0x20 /cygdrive/c/TWESDK/TWESDK/516x/Components/Library/libHardwareApi_JN516x.a(AHI_Dio.o)
                0x0008ab27                _vAHI_DioWakeEnable
 .text.vAHI_DioWakeEdge
                0x0008ab47       0x20 /cygdrive/c/TWESDK/TWESDK/516x/Components/Library/libHardwareApi_JN516x.a(AHI_Dio.o)
                0x0008ab47                _vAHI_DioWakeEdge
 .text.u32AHI_Init
                0x0008ab67       0xc5 /cygdrive/c/TWESDK/TWESDK/516x/Components/Library/libHardwareApi_JN516x.a(AHI_Init.o)
                0x0008ab67                _u32AHI_Init
 .text          0x0008ac2c       0x27 /cygdrive/c/TWESDK/TWESDK/516x/Components/Library/libHardwareApi_JN516x.a(AHI_Interrupt.o)
                0x0008ac4a                _vAHI_InterruptSetActivePriorityLevel
                0x0008ac2c                _vAHI_InterruptSetPriority
 .text.vAHI_SwReset
                0x0008ac53        0x9 /cygdrive/c/TWESDK/TWESDK/516x/Components/Library/libHardwareApi_JN516x.a(AHI_Reset.o)
                0x0008ac53                _vAHI_SwReset
 .text.vAHI_IntHandlerSi
                0x0008ac5c       0x45 /cygdrive/c/TWESDK/TWESDK/516x/Components/Library/libHardwareApi_JN516x.a(AHI_Si.o)
                0x0008ac5c                _vAHI_IntHandlerSi
 .text.vAHI_SiRegisterCallback
                0x0008aca1        0x9 /cygdrive/c/TWESDK/TWESDK/516x/Components/Library/libHardwareApi_JN516x.a(AHI_Si.o)
                0x0008aca1                _vAHI_SiRegisterCallback
 .text.vAHI_IntHandlerSpiMaster
                0x0008acaa       0x26 /cygdrive/c/TWESDK/TWESDK/516x/Components/Library/libHardwareApi_JN516x.a(AHI_Spi.o)
                0x0008acaa                _vAHI_IntHandlerSpiMaster
 .text.vAHI_SpiRegisterCallback
                0x0008acd0        0x9 /cygdrive/c/TWESDK/TWESDK/516x/Components/Library/libHardwareApi_JN516x.a(AHI_Spi.o)
                0x0008acd0                _vAHI_SpiRegisterCallback
 .text.u8AHI_PowerStatus
                0x0008acd9        0xa /cygdrive/c/TWESDK/TWESDK/516x/Components/Library/libHardwareApi_JN516x.a(AHI_System.o)
                0x0008acd9                _u8AHI_PowerStatus
 .text.vAHI_ProtocolPower
                0x0008ace3       0x17 /cygdrive/c/TWESDK/TWESDK/516x/Components/Library/libHardwareApi_JN516x.a(AHI_System.o)
                0x0008ace3                _vAHI_ProtocolPower
 .text.vAHI_CpuDoze
                0x0008acfa       0x13 /cygdrive/c/TWESDK/TWESDK/516x/Components/Library/libHardwareApi_JN516x.a(AHI_System.o)
                0x0008acfa                _vAHI_CpuDoze
 .text.vAHI_SysCtrlRegisterCallback